Archive member included to satisfy reference by file (symbol)

app/libapp.a(main.c.obj)      (--whole-archive)
zephyr/libzephyr.a(cbprintf.c.obj)
                              (--whole-archive)
zephyr/libzephyr.a(cbprintf_packaged.c.obj)
                              (--whole-archive)
zephyr/libzephyr.a(crc32c_sw.c.obj)
                              (--whole-archive)
zephyr/libzephyr.a(crc32_sw.c.obj)
                              (--whole-archive)
zephyr/libzephyr.a(crc16_sw.c.obj)
                              (--whole-archive)
zephyr/libzephyr.a(crc8_sw.c.obj)
                              (--whole-archive)
zephyr/libzephyr.a(crc7_sw.c.obj)
                              (--whole-archive)
zephyr/libzephyr.a(dec.c.obj)
                              (--whole-archive)
zephyr/libzephyr.a(fdtable.c.obj)
                              (--whole-archive)
zephyr/libzephyr.a(hex.c.obj)
                              (--whole-archive)
zephyr/libzephyr.a(notify.c.obj)
                              (--whole-archive)
zephyr/libzephyr.a(printk.c.obj)
                              (--whole-archive)
zephyr/libzephyr.a(onoff.c.obj)
                              (--whole-archive)
zephyr/libzephyr.a(rb.c.obj)  (--whole-archive)
zephyr/libzephyr.a(sem.c.obj)
                              (--whole-archive)
zephyr/libzephyr.a(thread_entry.c.obj)
                              (--whole-archive)
zephyr/libzephyr.a(timeutil.c.obj)
                              (--whole-archive)
zephyr/libzephyr.a(heap.c.obj)
                              (--whole-archive)
zephyr/libzephyr.a(heap-validate.c.obj)
                              (--whole-archive)
zephyr/libzephyr.a(bitarray.c.obj)
                              (--whole-archive)
zephyr/libzephyr.a(multi_heap.c.obj)
                              (--whole-archive)
zephyr/libzephyr.a(cbprintf_complete.c.obj)
                              (--whole-archive)
zephyr/libzephyr.a(mpsc_pbuf.c.obj)
                              (--whole-archive)
zephyr/libzephyr.a(configs.c.obj)
                              (--whole-archive)
zephyr/libzephyr.a(soc.c.obj)
                              (--whole-archive)
zephyr/libzephyr.a(stm32cube_hal.c.obj)
                              (--whole-archive)
zephyr/libzephyr.a(soc_config.c.obj)
                              (--whole-archive)
zephyr/libzephyr.a(log_list.c.obj)
                              (--whole-archive)
zephyr/libzephyr.a(log_core.c.obj)
                              (--whole-archive)
zephyr/libzephyr.a(log_mgmt.c.obj)
                              (--whole-archive)
zephyr/libzephyr.a(log_msg.c.obj)
                              (--whole-archive)
zephyr/libzephyr.a(log_output.c.obj)
                              (--whole-archive)
zephyr/libzephyr.a(log_msg2.c.obj)
                              (--whole-archive)
zephyr/libzephyr.a(log_backend_uart.c.obj)
                              (--whole-archive)
zephyr/libzephyr.a(cpp_init.c.obj)
                              (--whole-archive)
zephyr/libzephyr.a(cpp_init_array.c.obj)
                              (--whole-archive)
zephyr/libzephyr.a(cpp_ctors.c.obj)
                              (--whole-archive)
zephyr/libzephyr.a(cpp_dtors.c.obj)
                              (--whole-archive)
zephyr/libzephyr.a(tracing_none.c.obj)
                              (--whole-archive)
zephyr/arch/common/libarch__common.a(sw_isr_common.c.obj)
                              (--whole-archive)
zephyr/arch/arch/arm/core/aarch32/libarch__arm__core__aarch32.a(cpu_idle.S.obj)
                              (--whole-archive)
zephyr/arch/arch/arm/core/aarch32/libarch__arm__core__aarch32.a(fatal.c.obj)
                              (--whole-archive)
zephyr/arch/arch/arm/core/aarch32/libarch__arm__core__aarch32.a(irq_manage.c.obj)
                              (--whole-archive)
zephyr/arch/arch/arm/core/aarch32/libarch__arm__core__aarch32.a(nmi.c.obj)
                              (--whole-archive)
zephyr/arch/arch/arm/core/aarch32/libarch__arm__core__aarch32.a(nmi_on_reset.S.obj)
                              (--whole-archive)
zephyr/arch/arch/arm/core/aarch32/libarch__arm__core__aarch32.a(prep_c.c.obj)
                              (--whole-archive)
zephyr/arch/arch/arm/core/aarch32/libarch__arm__core__aarch32.a(swap.c.obj)
                              (--whole-archive)
zephyr/arch/arch/arm/core/aarch32/libarch__arm__core__aarch32.a(swap_helper.S.obj)
                              (--whole-archive)
zephyr/arch/arch/arm/core/aarch32/libarch__arm__core__aarch32.a(thread.c.obj)
                              (--whole-archive)
zephyr/arch/arch/arm/core/aarch32/libarch__arm__core__aarch32.a(isr_wrapper.S.obj)
                              (--whole-archive)
zephyr/arch/arch/arm/core/aarch32/libarch__arm__core__aarch32.a(__aeabi_atexit.c.obj)
                              (--whole-archive)
zephyr/arch/arch/arm/core/aarch32/cortex_m/libarch__arm__core__aarch32__cortex_m.a(exc_exit.S.obj)
                              (--whole-archive)
[...]
Memory Configuration

Name             Origin             Length             Attributes
FLASH            0x0000000008000000 0x0000000000080000 xr
SRAM             0x0000000020000000 0x0000000000028000 xw
IDT_LIST         0x00000000fffff7ff 0x0000000000000800 xw
*default*        0x0000000000000000 0xffffffffffffffff

Linker script and memory map

LOAD zephyr/CMakeFiles/zephyr_pre0.dir/misc/empty_file.c.obj
LOAD zephyr/CMakeFiles/offsets.dir/./arch/arm/core/offsets/offsets.c.obj
                0x0000000000000020                _region_min_align = 0x20

.rel.plt        0x0000000008000000        0x0
 *(SORT_BY_ALIGNMENT(.rel.plt))
                [!provide]                        PROVIDE (__rel_iplt_start = .)
 *(SORT_BY_ALIGNMENT(.rel.iplt))
 .rel.iplt      0x0000000008000000        0x0 app/libapp.a(main.c.obj)
                [!provide]                        PROVIDE (__rel_iplt_end = .)

.rela.plt       0x0000000000000000        0x0
 *(SORT_BY_ALIGNMENT(.rela.plt))
                [!provide]                        PROVIDE (__rela_iplt_start = .)
 *(SORT_BY_ALIGNMENT(.rela.iplt))
                [!provide]                        PROVIDE (__rela_iplt_end = .)

.rel.dyn
 *(SORT_BY_ALIGNMENT(.rel.*))

.rela.dyn
 *(SORT_BY_ALIGNMENT(.rela.*))

/DISCARD/
 *(SORT_BY_ALIGNMENT(.plt))
 *(SORT_BY_ALIGNMENT(.iplt))
 *(SORT_BY_ALIGNMENT(.got.plt))
 *(SORT_BY_ALIGNMENT(.igot.plt))
 *(SORT_BY_ALIGNMENT(.got))
 *(SORT_BY_ALIGNMENT(.igot))
 *(SORT_BY_ALIGNMENT(.note.GNU-stack))
                0x0000000008000000                __rom_region_start = 0x8000000

rom_start       0x0000000008000000      0x194
                0x0000000000000000                . = 0x0
                0x0000000000000000                . = ALIGN (0x4)
                0x0000000000000000                . = ALIGN (0x80)
                0x0000000000000000                . = ALIGN (0x200)
                0x0000000008000000                _vector_start = .
 *(SORT_BY_ALIGNMENT(.exc_vector_table))
 *(SORT_BY_ALIGNMENT(.exc_vector_table.*))
 .exc_vector_table._vector_table_section
                0x0000000008000000       0x40 zephyr/arch/arch/arm/core/aarch32/cortex_m/libarch__arm__core__aarch32__cortex_m.a(vector_table.S.obj)
                0x0000000008000000                _vector_table
 *(SORT_BY_ALIGNMENT(.gnu.linkonce.irq_vector_table*))
 .gnu.linkonce.irq_vector_table
                0x0000000008000040      0x154 zephyr/arch/common/libisr_tables.a(isr_tables.c.obj)
                0x0000000008000040                _irq_vector_table
 *(SORT_BY_ALIGNMENT(.vectors))
                0x0000000008000194                _vector_end = .

text            0x00000000080001a0    0x10e1a
                0x00000000080001a0                __text_region_start = .
 *(SORT_BY_ALIGNMENT(.text))
 .text          0x00000000080001a0       0xa0 /opt/zephyr-sdk/arm-zephyr-eabi/arm-zephyr-eabi/lib/thumb/v7e-m/nofp/libc_nano.a(lib_a-memchr.o)
                0x00000000080001a0                memchr
 .text          0x0000000008000240      0x378 /opt/zephyr-sdk/arm-zephyr-eabi/bin/../lib/gcc/arm-zephyr-eabi/10.3.0/thumb/v7e-m/nofp/libgcc.a(_arm_addsubdf3.o)
                0x0000000008000240                __aeabi_drsub
                0x0000000008000248                __aeabi_dsub
                0x0000000008000248                __subdf3
                0x000000000800024c                __adddf3
                0x000000000800024c                __aeabi_dadd
                0x00000000080004c4                __aeabi_ui2d
                0x00000000080004c4                __floatunsidf
                0x00000000080004e4                __floatsidf
                0x00000000080004e4                __aeabi_i2d
                0x0000000008000508                __extendsfdf2
                0x0000000008000508                __aeabi_f2d
                0x000000000800054c                __aeabi_ul2d
                0x000000000800054c                __floatundidf
                0x000000000800055c                __floatdidf
                0x000000000800055c                __aeabi_l2d
 .text          0x00000000080005b8      0x424 /opt/zephyr-sdk/arm-zephyr-eabi/bin/../lib/gcc/arm-zephyr-eabi/10.3.0/thumb/v7e-m/nofp/libgcc.a(_arm_muldivdf3.o)
                0x00000000080005b8                __aeabi_dmul
                0x00000000080005b8                __muldf3
                0x000000000800080c                __aeabi_ddiv
                0x000000000800080c                __divdf3
 .text          0x00000000080009dc       0x30 /opt/zephyr-sdk/arm-zephyr-eabi/bin/../lib/gcc/arm-zephyr-eabi/10.3.0/thumb/v7e-m/nofp/libgcc.a(_aeabi_uldivmod.o)
                0x00000000080009dc                __aeabi_uldivmod
 .text          0x0000000008000a0c        0x4 /opt/zephyr-sdk/arm-zephyr-eabi/bin/../lib/gcc/arm-zephyr-eabi/10.3.0/thumb/v7e-m/nofp/libgcc.a(_dvmd_tls.o)
                0x0000000008000a0c                __aeabi_ldiv0
                0x0000000008000a0c                __aeabi_idiv0
 .text          0x0000000008000a10      0x110 /opt/zephyr-sdk/arm-zephyr-eabi/bin/../lib/gcc/arm-zephyr-eabi/10.3.0/thumb/v7e-m/nofp/libgcc.a(_arm_cmpdf2.o)
                0x0000000008000a10                __gtdf2
                0x0000000008000a10                __gedf2
                0x0000000008000a18                __ltdf2
                0x0000000008000a18                __ledf2
                0x0000000008000a20                __cmpdf2
                0x0000000008000a20                __eqdf2
                0x0000000008000a20                __nedf2
                0x0000000008000a9c                __aeabi_cdrcmple
                0x0000000008000aac                __aeabi_cdcmple
                0x0000000008000aac                __aeabi_cdcmpeq
                0x0000000008000abc                __aeabi_dcmpeq
                0x0000000008000ad0                __aeabi_dcmplt
                0x0000000008000ae4                __aeabi_dcmple
                0x0000000008000af8                __aeabi_dcmpge
                0x0000000008000b0c                __aeabi_dcmpgt
 .text          0x0000000008000b20       0x2c /opt/zephyr-sdk/arm-zephyr-eabi/bin/../lib/gcc/arm-zephyr-eabi/10.3.0/thumb/v7e-m/nofp/libgcc.a(_arm_unorddf2.o)
                0x0000000008000b20                __aeabi_dcmpun
                0x0000000008000b20                __unorddf2
 .text          0x0000000008000b4c       0x50 /opt/zephyr-sdk/arm-zephyr-eabi/bin/../lib/gcc/arm-zephyr-eabi/10.3.0/thumb/v7e-m/nofp/libgcc.a(_arm_fixdfsi.o)
                0x0000000008000b4c                __fixdfsi
                0x0000000008000b4c                __aeabi_d2iz
 .text          0x0000000008000b9c      0x2a6 /opt/zephyr-sdk/arm-zephyr-eabi/bin/../lib/gcc/arm-zephyr-eabi/10.3.0/thumb/v7e-m/nofp/libgcc.a(_udivmoddi4.o)
                0x0000000008000b9c                __udivmoddi4
 .text          0x0000000008000e42       0x14 /opt/zephyr-sdk/arm-zephyr-eabi/arm-zephyr-eabi/lib/thumb/v7e-m/nofp/libc_nano.a(lib_a-strcmp.o)
                0x0000000008000e42                strcmp
 .text          0x0000000008000e56       0x10 /opt/zephyr-sdk/arm-zephyr-eabi/arm-zephyr-eabi/lib/thumb/v7e-m/nofp/libc_nano.a(lib_a-strlen.o)
                0x0000000008000e56                strlen
 *(SORT_BY_ALIGNMENT(.text.*))
 *fill*         0x0000000008000e66        0x2 
 .text._dtoa_r  0x0000000008000e68      0xbdc /opt/zephyr-sdk/arm-zephyr-eabi/arm-zephyr-eabi/lib/thumb/v7e-m/nofp/libc_nano.a(lib_a-dtoa.o)
                0x0000000008000e68                _dtoa_r
 .text.event_cb
                0x0000000008001a44       0x28 app/libapp.a(main.c.obj)
                0x0000000008001a44                event_cb
 .text.work_uart_data_proc_handler
                0x0000000008001a6c      0x12c app/libapp.a(main.c.obj)
                0x0000000008001a6c                work_uart_data_proc_handler
 .text.task_radio
                0x0000000008001b98      0x320 app/libapp.a(main.c.obj)
                0x0000000008001b98                task_radio
 .text.task_print_terminal
                0x0000000008001eb8      0x13c app/libapp.a(main.c.obj)
                0x0000000008001eb8                task_print_terminal
 .text.cbvprintf_package
                0x0000000008001ff4      0x470 zephyr/libzephyr.a(cbprintf_packaged.c.obj)
                0x0000000008001ff4                cbvprintf_package
 .text.char_out
                0x0000000008002464       0x14 zephyr/libzephyr.a(printk.c.obj)
 .text.__printk_hook_install
                0x0000000008002478        0xc zephyr/libzephyr.a(printk.c.obj)
                0x0000000008002478                __printk_hook_install
 .text.vprintk  0x0000000008002484       0x20 zephyr/libzephyr.a(printk.c.obj)
                0x0000000008002484                vprintk
 .text.vsnprintk
                0x00000000080024a4       0x2c zephyr/libzephyr.a(printk.c.obj)
                0x00000000080024a4                vsnprintk
 .text.extract_decimal
                0x00000000080024d0       0x2c zephyr/libzephyr.a(cbprintf_complete.c.obj)
 .text.extract_conversion
                0x00000000080024fc      0x314 zephyr/libzephyr.a(cbprintf_complete.c.obj)
 .text.encode_uint
                0x0000000008002810       0xe0 zephyr/libzephyr.a(cbprintf_complete.c.obj)
 .text.cbvprintf
                0x00000000080028f0      0x5d0 zephyr/libzephyr.a(cbprintf_complete.c.obj)
                0x00000000080028f0                cbvprintf
 .text.stm32l4_init
                0x0000000008002ec0       0x2c zephyr/libzephyr.a(soc.c.obj)
 .text.thread_set
                0x0000000008002eec       0x28 zephyr/libzephyr.a(log_core.c.obj)
 .text.log_process_thread_timer_expiry_fn
                0x0000000008002f14       0x10 zephyr/libzephyr.a(log_core.c.obj)
 .text.enable_logger
                0x0000000008002f24       0x5c zephyr/libzephyr.a(log_core.c.obj)
 .text.log_init
                0x0000000008002f80       0x70 zephyr/libzephyr.a(log_core.c.obj)
                0x0000000008002f80                log_init
 .text.log_set_timestamp_func
                0x0000000008002ff0       0x1c zephyr/libzephyr.a(log_core.c.obj)
                0x0000000008002ff0                log_set_timestamp_func
 .text.z_log_notify_backend_enabled
                0x000000000800300c       0x20 zephyr/libzephyr.a(log_core.c.obj)
                0x000000000800300c                z_log_notify_backend_enabled
 .text.z_log_dropped
                0x000000000800302c       0x40 zephyr/libzephyr.a(log_core.c.obj)
                0x000000000800302c                z_log_dropped
 .text.z_log_dropped_read_and_clear
                0x000000000800306c       0x20 zephyr/libzephyr.a(log_core.c.obj)
                0x000000000800306c                z_log_dropped_read_and_clear
 .text.dropped_notify
                0x000000000800308c       0x44 zephyr/libzephyr.a(log_core.c.obj)
                0x000000000800308c                dropped_notify
 .text.z_log_dropped_pending
                0x00000000080030d0       0x14 zephyr/libzephyr.a(log_core.c.obj)
                0x00000000080030d0                z_log_dropped_pending
 .text.z_log_msg2_init
                0x00000000080030e4       0x14 zephyr/libzephyr.a(log_core.c.obj)
                0x00000000080030e4                z_log_msg2_init
 .text.log_core_init
                0x00000000080030f8       0x28 zephyr/libzephyr.a(log_core.c.obj)
                0x00000000080030f8                log_core_init
 .text.z_log_msg2_alloc
                0x0000000008003120       0x14 zephyr/libzephyr.a(log_core.c.obj)
                0x0000000008003120                z_log_msg2_alloc
 .text.z_log_msg2_claim
                0x0000000008003134       0x10 zephyr/libzephyr.a(log_core.c.obj)
                0x0000000008003134                z_log_msg2_claim
 .text.z_log_msg2_free
                0x0000000008003144       0x10 zephyr/libzephyr.a(log_core.c.obj)
                0x0000000008003144                z_log_msg2_free
 .text.msg_process
                0x0000000008003154       0x54 zephyr/libzephyr.a(log_core.c.obj)
 .text.z_log_msg2_pending
                0x00000000080031a8       0x10 zephyr/libzephyr.a(log_core.c.obj)
                0x00000000080031a8                z_log_msg2_pending
 .text.z_impl_log_process
                0x00000000080031b8       0x54 zephyr/libzephyr.a(log_core.c.obj)
                0x00000000080031b8                z_impl_log_process
 .text.z_log_msg_post_finalize
                0x000000000800320c       0x90 zephyr/libzephyr.a(log_core.c.obj)
 .text.z_log_msg2_commit
                0x000000000800329c       0x24 zephyr/libzephyr.a(log_core.c.obj)
                0x000000000800329c                z_log_msg2_commit
 .text.z_impl_log_panic
                0x00000000080032c0       0x58 zephyr/libzephyr.a(log_core.c.obj)
                0x00000000080032c0                z_impl_log_panic
 .text.log_process_thread_func
                0x0000000008003318       0x2c zephyr/libzephyr.a(log_core.c.obj)
 .text.log_source_name_get
                0x0000000008003344       0x20 zephyr/libzephyr.a(log_mgmt.c.obj)
                0x0000000008003344                log_source_name_get
 .text.log_backend_enable
                0x0000000008003364       0x24 zephyr/libzephyr.a(log_mgmt.c.obj)
                0x0000000008003364                log_backend_enable
 .text.print_formatted
                0x0000000008003388       0x24 zephyr/libzephyr.a(log_output.c.obj)
 .text.timestamp_print
                0x00000000080033ac       0x8c zephyr/libzephyr.a(log_output.c.obj)
 .text.color_print
                0x0000000008003438       0x2c zephyr/libzephyr.a(log_output.c.obj)
 .text.newline_print
                0x0000000008003464       0x28 zephyr/libzephyr.a(log_output.c.obj)
 .text.hexdump_line_print
                0x000000000800348c       0xc4 zephyr/libzephyr.a(log_output.c.obj)
 .text.ids_print
                0x0000000008003550       0x6c zephyr/libzephyr.a(log_output.c.obj)
 .text.prefix_print
                0x00000000080035bc       0x78 zephyr/libzephyr.a(log_output.c.obj)
 .text.log_output_msg2_process
                0x0000000008003634       0xb8 zephyr/libzephyr.a(log_output.c.obj)
                0x0000000008003634                log_output_msg2_process
 .text.log_output_dropped_process
                0x00000000080036ec       0x58 zephyr/libzephyr.a(log_output.c.obj)
                0x00000000080036ec                log_output_dropped_process
 .text.log_output_timestamp_freq_set
                0x0000000008003744       0x2c zephyr/libzephyr.a(log_output.c.obj)
                0x0000000008003744                log_output_timestamp_freq_set
 .text.char_out
                0x0000000008003770       0x24 zephyr/libzephyr.a(log_backend_uart.c.obj)
 .text.log_backend_uart_init
                0x0000000008003794       0x10 zephyr/libzephyr.a(log_backend_uart.c.obj)
 .text.panic    0x00000000080037a4       0x18 zephyr/libzephyr.a(log_backend_uart.c.obj)
 .text.dropped  0x00000000080037bc       0x10 zephyr/libzephyr.a(log_backend_uart.c.obj)
 .text.process  0x00000000080037cc       0x10 zephyr/libzephyr.a(log_backend_uart.c.obj)
 .text.__do_init_array_aux
                0x00000000080037dc       0x1c zephyr/libzephyr.a(cpp_init_array.c.obj)
                0x00000000080037dc                __do_init_array_aux
 .text.__do_global_ctors_aux
                0x00000000080037f8       0x20 zephyr/libzephyr.a(cpp_ctors.c.obj)
                0x00000000080037f8                __do_global_ctors_aux
 .text.z_arm_cpu_idle_init
                0x0000000008003818        0xc zephyr/arch/arch/arm/core/aarch32/libarch__arm__core__aarch32.a(cpu_idle.S.obj)
                0x0000000008003818                z_arm_cpu_idle_init
 .text.arch_cpu_idle
                0x0000000008003824       0x1c zephyr/arch/arch/arm/core/aarch32/libarch__arm__core__aarch32.a(cpu_idle.S.obj)
                0x0000000008003824                arch_cpu_idle
 .text.esf_dump
                0x0000000008003840      0x1dc zephyr/arch/arch/arm/core/aarch32/libarch__arm__core__aarch32.a(fatal.c.obj)
 .text.arch_irq_enable
                0x0000000008003a1c       0x1c zephyr/arch/arch/arm/core/aarch32/libarch__arm__core__aarch32.a(irq_manage.c.obj)
                0x0000000008003a1c                arch_irq_enable
 .text.arch_irq_disable
                0x0000000008003a38       0x28 zephyr/arch/arch/arm/core/aarch32/libarch__arm__core__aarch32.a(irq_manage.c.obj)
                0x0000000008003a38                arch_irq_disable
 .text.arch_irq_is_enabled
                0x0000000008003a60       0x1c zephyr/arch/arch/arm/core/aarch32/libarch__arm__core__aarch32.a(irq_manage.c.obj)
                0x0000000008003a60                arch_irq_is_enabled
 .text.z_arm_irq_priority_set
                0x0000000008003a7c       0x2c zephyr/arch/arch/arm/core/aarch32/libarch__arm__core__aarch32.a(irq_manage.c.obj)
                0x0000000008003a7c                z_arm_irq_priority_set
 .text.z_SysNmiOnReset
                0x0000000008003aa8        0x8 zephyr/arch/arch/arm/core/aarch32/libarch__arm__core__aarch32.a(nmi_on_reset.S.obj)
                0x0000000008003aa8                z_SysNmiOnReset
 .text.z_arm_prep_c
                0x0000000008003ab0       0x48 zephyr/arch/arch/arm/core/aarch32/libarch__arm__core__aarch32.a(prep_c.c.obj)
                0x0000000008003ab0                z_arm_prep_c
 .text.arch_swap
                0x0000000008003af8       0x34 zephyr/arch/arch/arm/core/aarch32/libarch__arm__core__aarch32.a(swap.c.obj)
                0x0000000008003af8                arch_swap
 .text.z_arm_pendsv
                0x0000000008003b2c       0x54 zephyr/arch/arch/arm/core/aarch32/libarch__arm__core__aarch32.a(swap_helper.S.obj)
                0x0000000008003b2c                z_arm_pendsv
 .text.z_arm_svc
                0x0000000008003b80       0x20 zephyr/arch/arch/arm/core/aarch32/libarch__arm__core__aarch32.a(swap_helper.S.obj)
                0x0000000008003b80                z_arm_svc
 .text.arch_new_thread
                0x0000000008003ba0       0x40 zephyr/arch/arch/arm/core/aarch32/libarch__arm__core__aarch32.a(thread.c.obj)
                0x0000000008003ba0                arch_new_thread
 .text.z_check_thread_stack_fail
                0x0000000008003be0       0x4c zephyr/arch/arch/arm/core/aarch32/libarch__arm__core__aarch32.a(thread.c.obj)
                0x0000000008003be0                z_check_thread_stack_fail
 .text.arch_switch_to_main_thread
                0x0000000008003c2c       0x2c zephyr/arch/arch/arm/core/aarch32/libarch__arm__core__aarch32.a(thread.c.obj)
                0x0000000008003c2c                arch_switch_to_main_thread
 .text._isr_wrapper
                0x0000000008003c58       0x28 zephyr/arch/arch/arm/core/aarch32/libarch__arm__core__aarch32.a(isr_wrapper.S.obj)
                0x0000000008003c58                _isr_wrapper
 .text._HandlerModeExit
                0x0000000008003c80       0x1c zephyr/arch/arch/arm/core/aarch32/cortex_m/libarch__arm__core__aarch32__cortex_m.a(exc_exit.S.obj)
                0x0000000008003c80                z_arm_exc_exit
                0x0000000008003c80                z_arm_int_exit
 .text.reserved_exception
                0x0000000008003c9c       0x3c zephyr/arch/arch/arm/core/aarch32/cortex_m/libarch__arm__core__aarch32__cortex_m.a(fault.c.obj)
 .text.bus_fault
                0x0000000008003cd8      0x2dc zephyr/arch/arch/arm/core/aarch32/cortex_m/libarch__arm__core__aarch32__cortex_m.a(fault.c.obj)
 .text.usage_fault
                0x0000000008003fb4      0x268 zephyr/arch/arch/arm/core/aarch32/cortex_m/libarch__arm__core__aarch32__cortex_m.a(fault.c.obj)
 .text.debug_monitor
                0x000000000800421c       0x58 zephyr/arch/arch/arm/core/aarch32/cortex_m/libarch__arm__core__aarch32__cortex_m.a(fault.c.obj)
 .text.mem_manage_fault
                0x0000000008004274      0x2c4 zephyr/arch/arch/arm/core/aarch32/cortex_m/libarch__arm__core__aarch32__cortex_m.a(fault.c.obj)
 .text.hard_fault
                0x0000000008004538      0x1f8 zephyr/arch/arch/arm/core/aarch32/cortex_m/libarch__arm__core__aarch32__cortex_m.a(fault.c.obj)
 .text.z_arm_fault
                0x0000000008004730       0xf4 zephyr/arch/arch/arm/core/aarch32/cortex_m/libarch__arm__core__aarch32__cortex_m.a(fault.c.obj)
                0x0000000008004730                z_arm_fault
 .text.z_arm_fault_init
                0x0000000008004824       0x10 zephyr/arch/arch/arm/core/aarch32/cortex_m/libarch__arm__core__aarch32__cortex_m.a(fault.c.obj)
                0x0000000008004824                z_arm_fault_init
 .text.__fault  0x0000000008004834       0x14 zephyr/arch/arch/arm/core/aarch32/cortex_m/libarch__arm__core__aarch32__cortex_m.a(fault_s.S.obj)
                0x0000000008004834                z_arm_bus_fault
                0x0000000008004834                z_arm_usage_fault
                0x0000000008004834                z_arm_mpu_fault
                0x0000000008004834                z_arm_exc_spurious
                0x0000000008004834                z_arm_debug_monitor
                0x0000000008004834                z_arm_hard_fault
 .text.z_arm_interrupt_init
                0x0000000008004848       0x34 zephyr/arch/arch/arm/core/aarch32/cortex_m/libarch__arm__core__aarch32__cortex_m.a(irq_init.c.obj)
                0x0000000008004848                z_arm_interrupt_init
 .text._reset_section
                0x000000000800487c       0x2c zephyr/arch/arch/arm/core/aarch32/cortex_m/libarch__arm__core__aarch32__cortex_m.a(reset.S.obj)
                0x000000000800487c                z_arm_reset
                0x000000000800487c                __start
 .text.z_impl_k_thread_abort
                0x00000000080048a8       0x2c zephyr/arch/arch/arm/core/aarch32/cortex_m/libarch__arm__core__aarch32__cortex_m.a(thread_abort.c.obj)
                0x00000000080048a8                z_impl_k_thread_abort
 .text.z_arm_configure_static_mpu_regions
                0x00000000080048d4       0x1c zephyr/arch/arch/arm/core/aarch32/mpu/libarch__arm__core__aarch32__mpu.a(arm_core_mpu.c.obj)
                0x00000000080048d4                z_arm_configure_static_mpu_regions
 .text.z_arm_configure_dynamic_mpu_regions
                0x00000000080048f0       0x24 zephyr/arch/arch/arm/core/aarch32/mpu/libarch__arm__core__aarch32__mpu.a(arm_core_mpu.c.obj)
                0x00000000080048f0                z_arm_configure_dynamic_mpu_regions
 .text.region_init
                0x0000000008004914       0x28 zephyr/arch/arch/arm/core/aarch32/mpu/libarch__arm__core__aarch32__mpu.a(arm_mpu.c.obj)
 .text.region_allocate_and_init
                0x000000000800493c       0x68 zephyr/arch/arch/arm/core/aarch32/mpu/libarch__arm__core__aarch32__mpu.a(arm_mpu.c.obj)
 .text.mpu_configure_regions
                0x00000000080049a4       0xa4 zephyr/arch/arch/arm/core/aarch32/mpu/libarch__arm__core__aarch32__mpu.a(arm_mpu.c.obj)
 .text.mpu_configure_static_mpu_regions
                0x0000000008004a48       0x14 zephyr/arch/arch/arm/core/aarch32/mpu/libarch__arm__core__aarch32__mpu.a(arm_mpu.c.obj)
 .text.mpu_configure_dynamic_mpu_regions
                0x0000000008004a5c       0x34 zephyr/arch/arch/arm/core/aarch32/mpu/libarch__arm__core__aarch32__mpu.a(arm_mpu.c.obj)
 .text.arm_core_mpu_enable
                0x0000000008004a90       0x18 zephyr/arch/arch/arm/core/aarch32/mpu/libarch__arm__core__aarch32__mpu.a(arm_mpu.c.obj)
                0x0000000008004a90                arm_core_mpu_enable
 .text.arm_core_mpu_disable
                0x0000000008004aa8       0x14 zephyr/arch/arch/arm/core/aarch32/mpu/libarch__arm__core__aarch32__mpu.a(arm_mpu.c.obj)
                0x0000000008004aa8                arm_core_mpu_disable
 .text.z_arm_mpu_init
                0x0000000008004abc       0x44 zephyr/arch/arch/arm/core/aarch32/mpu/libarch__arm__core__aarch32__mpu.a(arm_mpu.c.obj)
                0x0000000008004abc                z_arm_mpu_init
 .text.__stdout_hook_install
                0x0000000008004b00        0xc zephyr/lib/libc/newlib/liblib__libc__newlib.a(libc-hooks.c.obj)
                0x0000000008004b00                __stdout_hook_install
 .text.z_impl_zephyr_read_stdin
                0x0000000008004b0c       0x2c zephyr/lib/libc/newlib/liblib__libc__newlib.a(libc-hooks.c.obj)
                0x0000000008004b0c                z_impl_zephyr_read_stdin
 .text.z_impl_zephyr_write_stdout
                0x0000000008004b38       0x34 zephyr/lib/libc/newlib/liblib__libc__newlib.a(libc-hooks.c.obj)
                0x0000000008004b38                z_impl_zephyr_write_stdout
 .text._exit    0x0000000008004b6c       0x14 zephyr/lib/libc/newlib/liblib__libc__newlib.a(libc-hooks.c.obj)
                0x0000000008004b6c                _exit
 .text._sbrk    0x0000000008004b80       0x2c zephyr/lib/libc/newlib/liblib__libc__newlib.a(libc-hooks.c.obj)
                0x0000000008004b80                _sbrk
                0x0000000008004b80                sbrk
 .text.__chk_fail
                0x0000000008004bac       0x1c zephyr/lib/libc/newlib/liblib__libc__newlib.a(libc-hooks.c.obj)
                0x0000000008004bac                __chk_fail
 .text.rand_get
                0x0000000008004bc8       0x64 zephyr/subsys/random/libsubsys__random.a(rand32_entropy_device.c.obj)
 .text.__stm32_exti_isr
                0x0000000008004c2c       0x4c zephyr/drivers/interrupt_controller/libdrivers__interrupt_controller.a(intc_exti_stm32.c.obj)
 .text.stm32_exti_enable
                0x0000000008004c78       0x20 zephyr/drivers/interrupt_controller/libdrivers__interrupt_controller.a(intc_exti_stm32.c.obj)
                0x0000000008004c78                stm32_exti_enable
 .text.stm32_exti_disable
                0x0000000008004c98       0x18 zephyr/drivers/interrupt_controller/libdrivers__interrupt_controller.a(intc_exti_stm32.c.obj)
                0x0000000008004c98                stm32_exti_disable
 .text.stm32_exti_trigger
                0x0000000008004cb0       0x70 zephyr/drivers/interrupt_controller/libdrivers__interrupt_controller.a(intc_exti_stm32.c.obj)
                0x0000000008004cb0                stm32_exti_trigger
 .text.stm32_exti_set_callback
                0x0000000008004d20       0x24 zephyr/drivers/interrupt_controller/libdrivers__interrupt_controller.a(intc_exti_stm32.c.obj)
                0x0000000008004d20                stm32_exti_set_callback
 .text.stm32_exti_unset_callback
                0x0000000008004d44       0x14 zephyr/drivers/interrupt_controller/libdrivers__interrupt_controller.a(intc_exti_stm32.c.obj)
                0x0000000008004d44                stm32_exti_unset_callback
 .text.stm32_clock_control_on
                0x0000000008004d58       0xa4 zephyr/drivers/clock_control/libdrivers__clock_control.a(clock_stm32_ll_common.c.obj)
 .text.stm32_clock_control_off
                0x0000000008004dfc       0x7c zephyr/drivers/clock_control/libdrivers__clock_control.a(clock_stm32_ll_common.c.obj)
 .text.stm32_clock_control_get_subsys_rate
                0x0000000008004e78       0x40 zephyr/drivers/clock_control/libdrivers__clock_control.a(clock_stm32_ll_common.c.obj)
 .text.stm32_clock_switch_to_hsi
                0x0000000008004eb8       0x48 zephyr/drivers/clock_control/libdrivers__clock_control.a(clock_stm32_ll_common.c.obj)
 .text.stm32_clock_control_init
                0x0000000008004f00       0x54 zephyr/drivers/clock_control/libdrivers__clock_control.a(clock_stm32_ll_common.c.obj)
                0x0000000008004f00                stm32_clock_control_init
 .text.config_enable_default_clocks
                0x0000000008004f54       0x20 zephyr/drivers/clock_control/libdrivers__clock_control.a(clock_stm32l4_l5_wb_wl.c.obj)
                0x0000000008004f54                config_enable_default_clocks
 .text.console_out
                0x0000000008004f74       0x2c zephyr/drivers/console/libdrivers__console.a(uart_console.c.obj)
 .text.uart_console_hook_install
                0x0000000008004fa0       0x18 zephyr/drivers/console/libdrivers__console.a(uart_console.c.obj)
 .text.uart_console_init
                0x0000000008004fb8       0x24 zephyr/drivers/console/libdrivers__console.a(uart_console.c.obj)
 .text.dma_stm32_get_priority
                0x0000000008004fdc       0x8c zephyr/drivers/dma/libdrivers__dma.a(dma_stm32.c.obj)
 .text.dma_stm32_get_direction
                0x0000000008005068       0x7c zephyr/drivers/dma/libdrivers__dma.a(dma_stm32.c.obj)
 .text.dma_stm32_get_memory_increment
                0x00000000080050e4       0x78 zephyr/drivers/dma/libdrivers__dma.a(dma_stm32.c.obj)
 .text.dma_stm32_get_periph_increment
                0x000000000800515c       0x78 zephyr/drivers/dma/libdrivers__dma.a(dma_stm32.c.obj)
 .text.dma_stm32_irq_handler
                0x00000000080051d4      0x13c zephyr/drivers/dma/libdrivers__dma.a(dma_stm32.c.obj)
 .text.dma_stm32_get_status
                0x0000000008005310       0x4c zephyr/drivers/dma/libdrivers__dma.a(dma_stm32.c.obj)
 .text.dma_stm32_stop
                0x000000000800535c       0x50 zephyr/drivers/dma/libdrivers__dma.a(dma_stm32.c.obj)
 .text.dma_stm32_reload
                0x00000000080053ac       0xec zephyr/drivers/dma/libdrivers__dma.a(dma_stm32.c.obj)
 .text.dma_stm32_configure
                0x0000000008005498      0x578 zephyr/drivers/dma/libdrivers__dma.a(dma_stm32.c.obj)
 .text.dma_stm32_init
                0x0000000008005a10       0xb0 zephyr/drivers/dma/libdrivers__dma.a(dma_stm32.c.obj)
 .text.dma_stm32_id_to_stream
                0x0000000008005ac0        0xc zephyr/drivers/dma/libdrivers__dma.a(dma_stm32_v2.c.obj)
                0x0000000008005ac0                dma_stm32_id_to_stream
 .text.dma_stm32_clear_ht
                0x0000000008005acc       0x10 zephyr/drivers/dma/libdrivers__dma.a(dma_stm32_v2.c.obj)
                0x0000000008005acc                dma_stm32_clear_ht
 .text.dma_stm32_clear_tc
                0x0000000008005adc       0x10 zephyr/drivers/dma/libdrivers__dma.a(dma_stm32_v2.c.obj)
                0x0000000008005adc                dma_stm32_clear_tc
 .text.dma_stm32_is_ht_active
                0x0000000008005aec       0x18 zephyr/drivers/dma/libdrivers__dma.a(dma_stm32_v2.c.obj)
                0x0000000008005aec                dma_stm32_is_ht_active
 .text.dma_stm32_is_tc_active
                0x0000000008005b04       0x18 zephyr/drivers/dma/libdrivers__dma.a(dma_stm32_v2.c.obj)
                0x0000000008005b04                dma_stm32_is_tc_active
 .text.dma_stm32_clear_te
                0x0000000008005b1c       0x10 zephyr/drivers/dma/libdrivers__dma.a(dma_stm32_v2.c.obj)
                0x0000000008005b1c                dma_stm32_clear_te
 .text.dma_stm32_is_te_active
                0x0000000008005b2c       0x18 zephyr/drivers/dma/libdrivers__dma.a(dma_stm32_v2.c.obj)
                0x0000000008005b2c                dma_stm32_is_te_active
 .text.dma_stm32_is_gi_active
                0x0000000008005b44       0x18 zephyr/drivers/dma/libdrivers__dma.a(dma_stm32_v2.c.obj)
                0x0000000008005b44                dma_stm32_is_gi_active
 .text.stm32_dma_dump_stream_irq
                0x0000000008005b5c      0x12c zephyr/drivers/dma/libdrivers__dma.a(dma_stm32_v2.c.obj)
                0x0000000008005b5c                stm32_dma_dump_stream_irq
 .text.stm32_dma_is_tc_irq_active
                0x0000000008005c88       0x34 zephyr/drivers/dma/libdrivers__dma.a(dma_stm32_v2.c.obj)
                0x0000000008005c88                stm32_dma_is_tc_irq_active
 .text.stm32_dma_is_ht_irq_active
                0x0000000008005cbc       0x34 zephyr/drivers/dma/libdrivers__dma.a(dma_stm32_v2.c.obj)
                0x0000000008005cbc                stm32_dma_is_ht_irq_active
 .text.stm32_dma_enable_stream
                0x0000000008005cf0       0x1c zephyr/drivers/dma/libdrivers__dma.a(dma_stm32_v2.c.obj)
                0x0000000008005cf0                stm32_dma_enable_stream
 .text.stm32_dma_disable_stream
                0x0000000008005d0c       0x2c zephyr/drivers/dma/libdrivers__dma.a(dma_stm32_v2.c.obj)
                0x0000000008005d0c                stm32_dma_disable_stream
 .text.gpio_stm32_set_exti_source
                0x0000000008005d38       0x5c zephyr/drivers/gpio/libdrivers__gpio.a(gpio_stm32.c.obj)
 .text.gpio_stm32_get_exti_source
                0x0000000008005d94       0x4c zephyr/drivers/gpio/libdrivers__gpio.a(gpio_stm32.c.obj)
 .text.gpio_stm32_clock_request
                0x0000000008005de0       0x44 zephyr/drivers/gpio/libdrivers__gpio.a(gpio_stm32.c.obj)
 .text.gpio_stm32_enable_int
                0x0000000008005e24       0x48 zephyr/drivers/gpio/libdrivers__gpio.a(gpio_stm32.c.obj)
 .text.gpio_stm32_pin_interrupt_configure
                0x0000000008005e6c       0x94 zephyr/drivers/gpio/libdrivers__gpio.a(gpio_stm32.c.obj)
 .text.spi_stm32_get_err
                0x0000000008005f00       0x54 zephyr/drivers/spi/libdrivers__spi.a(spi_ll_stm32.c.obj)
 .text.spi_stm32_configure
                0x0000000008005f54      0x2c4 zephyr/drivers/spi/libdrivers__spi.a(spi_ll_stm32.c.obj)
 .text.spi_stm32_init
                0x0000000008006218      0x1f0 zephyr/drivers/spi/libdrivers__spi.a(spi_ll_stm32.c.obj)
 .text.transceive
                0x0000000008006408      0x1c4 zephyr/drivers/spi/libdrivers__spi.a(spi_ll_stm32.c.obj)
 .text.timer_callback
                0x00000000080065cc       0x10 zephyr/drivers/lora/libloramac-node.a(hal_common.c.obj)
 .text.RtcGetTimerElapsedTime
                0x00000000080065dc       0x1c zephyr/drivers/lora/libloramac-node.a(hal_common.c.obj)
                0x00000000080065dc                RtcGetTimerElapsedTime
 .text.RtcStopAlarm
                0x00000000080065f8       0x10 zephyr/drivers/lora/libloramac-node.a(hal_common.c.obj)
                0x00000000080065f8                RtcStopAlarm
 .text.RtcSetAlarm
                0x0000000008006608       0x2c zephyr/drivers/lora/libloramac-node.a(hal_common.c.obj)
                0x0000000008006608                RtcSetAlarm
 .text.RtcSetTimerContext
                0x0000000008006634       0x18 zephyr/drivers/lora/libloramac-node.a(hal_common.c.obj)
                0x0000000008006634                RtcSetTimerContext
 .text.RtcGetTimerContext
                0x000000000800664c        0xc zephyr/drivers/lora/libloramac-node.a(hal_common.c.obj)
                0x000000000800664c                RtcGetTimerContext
 .text.modem_release
                0x0000000008006658       0x50 zephyr/drivers/lora/libloramac-node.a(sx12xx_common.c.obj)
 .text.sx12xx_ev_rx_done
                0x00000000080066a8       0xb4 zephyr/drivers/lora/libloramac-node.a(sx12xx_common.c.obj)
 .text.sx12xx_ev_tx_done
                0x000000000800675c       0x1c zephyr/drivers/lora/libloramac-node.a(sx12xx_common.c.obj)
 .text.__sx12xx_configure_pin
                0x0000000008006778       0xa4 zephyr/drivers/lora/libloramac-node.a(sx12xx_common.c.obj)
                0x0000000008006778                __sx12xx_configure_pin
 .text.sx12xx_lora_send_async
                0x000000000800681c       0x4c zephyr/drivers/lora/libloramac-node.a(sx12xx_common.c.obj)
                0x000000000800681c                sx12xx_lora_send_async
 .text.sx12xx_lora_send
                0x0000000008006868      0x1b4 zephyr/drivers/lora/libloramac-node.a(sx12xx_common.c.obj)
                0x0000000008006868                sx12xx_lora_send
 .text.sx12xx_lora_recv
                0x0000000008006a1c      0x10c zephyr/drivers/lora/libloramac-node.a(sx12xx_common.c.obj)
                0x0000000008006a1c                sx12xx_lora_recv
 .text.sx12xx_lora_recv_async
                0x0000000008006b28       0x60 zephyr/drivers/lora/libloramac-node.a(sx12xx_common.c.obj)
                0x0000000008006b28                sx12xx_lora_recv_async
 .text.sx12xx_lora_config
                0x0000000008006b88       0xb4 zephyr/drivers/lora/libloramac-node.a(sx12xx_common.c.obj)
                0x0000000008006b88                sx12xx_lora_config
 .text.sx12xx_lora_test_cw
                0x0000000008006c3c       0x44 zephyr/drivers/lora/libloramac-node.a(sx12xx_common.c.obj)
                0x0000000008006c3c                sx12xx_lora_test_cw
 .text.sx12xx_init
                0x0000000008006c80       0x4c zephyr/drivers/lora/libloramac-node.a(sx12xx_common.c.obj)
                0x0000000008006c80                sx12xx_init
 .text.sx127x_dio_work_handle
                0x0000000008006ccc       0x1c zephyr/drivers/lora/libloramac-node.a(sx127x.c.obj)
 .text.sx127x_transceive
                0x0000000008006ce8       0x54 zephyr/drivers/lora/libloramac-node.a(sx127x.c.obj)
 .text.sx127x_irq_callback
                0x0000000008006d3c       0x50 zephyr/drivers/lora/libloramac-node.a(sx127x.c.obj)
 .text.SX1276Reset
                0x0000000008006d8c       0x68 zephyr/drivers/lora/libloramac-node.a(sx127x.c.obj)
                0x0000000008006d8c                SX1276Reset
 .text.SX1276IoIrqInit
                0x0000000008006df4      0x194 zephyr/drivers/lora/libloramac-node.a(sx127x.c.obj)
                0x0000000008006df4                SX1276IoIrqInit
 .text.SX1276ReadBuffer
                0x0000000008006f88       0x64 zephyr/drivers/lora/libloramac-node.a(sx127x.c.obj)
                0x0000000008006f88                SX1276ReadBuffer
 .text.sx127x_lora_init
                0x0000000008006fec      0x23c zephyr/drivers/lora/libloramac-node.a(sx127x.c.obj)
 .text.SX1276WriteBuffer
                0x0000000008007228       0x64 zephyr/drivers/lora/libloramac-node.a(sx127x.c.obj)
                0x0000000008007228                SX1276WriteBuffer
 .text.SX1276SetRfTxPower
                0x000000000800728c      0x178 zephyr/drivers/lora/libloramac-node.a(sx127x.c.obj)
                0x000000000800728c                SX1276SetRfTxPower
 .text.SX1276GetDio1PinState
                0x0000000008007404       0x38 zephyr/drivers/lora/libloramac-node.a(sx127x.c.obj)
                0x0000000008007404                SX1276GetDio1PinState
 .text.TimerInsertTimer
                0x000000000800743c       0x2c zephyr/drivers/lora/libloramac-node.a(timer.c.obj)
 .text.TimerExists
                0x0000000008007468       0x1c zephyr/drivers/lora/libloramac-node.a(timer.c.obj)
 .text.TimerInsertNewHeadTimer
                0x0000000008007484       0x1c zephyr/drivers/lora/libloramac-node.a(timer.c.obj)
 .text.TimerStart
                0x00000000080074a0       0x6c zephyr/drivers/lora/libloramac-node.a(timer.c.obj)
                0x00000000080074a0                TimerStart
 .text.TimerIrqHandler
                0x000000000800750c       0x88 zephyr/drivers/lora/libloramac-node.a(timer.c.obj)
                0x000000000800750c                TimerIrqHandler
 .text.TimerStop
                0x0000000008007594       0x80 zephyr/drivers/lora/libloramac-node.a(timer.c.obj)
                0x0000000008007594                TimerStop
 .text.SX1276ConvertFreqInHzToPllStep
                0x0000000008007614       0x28 zephyr/drivers/lora/libloramac-node.a(sx1276.c.obj)
 .text.GetFskBandwidthRegValue
                0x000000000800763c       0x50 zephyr/drivers/lora/libloramac-node.a(sx1276.c.obj)
 .text.SX1276GetLoRaBandwidthInHz
                0x000000000800768c       0x28 zephyr/drivers/lora/libloramac-node.a(sx1276.c.obj)
 .text.SX1276OnDio4Irq
                0x00000000080076b4       0x20 zephyr/drivers/lora/libloramac-node.a(sx1276.c.obj)
 .text.SX1276GetStatus
                0x00000000080076d4        0xc zephyr/drivers/lora/libloramac-node.a(sx1276.c.obj)
                0x00000000080076d4                SX1276GetStatus
 .text.SX1276SetChannel
                0x00000000080076e0       0x34 zephyr/drivers/lora/libloramac-node.a(sx1276.c.obj)
                0x00000000080076e0                SX1276SetChannel
 .text.SX1276OnDio3Irq
                0x0000000008007714       0x5c zephyr/drivers/lora/libloramac-node.a(sx1276.c.obj)
 .text.SX1276OnDio2Irq
                0x0000000008007770       0xf8 zephyr/drivers/lora/libloramac-node.a(sx1276.c.obj)
 .text.SX1276OnDio1Irq
                0x0000000008007868      0x148 zephyr/drivers/lora/libloramac-node.a(sx1276.c.obj)
 .text.SX1276OnDio0Irq
                0x00000000080079b0      0x2f0 zephyr/drivers/lora/libloramac-node.a(sx1276.c.obj)
 .text.RxChainCalibration
                0x0000000008007ca0       0x88 zephyr/drivers/lora/libloramac-node.a(sx1276.c.obj)
 .text.SX1276SetSleep
                0x0000000008007d28       0x3c zephyr/drivers/lora/libloramac-node.a(sx1276.c.obj)
                0x0000000008007d28                SX1276SetSleep
 .text.SX1276SetStby
                0x0000000008007d64       0x34 zephyr/drivers/lora/libloramac-node.a(sx1276.c.obj)
                0x0000000008007d64                SX1276SetStby
 .text.SX1276SetTx
                0x0000000008007d98       0xb8 zephyr/drivers/lora/libloramac-node.a(sx1276.c.obj)
 .text.SX1276Send
                0x0000000008007e50      0x124 zephyr/drivers/lora/libloramac-node.a(sx1276.c.obj)
                0x0000000008007e50                SX1276Send
 .text.SX1276SetRx
                0x0000000008007f74      0x290 zephyr/drivers/lora/libloramac-node.a(sx1276.c.obj)
                0x0000000008007f74                SX1276SetRx
 .text.SX1276ReadRssi
                0x0000000008008204       0x50 zephyr/drivers/lora/libloramac-node.a(sx1276.c.obj)
                0x0000000008008204                SX1276ReadRssi
 .text.SX1276SetModem
                0x0000000008008254       0x8c zephyr/drivers/lora/libloramac-node.a(sx1276.c.obj)
                0x0000000008008254                SX1276SetModem
 .text.SX1276Init
                0x00000000080082e0       0x88 zephyr/drivers/lora/libloramac-node.a(sx1276.c.obj)
                0x00000000080082e0                SX1276Init
 .text.SX1276SetRxConfig
                0x0000000008008368      0x2cc zephyr/drivers/lora/libloramac-node.a(sx1276.c.obj)
                0x0000000008008368                SX1276SetRxConfig
 .text.SX1276SetTxConfig
                0x0000000008008634      0x24c zephyr/drivers/lora/libloramac-node.a(sx1276.c.obj)
                0x0000000008008634                SX1276SetTxConfig
 .text.SX1276SetTxContinuousWave
                0x0000000008008880       0x80 zephyr/drivers/lora/libloramac-node.a(sx1276.c.obj)
                0x0000000008008880                SX1276SetTxContinuousWave
 .text.SX1276SetMaxPayloadLength
                0x0000000008008900       0x34 zephyr/drivers/lora/libloramac-node.a(sx1276.c.obj)
                0x0000000008008900                SX1276SetMaxPayloadLength
 .text.SX1276SetPublicNetwork
                0x0000000008008934       0x2c zephyr/drivers/lora/libloramac-node.a(sx1276.c.obj)
                0x0000000008008934                SX1276SetPublicNetwork
 .text.SX1276OnTimeoutIrq
                0x0000000008008960       0xe0 zephyr/drivers/lora/libloramac-node.a(sx1276.c.obj)
 .text.uart_stm32_async_rx_buf_rsp
                0x0000000008008a40       0xb0 zephyr/drivers/serial/libdrivers__serial.a(uart_stm32.c.obj)
 .text.uart_stm32_configure
                0x0000000008008af0      0x24c zephyr/drivers/serial/libdrivers__serial.a(uart_stm32.c.obj)
 .text.uart_stm32_async_init
                0x0000000008008d3c      0x178 zephyr/drivers/serial/libdrivers__serial.a(uart_stm32.c.obj)
 .text.uart_stm32_dma_replace_buffer
                0x0000000008008eb4      0x118 zephyr/drivers/serial/libdrivers__serial.a(uart_stm32.c.obj)
 .text.uart_stm32_async_tx_abort
                0x0000000008008fcc      0x12c zephyr/drivers/serial/libdrivers__serial.a(uart_stm32.c.obj)
 .text.uart_stm32_async_tx_timeout
                0x00000000080090f8       0x70 zephyr/drivers/serial/libdrivers__serial.a(uart_stm32.c.obj)
 .text.uart_stm32_async_rx_enable
                0x0000000008009168      0x1f4 zephyr/drivers/serial/libdrivers__serial.a(uart_stm32.c.obj)
 .text.async_evt_rx_rdy
                0x000000000800935c       0xf0 zephyr/drivers/serial/libdrivers__serial.a(uart_stm32.c.obj)
 .text.uart_stm32_async_rx_disable
                0x000000000800944c      0x100 zephyr/drivers/serial/libdrivers__serial.a(uart_stm32.c.obj)
 .text.uart_stm32_async_rx_timeout
                0x000000000800954c       0x84 zephyr/drivers/serial/libdrivers__serial.a(uart_stm32.c.obj)
 .text.uart_stm32_dma_rx_cb
                0x00000000080095d0      0x120 zephyr/drivers/serial/libdrivers__serial.a(uart_stm32.c.obj)
                0x00000000080095d0                uart_stm32_dma_rx_cb
 .text.uart_stm32_isr
                0x00000000080096f0      0x26c zephyr/drivers/serial/libdrivers__serial.a(uart_stm32.c.obj)
 .text.uart_stm32_init
                0x000000000800995c      0x1ec zephyr/drivers/serial/libdrivers__serial.a(uart_stm32.c.obj)
 .text.uart_stm32_async_tx
                0x0000000008009b48      0x29c zephyr/drivers/serial/libdrivers__serial.a(uart_stm32.c.obj)
 .text.random_byte_get
                0x0000000008009de4       0x64 zephyr/drivers/entropy/libdrivers__entropy.a(entropy_stm32.c.obj)
 .text.rng_pool_get
                0x0000000008009e48       0x9c zephyr/drivers/entropy/libdrivers__entropy.a(entropy_stm32.c.obj)
 .text.entropy_stm32_rng_get_entropy_isr
                0x0000000008009ee4       0x98 zephyr/drivers/entropy/libdrivers__entropy.a(entropy_stm32.c.obj)
 .text.stm32_rng_isr
                0x0000000008009f7c       0x4c zephyr/drivers/entropy/libdrivers__entropy.a(entropy_stm32.c.obj)
 .text.entropy_stm32_rng_get_entropy
                0x0000000008009fc8       0x58 zephyr/drivers/entropy/libdrivers__entropy.a(entropy_stm32.c.obj)
 .text.entropy_stm32_rng_init
                0x000000000800a020       0xc4 zephyr/drivers/entropy/libdrivers__entropy.a(entropy_stm32.c.obj)
 .text.elapsed  0x000000000800a0e4       0x3c zephyr/drivers/timer/libdrivers__timer.a(cortex_m_systick.c.obj)
 .text.sys_clock_driver_init
                0x000000000800a120       0x34 zephyr/drivers/timer/libdrivers__timer.a(cortex_m_systick.c.obj)
 .text.sys_clock_isr
                0x000000000800a154       0x48 zephyr/drivers/timer/libdrivers__timer.a(cortex_m_systick.c.obj)
                0x000000000800a154                sys_clock_isr
 .text.sys_clock_set_timeout
                0x000000000800a19c      0x104 zephyr/drivers/timer/libdrivers__timer.a(cortex_m_systick.c.obj)
                0x000000000800a19c                sys_clock_set_timeout
 .text.sys_clock_elapsed
                0x000000000800a2a0       0x40 zephyr/drivers/timer/libdrivers__timer.a(cortex_m_systick.c.obj)
                0x000000000800a2a0                sys_clock_elapsed
 .text.sys_clock_cycle_get_32
                0x000000000800a2e0       0x2c zephyr/drivers/timer/libdrivers__timer.a(cortex_m_systick.c.obj)
                0x000000000800a2e0                sys_clock_cycle_get_32
 .text.stm32_pin_configure
                0x000000000800a30c       0x40 zephyr/drivers/pinctrl/libdrivers__pinctrl.a(pinctrl_stm32.c.obj)
 .text.LL_DMA_Init
                0x000000000800a34c       0x80 modules/stm32/stm32cube/lib..__modules__hal__stm32__stm32cube.a(stm32l4xx_ll_dma.c.obj)
                0x000000000800a34c                LL_DMA_Init
 .text.UTILS_PLL_IsBusy
                0x000000000800a3cc       0x24 modules/stm32/stm32cube/lib..__modules__hal__stm32__stm32cube.a(stm32l4xx_ll_utils.c.obj)
 .text.LL_SetSystemCoreClock
                0x000000000800a3f0        0xc modules/stm32/stm32cube/lib..__modules__hal__stm32__stm32cube.a(stm32l4xx_ll_utils.c.obj)
                0x000000000800a3f0                LL_SetSystemCoreClock
 .text.LL_SetFlashLatency
                0x000000000800a3fc       0xd0 modules/stm32/stm32cube/lib..__modules__hal__stm32__stm32cube.a(stm32l4xx_ll_utils.c.obj)
                0x000000000800a3fc                LL_SetFlashLatency
 .text.UTILS_EnablePLLAndSwitchSystem
                0x000000000800a4cc       0xb0 modules/stm32/stm32cube/lib..__modules__hal__stm32__stm32cube.a(stm32l4xx_ll_utils.c.obj)
 .text.LL_PLL_ConfigSystemClock_HSI
                0x000000000800a57c       0x68 modules/stm32/stm32cube/lib..__modules__hal__stm32__stm32cube.a(stm32l4xx_ll_utils.c.obj)
                0x000000000800a57c                LL_PLL_ConfigSystemClock_HSI
 .text.z_device_state_init
                0x000000000800a5e4       0x18 zephyr/kernel/libkernel.a(device.c.obj)
                0x000000000800a5e4                z_device_state_init
 .text.z_sys_init_run_level
                0x000000000800a5fc       0x50 zephyr/kernel/libkernel.a(device.c.obj)
                0x000000000800a5fc                z_sys_init_run_level
 .text.z_impl_device_get_binding
                0x000000000800a64c       0x64 zephyr/kernel/libkernel.a(device.c.obj)
                0x000000000800a64c                z_impl_device_get_binding
 .text.z_impl_z_errno
                0x000000000800a6b0        0xc zephyr/kernel/libkernel.a(errno.c.obj)
                0x000000000800a6b0                z_impl_z_errno
 .text.reason_to_str
                0x000000000800a6bc       0x40 zephyr/kernel/libkernel.a(fatal.c.obj)
 .text.thread_name_get
                0x000000000800a6fc       0x20 zephyr/kernel/libkernel.a(fatal.c.obj)
 .text.k_sys_fatal_error_handler
                0x000000000800a71c       0x5c zephyr/kernel/libkernel.a(fatal.c.obj)
                0x000000000800a71c                k_sys_fatal_error_handler
 .text.z_fatal_error
                0x000000000800a778       0xd4 zephyr/kernel/libkernel.a(fatal.c.obj)
                0x000000000800a778                z_fatal_error
 .text.init_idle_thread
                0x000000000800a84c       0x58 zephyr/kernel/libkernel.a(init.c.obj)
 .text.prepare_multithreading
                0x000000000800a8a4       0x94 zephyr/kernel/libkernel.a(init.c.obj)
 .text.bg_thread_main
                0x000000000800a938       0x38 zephyr/kernel/libkernel.a(init.c.obj)
 .text.switch_to_main_thread
                0x000000000800a970       0x14 zephyr/kernel/libkernel.a(init.c.obj)
 .text.z_bss_zero
                0x000000000800a984       0x18 zephyr/kernel/libkernel.a(init.c.obj)
                0x000000000800a984                z_bss_zero
 .text.z_cstart
                0x000000000800a99c       0x88 zephyr/kernel/libkernel.a(init.c.obj)
                0x000000000800a99c                z_cstart
 .text.init_mem_slab_module
                0x000000000800aa24       0x24 zephyr/kernel/libkernel.a(mem_slab.c.obj)
 .text.schedule_new_thread
                0x000000000800aa48       0x1c zephyr/kernel/libkernel.a(thread.c.obj)
 .text.z_setup_new_thread
                0x000000000800aa64       0x60 zephyr/kernel/libkernel.a(thread.c.obj)
                0x000000000800aa64                z_setup_new_thread
 .text.z_init_static_threads
                0x000000000800aac4       0x84 zephyr/kernel/libkernel.a(thread.c.obj)
                0x000000000800aac4                z_init_static_threads
 .text.z_impl_k_msgq_put
                0x000000000800ab48       0xb8 zephyr/kernel/libkernel.a(msg_q.c.obj)
                0x000000000800ab48                z_impl_k_msgq_put
 .text.z_impl_k_msgq_get
                0x000000000800ac00       0xc0 zephyr/kernel/libkernel.a(msg_q.c.obj)
                0x000000000800ac00                z_impl_k_msgq_get
 .text.z_impl_k_mutex_lock
                0x000000000800acc0      0x114 zephyr/kernel/libkernel.a(mutex.c.obj)
                0x000000000800acc0                z_impl_k_mutex_lock
 .text.z_impl_k_mutex_unlock
                0x000000000800add4       0x84 zephyr/kernel/libkernel.a(mutex.c.obj)
                0x000000000800add4                z_impl_k_mutex_unlock
 .text.z_impl_k_sem_give
                0x000000000800ae58       0x50 zephyr/kernel/libkernel.a(sem.c.obj)
                0x000000000800ae58                z_impl_k_sem_give
 .text.z_impl_k_sem_take
                0x000000000800aea8       0x50 zephyr/kernel/libkernel.a(sem.c.obj)
                0x000000000800aea8                z_impl_k_sem_take
 .text.submit_to_queue_locked
                0x000000000800aef8       0xd8 zephyr/kernel/libkernel.a(work.c.obj)
 .text.schedule_for_queue_locked
                0x000000000800afd0       0x34 zephyr/kernel/libkernel.a(work.c.obj)
 .text.finalize_cancel_locked
                0x000000000800b004       0x7c zephyr/kernel/libkernel.a(work.c.obj)
 .text.work_queue_main
                0x000000000800b080       0xf0 zephyr/kernel/libkernel.a(work.c.obj)
 .text.k_work_submit
                0x000000000800b170       0x10 zephyr/kernel/libkernel.a(work.c.obj)
                0x000000000800b170                k_work_submit
 .text.k_work_queue_start
                0x000000000800b180       0x7c zephyr/kernel/libkernel.a(work.c.obj)
                0x000000000800b180                k_work_queue_start
 .text.k_work_reschedule
                0x000000000800b1fc       0x10 zephyr/kernel/libkernel.a(work.c.obj)
                0x000000000800b1fc                k_work_reschedule
 .text.add_thread_timeout
                0x000000000800b20c       0x20 zephyr/kernel/libkernel.a(sched.c.obj)
 .text.z_reset_time_slice
                0x000000000800b22c       0x2c zephyr/kernel/libkernel.a(sched.c.obj)
                0x000000000800b22c                z_reset_time_slice
 .text.k_sched_time_slice_set
                0x000000000800b258       0x5c zephyr/kernel/libkernel.a(sched.c.obj)
                0x000000000800b258                k_sched_time_slice_set
 .text.z_reschedule
                0x000000000800b2b4       0x38 zephyr/kernel/libkernel.a(sched.c.obj)
                0x000000000800b2b4                z_reschedule
 .text.k_sched_lock
                0x000000000800b2ec       0x34 zephyr/kernel/libkernel.a(sched.c.obj)
                0x000000000800b2ec                k_sched_lock
 .text.update_cache
                0x000000000800b320       0x4c zephyr/kernel/libkernel.a(sched.c.obj)
 .text.move_thread_to_end_of_prio_q
                0x000000000800b36c       0x88 zephyr/kernel/libkernel.a(sched.c.obj)
 .text.z_time_slice
                0x000000000800b3f4       0xac zephyr/kernel/libkernel.a(sched.c.obj)
                0x000000000800b3f4                z_time_slice
 .text.ready_thread
                0x000000000800b4a0       0x80 zephyr/kernel/libkernel.a(sched.c.obj)
 .text.z_sched_start
                0x000000000800b520       0x3c zephyr/kernel/libkernel.a(sched.c.obj)
                0x000000000800b520                z_sched_start
 .text.unready_thread
                0x000000000800b55c       0x38 zephyr/kernel/libkernel.a(sched.c.obj)
 .text.z_pend_curr
                0x000000000800b594       0x28 zephyr/kernel/libkernel.a(sched.c.obj)
                0x000000000800b594                z_pend_curr
 .text.z_set_prio
                0x000000000800b5bc       0xc0 zephyr/kernel/libkernel.a(sched.c.obj)
                0x000000000800b5bc                z_set_prio
 .text.z_impl_k_thread_suspend
                0x000000000800b67c       0x84 zephyr/kernel/libkernel.a(sched.c.obj)
                0x000000000800b67c                z_impl_k_thread_suspend
 .text.k_sched_unlock
                0x000000000800b700       0x50 zephyr/kernel/libkernel.a(sched.c.obj)
                0x000000000800b700                k_sched_unlock
 .text.end_thread
                0x000000000800b750       0x94 zephyr/kernel/libkernel.a(sched.c.obj)
 .text.z_sched_init
                0x000000000800b7e4       0x18 zephyr/kernel/libkernel.a(sched.c.obj)
                0x000000000800b7e4                z_sched_init
 .text.z_impl_k_yield
                0x000000000800b7fc       0x88 zephyr/kernel/libkernel.a(sched.c.obj)
                0x000000000800b7fc                z_impl_k_yield
 .text.z_tick_sleep
                0x000000000800b884       0x98 zephyr/kernel/libkernel.a(sched.c.obj)
 .text.z_impl_k_sleep
                0x000000000800b91c       0x30 zephyr/kernel/libkernel.a(sched.c.obj)
                0x000000000800b91c                z_impl_k_sleep
 .text.z_impl_z_current_get
                0x000000000800b94c        0xc zephyr/kernel/libkernel.a(sched.c.obj)
                0x000000000800b94c                z_impl_z_current_get
 .text.z_impl_k_is_preempt_thread
                0x000000000800b958       0x20 zephyr/kernel/libkernel.a(sched.c.obj)
                0x000000000800b958                z_impl_k_is_preempt_thread
 .text.z_thread_abort
                0x000000000800b978       0x50 zephyr/kernel/libkernel.a(sched.c.obj)
                0x000000000800b978                z_thread_abort
 .text.z_sched_wait
                0x000000000800b9c8       0x28 zephyr/kernel/libkernel.a(sched.c.obj)
                0x000000000800b9c8                z_sched_wait
 .text.z_data_copy
                0x000000000800b9f0       0x34 zephyr/kernel/libkernel.a(xip.c.obj)
                0x000000000800b9f0                z_data_copy
 .text.first    0x000000000800ba24       0x14 zephyr/kernel/libkernel.a(timeout.c.obj)
 .text.next     0x000000000800ba38       0x18 zephyr/kernel/libkernel.a(timeout.c.obj)
 .text.elapsed  0x000000000800ba50       0x18 zephyr/kernel/libkernel.a(timeout.c.obj)
 .text.next_timeout
                0x000000000800ba68       0x4c zephyr/kernel/libkernel.a(timeout.c.obj)
 .text.z_add_timeout
                0x000000000800bab4      0x118 zephyr/kernel/libkernel.a(timeout.c.obj)
                0x000000000800bab4                z_add_timeout
 .text.sys_clock_announce
                0x000000000800bbcc       0xc4 zephyr/kernel/libkernel.a(timeout.c.obj)
                0x000000000800bbcc                sys_clock_announce
 .text.sys_clock_tick_get
                0x000000000800bc90       0x40 zephyr/kernel/libkernel.a(timeout.c.obj)
                0x000000000800bc90                sys_clock_tick_get
 .text.z_impl_k_busy_wait
                0x000000000800bcd0       0x34 zephyr/kernel/libkernel.a(timeout.c.obj)
                0x000000000800bcd0                z_impl_k_busy_wait
 .text.z_timer_expiration_handler
                0x000000000800bd04       0x94 zephyr/kernel/libkernel.a(timer.c.obj)
                0x000000000800bd04                z_timer_expiration_handler
 .text.z_impl_k_timer_start
                0x000000000800bd98       0xac zephyr/kernel/libkernel.a(timer.c.obj)
                0x000000000800bd98                z_impl_k_timer_start
 .text.register_events
                0x000000000800be44      0x3f4 zephyr/kernel/libkernel.a(poll.c.obj)
 .text.z_impl_k_poll
                0x000000000800c238      0x158 zephyr/kernel/libkernel.a(poll.c.obj)
                0x000000000800c238                z_impl_k_poll
 .text.z_impl_k_poll_signal_raise
                0x000000000800c390       0x54 zephyr/kernel/libkernel.a(poll.c.obj)
                0x000000000800c390                z_impl_k_poll_signal_raise
 .text.boot_banner
                0x000000000800c3e4       0x1c zephyr/kernel/libkernel.a(banner.c.obj)
                0x000000000800c3e4                boot_banner
 .text.statics_init
                0x000000000800c400       0x24 zephyr/kernel/libkernel.a(kheap.c.obj)
 .text.k_sys_work_q_init
                0x000000000800c424       0x34 zephyr/kernel/libkernel.a(system_work_q.c.obj)
 .text.malloc   0x000000000800c458       0x10 /opt/zephyr-sdk/arm-zephyr-eabi/arm-zephyr-eabi/lib/thumb/v7e-m/nofp/libc_nano.a(lib_a-malloc.o)
                0x000000000800c458                malloc
 .text._free_r  0x000000000800c468       0x94 /opt/zephyr-sdk/arm-zephyr-eabi/arm-zephyr-eabi/lib/thumb/v7e-m/nofp/libc_nano.a(lib_a-nano-freer.o)
                0x000000000800c468                _free_r
 .text._malloc_r
                0x000000000800c4fc       0xb4 /opt/zephyr-sdk/arm-zephyr-eabi/arm-zephyr-eabi/lib/thumb/v7e-m/nofp/libc_nano.a(lib_a-nano-mallocr.o)
                0x000000000800c4fc                _malloc_r
 .text._printf_float
                0x000000000800c5b0      0x454 /opt/zephyr-sdk/arm-zephyr-eabi/arm-zephyr-eabi/lib/thumb/v7e-m/nofp/libc_nano.a(lib_a-nano-vfprintf_float.o)
                0x000000000800c5b0                _printf_float
 .text._printf_i
                0x000000000800ca04      0x24c /opt/zephyr-sdk/arm-zephyr-eabi/arm-zephyr-eabi/lib/thumb/v7e-m/nofp/libc_nano.a(lib_a-nano-vfprintf_i.o)
                0x000000000800ca04                _printf_i
 .text._sbrk_r  0x000000000800cc50       0x20 /opt/zephyr-sdk/arm-zephyr-eabi/arm-zephyr-eabi/lib/thumb/v7e-m/nofp/libc_nano.a(lib_a-sbrkr.o)
                0x000000000800cc50                _sbrk_r
 .text.strtok   0x000000000800cc70       0x68 /opt/zephyr-sdk/arm-zephyr-eabi/arm-zephyr-eabi/lib/thumb/v7e-m/nofp/libc_nano.a(lib_a-strtok.o)
                0x000000000800cc70                strtok
 .text._strtol_l.constprop.0
                0x000000000800ccd8       0xf8 /opt/zephyr-sdk/arm-zephyr-eabi/arm-zephyr-eabi/lib/thumb/v7e-m/nofp/libc_nano.a(lib_a-strtol.o)
 .text.strtol   0x000000000800cdd0       0x14 /opt/zephyr-sdk/arm-zephyr-eabi/arm-zephyr-eabi/lib/thumb/v7e-m/nofp/libc_nano.a(lib_a-strtol.o)
                0x000000000800cdd0                strtol
 .text.vsnprintf
                0x000000000800cde4       0x1c /opt/zephyr-sdk/arm-zephyr-eabi/arm-zephyr-eabi/lib/thumb/v7e-m/nofp/libc_nano.a(lib_a-vsnprintf.o)
                0x000000000800cde4                vsnprintf
                0x000000000800cde4                vsniprintf
 .text._vsprintf_r
                0x000000000800ce00       0x2c /opt/zephyr-sdk/arm-zephyr-eabi/arm-zephyr-eabi/lib/thumb/v7e-m/nofp/libc_nano.a(lib_a-vsprintf.o)
                0x000000000800ce00                _vsiprintf_r
                0x000000000800ce00                _vsprintf_r
 .text.vsprintf
                0x000000000800ce2c       0x14 /opt/zephyr-sdk/arm-zephyr-eabi/arm-zephyr-eabi/lib/thumb/v7e-m/nofp/libc_nano.a(lib_a-vsprintf.o)
                0x000000000800ce2c                vsprintf
                0x000000000800ce2c                vsiprintf
 .text.__assert_func
                0x000000000800ce40       0x3c /opt/zephyr-sdk/arm-zephyr-eabi/arm-zephyr-eabi/lib/thumb/v7e-m/nofp/libc_nano.a(lib_a-assert.o)
                0x000000000800ce40                __assert_func
 .text.fprintf  0x000000000800ce7c       0x24 /opt/zephyr-sdk/arm-zephyr-eabi/arm-zephyr-eabi/lib/thumb/v7e-m/nofp/libc_nano.a(lib_a-fprintf.o)
                0x000000000800ce7c                fprintf
                0x000000000800ce7c                fiprintf
 .text._localeconv_r
                0x000000000800cea0        0x8 /opt/zephyr-sdk/arm-zephyr-eabi/arm-zephyr-eabi/lib/thumb/v7e-m/nofp/libc_nano.a(lib_a-localeconv.o)
                0x000000000800cea0                _localeconv_r
 .text.__malloc_lock
                0x000000000800cea8        0xc /opt/zephyr-sdk/arm-zephyr-eabi/arm-zephyr-eabi/lib/thumb/v7e-m/nofp/libc_nano.a(lib_a-mlock.o)
                0x000000000800cea8                __malloc_lock
 .text.__malloc_unlock
                0x000000000800ceb4        0xc /opt/zephyr-sdk/arm-zephyr-eabi/arm-zephyr-eabi/lib/thumb/v7e-m/nofp/libc_nano.a(lib_a-mlock.o)
                0x000000000800ceb4                __malloc_unlock
 .text._Balloc  0x000000000800cec0       0x80 /opt/zephyr-sdk/arm-zephyr-eabi/arm-zephyr-eabi/lib/thumb/v7e-m/nofp/libc_nano.a(lib_a-mprec.o)
                0x000000000800cec0                _Balloc
 .text._Bfree   0x000000000800cf40       0x44 /opt/zephyr-sdk/arm-zephyr-eabi/arm-zephyr-eabi/lib/thumb/v7e-m/nofp/libc_nano.a(lib_a-mprec.o)
                0x000000000800cf40                _Bfree
 .text.__multadd
                0x000000000800cf84       0x8c /opt/zephyr-sdk/arm-zephyr-eabi/arm-zephyr-eabi/lib/thumb/v7e-m/nofp/libc_nano.a(lib_a-mprec.o)
                0x000000000800cf84                __multadd
 .text.__i2b    0x000000000800d010       0x2c /opt/zephyr-sdk/arm-zephyr-eabi/arm-zephyr-eabi/lib/thumb/v7e-m/nofp/libc_nano.a(lib_a-mprec.o)
                0x000000000800d010                __i2b
 .text.__multiply
                0x000000000800d03c      0x150 /opt/zephyr-sdk/arm-zephyr-eabi/arm-zephyr-eabi/lib/thumb/v7e-m/nofp/libc_nano.a(lib_a-mprec.o)
                0x000000000800d03c                __multiply
 .text.__pow5mult
                0x000000000800d18c       0xb4 /opt/zephyr-sdk/arm-zephyr-eabi/arm-zephyr-eabi/lib/thumb/v7e-m/nofp/libc_nano.a(lib_a-mprec.o)
                0x000000000800d18c                __pow5mult
 .text.__lshift
                0x000000000800d240       0xe0 /opt/zephyr-sdk/arm-zephyr-eabi/arm-zephyr-eabi/lib/thumb/v7e-m/nofp/libc_nano.a(lib_a-mprec.o)
                0x000000000800d240                __lshift
 .text.__mdiff  0x000000000800d320      0x110 /opt/zephyr-sdk/arm-zephyr-eabi/arm-zephyr-eabi/lib/thumb/v7e-m/nofp/libc_nano.a(lib_a-mprec.o)
                0x000000000800d320                __mdiff
 .text.__d2b    0x000000000800d430       0xb8 /opt/zephyr-sdk/arm-zephyr-eabi/arm-zephyr-eabi/lib/thumb/v7e-m/nofp/libc_nano.a(lib_a-mprec.o)
                0x000000000800d430                __d2b
 .text._svfprintf_r
                0x000000000800d4e8      0x200 /opt/zephyr-sdk/arm-zephyr-eabi/arm-zephyr-eabi/lib/thumb/v7e-m/nofp/libc_nano.a(lib_a-nano-svfprintf.o)
                0x000000000800d4e8                _svfprintf_r
                0x000000000800d4e8                _svfiprintf_r
 .text._vfprintf_r
                0x000000000800d6e8      0x260 /opt/zephyr-sdk/arm-zephyr-eabi/arm-zephyr-eabi/lib/thumb/v7e-m/nofp/libc_nano.a(lib_a-nano-vfprintf.o)
                0x000000000800d6e8                _vfiprintf_r
                0x000000000800d6e8                _vfprintf_r
 .text.__swbuf_r
                0x000000000800d948       0xa4 /opt/zephyr-sdk/arm-zephyr-eabi/arm-zephyr-eabi/lib/thumb/v7e-m/nofp/libc_nano.a(lib_a-wbuf.o)
                0x000000000800d948                __swbuf_r
 .text.__swsetup_r
                0x000000000800d9ec       0xdc /opt/zephyr-sdk/arm-zephyr-eabi/arm-zephyr-eabi/lib/thumb/v7e-m/nofp/libc_nano.a(lib_a-wsetup.o)
                0x000000000800d9ec                __swsetup_r
 .text.__sflush_r
                0x000000000800dac8      0x104 /opt/zephyr-sdk/arm-zephyr-eabi/arm-zephyr-eabi/lib/thumb/v7e-m/nofp/libc_nano.a(lib_a-fflush.o)
                0x000000000800dac8                __sflush_r
 .text._fflush_r
                0x000000000800dbcc       0x78 /opt/zephyr-sdk/arm-zephyr-eabi/arm-zephyr-eabi/lib/thumb/v7e-m/nofp/libc_nano.a(lib_a-fflush.o)
                0x000000000800dbcc                _fflush_r
 .text.std      0x000000000800dc44       0x48 /opt/zephyr-sdk/arm-zephyr-eabi/arm-zephyr-eabi/lib/thumb/v7e-m/nofp/libc_nano.a(lib_a-findfp.o)
 .text._cleanup_r
                0x000000000800dc8c        0xc /opt/zephyr-sdk/arm-zephyr-eabi/arm-zephyr-eabi/lib/thumb/v7e-m/nofp/libc_nano.a(lib_a-findfp.o)
                0x000000000800dc8c                _cleanup_r
 .text.__sfp_lock_acquire
                0x000000000800dc98        0xc /opt/zephyr-sdk/arm-zephyr-eabi/arm-zephyr-eabi/lib/thumb/v7e-m/nofp/libc_nano.a(lib_a-findfp.o)
                0x000000000800dc98                __sfp_lock_acquire
 .text.__sfp_lock_release
                0x000000000800dca4        0xc /opt/zephyr-sdk/arm-zephyr-eabi/arm-zephyr-eabi/lib/thumb/v7e-m/nofp/libc_nano.a(lib_a-findfp.o)
                0x000000000800dca4                __sfp_lock_release
 .text.__sinit_lock_acquire
                0x000000000800dcb0        0xc /opt/zephyr-sdk/arm-zephyr-eabi/arm-zephyr-eabi/lib/thumb/v7e-m/nofp/libc_nano.a(lib_a-findfp.o)
                0x000000000800dcb0                __sinit_lock_acquire
 .text.__sinit_lock_release
                0x000000000800dcbc        0xc /opt/zephyr-sdk/arm-zephyr-eabi/arm-zephyr-eabi/lib/thumb/v7e-m/nofp/libc_nano.a(lib_a-findfp.o)
                0x000000000800dcbc                __sinit_lock_release
 .text.__sinit  0x000000000800dcc8       0x70 /opt/zephyr-sdk/arm-zephyr-eabi/arm-zephyr-eabi/lib/thumb/v7e-m/nofp/libc_nano.a(lib_a-findfp.o)
                0x000000000800dcc8                __sinit
 .text.__sfp    0x000000000800dd38       0x8c /opt/zephyr-sdk/arm-zephyr-eabi/arm-zephyr-eabi/lib/thumb/v7e-m/nofp/libc_nano.a(lib_a-findfp.o)
                0x000000000800dd38                __sfp
 .text.__smakebuf_r
                0x000000000800ddc4       0x80 /opt/zephyr-sdk/arm-zephyr-eabi/arm-zephyr-eabi/lib/thumb/v7e-m/nofp/libc_nano.a(lib_a-makebuf.o)
                0x000000000800ddc4                __smakebuf_r
 .text.raise    0x000000000800de44       0x10 /opt/zephyr-sdk/arm-zephyr-eabi/arm-zephyr-eabi/lib/thumb/v7e-m/nofp/libc_nano.a(lib_a-signal.o)
                0x000000000800de44                raise
 .text._kill_r  0x000000000800de54       0x24 /opt/zephyr-sdk/arm-zephyr-eabi/arm-zephyr-eabi/lib/thumb/v7e-m/nofp/libc_nano.a(lib_a-signalr.o)
                0x000000000800de54                _kill_r
 .text._write_r
                0x000000000800de78       0x24 /opt/zephyr-sdk/arm-zephyr-eabi/arm-zephyr-eabi/lib/thumb/v7e-m/nofp/libc_nano.a(lib_a-writer.o)
                0x000000000800de78                _write_r
 .text._close_r
                0x000000000800de9c       0x20 /opt/zephyr-sdk/arm-zephyr-eabi/arm-zephyr-eabi/lib/thumb/v7e-m/nofp/libc_nano.a(lib_a-closer.o)
                0x000000000800de9c                _close_r
 .text._fstat_r
                0x000000000800debc       0x24 /opt/zephyr-sdk/arm-zephyr-eabi/arm-zephyr-eabi/lib/thumb/v7e-m/nofp/libc_nano.a(lib_a-fstatr.o)
                0x000000000800debc                _fstat_r
 .text._isatty_r
                0x000000000800dee0       0x20 /opt/zephyr-sdk/arm-zephyr-eabi/arm-zephyr-eabi/lib/thumb/v7e-m/nofp/libc_nano.a(lib_a-isattyr.o)
                0x000000000800dee0                _isatty_r
 .text._lseek_r
                0x000000000800df00       0x24 /opt/zephyr-sdk/arm-zephyr-eabi/arm-zephyr-eabi/lib/thumb/v7e-m/nofp/libc_nano.a(lib_a-lseekr.o)
                0x000000000800df00                _lseek_r
 .text._read_r  0x000000000800df24       0x24 /opt/zephyr-sdk/arm-zephyr-eabi/arm-zephyr-eabi/lib/thumb/v7e-m/nofp/libc_nano.a(lib_a-readr.o)
                0x000000000800df24                _read_r
 .text._OffsetAbsSyms
                0x000000000800df48        0x2 zephyr/CMakeFiles/offsets.dir/./arch/arm/core/offsets/offsets.c.obj
                0x000000000800df48                _OffsetAbsSyms
 .text.z_log_msg2_runtime_create
                0x000000000800df4a       0x1a app/libapp.a(main.c.obj)
 .text.cbprintf_via_va_list
                0x000000000800df64        0xe zephyr/libzephyr.a(cbprintf_packaged.c.obj)
 .text.cbpprintf_external
                0x000000000800df72       0x5a zephyr/libzephyr.a(cbprintf_packaged.c.obj)
                0x000000000800df72                cbpprintf_external
 .text.arch_printk_char_out
                0x000000000800dfcc        0x4 zephyr/libzephyr.a(printk.c.obj)
                0x000000000800dfcc                arch_printk_char_out
 .text.str_out  0x000000000800dfd0       0x30 zephyr/libzephyr.a(printk.c.obj)
 .text.printk   0x000000000800e000       0x1c zephyr/libzephyr.a(printk.c.obj)
                0x000000000800e000                printk
 .text.snprintk
                0x000000000800e01c       0x1c zephyr/libzephyr.a(printk.c.obj)
                0x000000000800e01c                snprintk
 .text.z_thread_entry
                0x000000000800e038       0x14 zephyr/libzephyr.a(thread_entry.c.obj)
                0x000000000800e038                z_thread_entry
 .text.free_list_add_bidx
                0x000000000800e04c       0x50 zephyr/libzephyr.a(heap.c.obj)
 .text.free_list_add
                0x000000000800e09c       0x18 zephyr/libzephyr.a(heap.c.obj)
 .text.sys_heap_init
                0x000000000800e0b4       0x84 zephyr/libzephyr.a(heap.c.obj)
                0x000000000800e0b4                sys_heap_init
 .text.outs     0x000000000800e138       0x34 zephyr/libzephyr.a(cbprintf_complete.c.obj)
 .text.add_skip_item
                0x000000000800e16c       0x52 zephyr/libzephyr.a(mpsc_pbuf.c.obj)
 .text.drop_item_locked
                0x000000000800e1be      0x112 zephyr/libzephyr.a(mpsc_pbuf.c.obj)
 .text.mpsc_pbuf_init
                0x000000000800e2d0       0x4a zephyr/libzephyr.a(mpsc_pbuf.c.obj)
                0x000000000800e2d0                mpsc_pbuf_init
 .text.mpsc_pbuf_alloc
                0x000000000800e31a      0x12e zephyr/libzephyr.a(mpsc_pbuf.c.obj)
                0x000000000800e31a                mpsc_pbuf_alloc
 .text.mpsc_pbuf_commit
                0x000000000800e448       0x4c zephyr/libzephyr.a(mpsc_pbuf.c.obj)
                0x000000000800e448                mpsc_pbuf_commit
 .text.mpsc_pbuf_claim
                0x000000000800e494       0xe2 zephyr/libzephyr.a(mpsc_pbuf.c.obj)
                0x000000000800e494                mpsc_pbuf_claim
 .text.mpsc_pbuf_free
                0x000000000800e576       0x7a zephyr/libzephyr.a(mpsc_pbuf.c.obj)
                0x000000000800e576                mpsc_pbuf_free
 .text.mpsc_pbuf_is_pending
                0x000000000800e5f0       0x18 zephyr/libzephyr.a(mpsc_pbuf.c.obj)
                0x000000000800e5f0                mpsc_pbuf_is_pending
 .text._ConfigAbsSyms
                0x000000000800e608        0x2 zephyr/libzephyr.a(configs.c.obj)
                0x000000000800e608                _ConfigAbsSyms
 .text.st_stm32_common_config
                0x000000000800e60a        0x4 zephyr/libzephyr.a(soc_config.c.obj)
 .text.log_msg2_generic_get_wlen
                0x000000000800e60e       0x22 zephyr/libzephyr.a(log_core.c.obj)
 .text.dummy_timestamp
                0x000000000800e630        0x4 zephyr/libzephyr.a(log_core.c.obj)
 .text.msg_filter_check
                0x000000000800e634        0x4 zephyr/libzephyr.a(log_core.c.obj)
 .text.default_lf_get_timestamp
                0x000000000800e638       0x10 zephyr/libzephyr.a(log_core.c.obj)
 .text.notify_drop
                0x000000000800e648        0xa zephyr/libzephyr.a(log_core.c.obj)
 .text.get_msg  0x000000000800e652        0x8 zephyr/libzephyr.a(log_core.c.obj)
                0x000000000800e652                get_msg
 .text.next_pending
                0x000000000800e65a        0x8 zephyr/libzephyr.a(log_core.c.obj)
 .text.z_log_get_tag
                0x000000000800e662        0x4 zephyr/libzephyr.a(log_core.c.obj)
                0x000000000800e662                z_log_get_tag
 .text.buffer_write
                0x000000000800e666       0x1a zephyr/libzephyr.a(log_output.c.obj)
 .text.color_prefix
                0x000000000800e680        0xc zephyr/libzephyr.a(log_output.c.obj)
 .text.color_postfix
                0x000000000800e68c        0xc zephyr/libzephyr.a(log_output.c.obj)
 .text.postfix_print
                0x000000000800e698       0x18 zephyr/libzephyr.a(log_output.c.obj)
 .text.log_msg2_hexdump
                0x000000000800e6b0       0x36 zephyr/libzephyr.a(log_output.c.obj)
 .text.log_output_flush
                0x000000000800e6e6       0x1a zephyr/libzephyr.a(log_output.c.obj)
                0x000000000800e6e6                log_output_flush
 .text.out_func
                0x000000000800e700       0x38 zephyr/libzephyr.a(log_output.c.obj)
 .text.cr_out_func
                0x000000000800e738       0x1c zephyr/libzephyr.a(log_output.c.obj)
 .text.z_log_msg2_finalize
                0x000000000800e754       0x32 zephyr/libzephyr.a(log_msg2.c.obj)
                0x000000000800e754                z_log_msg2_finalize
 .text.z_impl_z_log_msg2_static_create
                0x000000000800e786       0x46 zephyr/libzephyr.a(log_msg2.c.obj)
                0x000000000800e786                z_impl_z_log_msg2_static_create
 .text.z_impl_z_log_msg2_runtime_vcreate
                0x000000000800e7cc       0x88 zephyr/libzephyr.a(log_msg2.c.obj)
                0x000000000800e7cc                z_impl_z_log_msg2_runtime_vcreate
 .text.z_cpp_init_static
                0x000000000800e854        0xc zephyr/libzephyr.a(cpp_init.c.obj)
                0x000000000800e854                z_cpp_init_static
 .text.z_arm_fatal_error
                0x000000000800e860       0x18 zephyr/arch/arch/arm/core/aarch32/libarch__arm__core__aarch32.a(fatal.c.obj)
                0x000000000800e860                z_arm_fatal_error
 .text.z_do_kernel_oops
                0x000000000800e878        0xc zephyr/arch/arch/arm/core/aarch32/libarch__arm__core__aarch32.a(fatal.c.obj)
                0x000000000800e878                z_do_kernel_oops
 .text.z_irq_spurious
                0x000000000800e884        0xc zephyr/arch/arch/arm/core/aarch32/libarch__arm__core__aarch32.a(irq_manage.c.obj)
                0x000000000800e884                z_irq_spurious
 .text.z_arm_nmi
                0x000000000800e890        0xc zephyr/arch/arch/arm/core/aarch32/libarch__arm__core__aarch32.a(nmi.c.obj)
                0x000000000800e890                z_arm_nmi
 .text.memory_fault_recoverable
                0x000000000800e89c        0x4 zephyr/arch/arch/arm/core/aarch32/cortex_m/libarch__arm__core__aarch32__cortex_m.a(fault.c.obj)
 .text.z_log_msg2_runtime_create
                0x000000000800e8a0       0x1a zephyr/arch/arch/arm/core/aarch32/cortex_m/libarch__arm__core__aarch32__cortex_m.a(fault.c.obj)
 .text.fault_handle
                0x000000000800e8ba       0x4a zephyr/arch/arch/arm/core/aarch32/cortex_m/libarch__arm__core__aarch32__cortex_m.a(fault.c.obj)
 .text.mpu_partition_is_valid
                0x000000000800e904       0x22 zephyr/arch/arch/arm/core/aarch32/mpu/libarch__arm__core__aarch32__mpu.a(arm_mpu.c.obj)
 .text.mpu_configure_region
                0x000000000800e926       0x3e zephyr/arch/arch/arm/core/aarch32/mpu/libarch__arm__core__aarch32__mpu.a(arm_mpu.c.obj)
 .text.arm_core_mpu_configure_static_mpu_regions
                0x000000000800e964        0x8 zephyr/arch/arch/arm/core/aarch32/mpu/libarch__arm__core__aarch32__mpu.a(arm_mpu.c.obj)
                0x000000000800e964                arm_core_mpu_configure_static_mpu_regions
 .text.arm_core_mpu_configure_dynamic_mpu_regions
                0x000000000800e96c        0x8 zephyr/arch/arch/arm/core/aarch32/mpu/libarch__arm__core__aarch32__mpu.a(arm_mpu.c.obj)
                0x000000000800e96c                arm_core_mpu_configure_dynamic_mpu_regions
 .text.malloc_prepare
                0x000000000800e974        0x4 zephyr/lib/libc/newlib/liblib__libc__newlib.a(libc-hooks.c.obj)
 .text._stdout_hook_default
                0x000000000800e978        0x6 zephyr/lib/libc/newlib/liblib__libc__newlib.a(libc-hooks.c.obj)
 .text._stdin_hook_default
                0x000000000800e97e        0x4 zephyr/lib/libc/newlib/liblib__libc__newlib.a(libc-hooks.c.obj)
 .text._read    0x000000000800e982        0xc zephyr/lib/libc/newlib/liblib__libc__newlib.a(libc-hooks.c.obj)
                0x000000000800e982                read
                0x000000000800e982                _read
 .text._write   0x000000000800e98e        0xc zephyr/lib/libc/newlib/liblib__libc__newlib.a(libc-hooks.c.obj)
                0x000000000800e98e                write
                0x000000000800e98e                _write
 .text._close   0x000000000800e99a        0x6 zephyr/lib/libc/newlib/liblib__libc__newlib.a(libc-hooks.c.obj)
                0x000000000800e99a                close
                0x000000000800e99a                _close
 .text._lseek   0x000000000800e9a0        0x4 zephyr/lib/libc/newlib/liblib__libc__newlib.a(libc-hooks.c.obj)
                0x000000000800e9a0                lseek
                0x000000000800e9a0                _lseek
 .text._isatty  0x000000000800e9a4        0xa zephyr/lib/libc/newlib/liblib__libc__newlib.a(libc-hooks.c.obj)
                0x000000000800e9a4                isatty
                0x000000000800e9a4                _isatty
 .text._kill    0x000000000800e9ae        0x4 zephyr/lib/libc/newlib/liblib__libc__newlib.a(libc-hooks.c.obj)
                0x000000000800e9ae                kill
                0x000000000800e9ae                _kill
 .text._getpid  0x000000000800e9b2        0x4 zephyr/lib/libc/newlib/liblib__libc__newlib.a(libc-hooks.c.obj)
                0x000000000800e9b2                _getpid
                0x000000000800e9b2                getpid
 .text._fstat   0x000000000800e9b6        0xa zephyr/lib/libc/newlib/liblib__libc__newlib.a(libc-hooks.c.obj)
                0x000000000800e9b6                _fstat
                0x000000000800e9b6                fstat
 .text.__retarget_lock_init_recursive
                0x000000000800e9c0       0x12 zephyr/lib/libc/newlib/liblib__libc__newlib.a(libc-hooks.c.obj)
                0x000000000800e9c0                __retarget_lock_init_recursive
 .text.__retarget_lock_acquire_recursive
                0x000000000800e9d2       0x10 zephyr/lib/libc/newlib/liblib__libc__newlib.a(libc-hooks.c.obj)
                0x000000000800e9d2                __retarget_lock_acquire_recursive
 .text.__retarget_lock_release_recursive
                0x000000000800e9e2        0x8 zephyr/lib/libc/newlib/liblib__libc__newlib.a(libc-hooks.c.obj)
                0x000000000800e9e2                __retarget_lock_release_recursive
 .text.__errno  0x000000000800e9ea        0x8 zephyr/lib/libc/newlib/liblib__libc__newlib.a(libc-hooks.c.obj)
                0x000000000800e9ea                __errno
 .text.z_impl_sys_rand_get
                0x000000000800e9f2        0xa zephyr/subsys/random/libsubsys__random.a(rand32_entropy_device.c.obj)
                0x000000000800e9f2                z_impl_sys_rand_get
 .text.__stm32_exti_isr_0
                0x000000000800e9fc        0xe zephyr/drivers/interrupt_controller/libdrivers__interrupt_controller.a(intc_exti_stm32.c.obj)
 .text.__stm32_exti_isr_1
                0x000000000800ea0a        0xe zephyr/drivers/interrupt_controller/libdrivers__interrupt_controller.a(intc_exti_stm32.c.obj)
 .text.__stm32_exti_isr_2
                0x000000000800ea18        0xe zephyr/drivers/interrupt_controller/libdrivers__interrupt_controller.a(intc_exti_stm32.c.obj)
 .text.__stm32_exti_isr_3
                0x000000000800ea26        0xe zephyr/drivers/interrupt_controller/libdrivers__interrupt_controller.a(intc_exti_stm32.c.obj)
 .text.__stm32_exti_isr_4
                0x000000000800ea34        0xe zephyr/drivers/interrupt_controller/libdrivers__interrupt_controller.a(intc_exti_stm32.c.obj)
 .text.__stm32_exti_isr_9_5
                0x000000000800ea42        0xe zephyr/drivers/interrupt_controller/libdrivers__interrupt_controller.a(intc_exti_stm32.c.obj)
 .text.__stm32_exti_isr_15_10
                0x000000000800ea50        0xe zephyr/drivers/interrupt_controller/libdrivers__interrupt_controller.a(intc_exti_stm32.c.obj)
 .text.__stm32_exti_connect_irqs
                0x000000000800ea5e       0x4a zephyr/drivers/interrupt_controller/libdrivers__interrupt_controller.a(intc_exti_stm32.c.obj)
 .text.stm32_exti_init
                0x000000000800eaa8        0xa zephyr/drivers/interrupt_controller/libdrivers__interrupt_controller.a(intc_exti_stm32.c.obj)
 .text.config_bus_clk_init
                0x000000000800eab2        0xa zephyr/drivers/clock_control/libdrivers__clock_control.a(clock_stm32_ll_common.c.obj)
 .text.get_bus_clock
                0x000000000800eabc        0x6 zephyr/drivers/clock_control/libdrivers__clock_control.a(clock_stm32_ll_common.c.obj)
 .text.config_pll_init
                0x000000000800eac2       0x10 zephyr/drivers/clock_control/libdrivers__clock_control.a(clock_stm32l4_l5_wb_wl.c.obj)
                0x000000000800eac2                config_pll_init
 .text.dma_stm32_config_irq_0
                0x000000000800ead2       0x74 zephyr/drivers/dma/libdrivers__dma.a(dma_stm32.c.obj)
 .text.dma_stm32_dump_stream_irq
                0x000000000800eb46        0xc zephyr/drivers/dma/libdrivers__dma.a(dma_stm32.c.obj)
 .text.dma_stm32_clear_stream_irq
                0x000000000800eb52       0x20 zephyr/drivers/dma/libdrivers__dma.a(dma_stm32.c.obj)
 .text.dma_stm32_irq_0_0
                0x000000000800eb72        0xa zephyr/drivers/dma/libdrivers__dma.a(dma_stm32.c.obj)
 .text.dma_stm32_irq_0_1
                0x000000000800eb7c        0xa zephyr/drivers/dma/libdrivers__dma.a(dma_stm32.c.obj)
 .text.dma_stm32_irq_0_2
                0x000000000800eb86        0xa zephyr/drivers/dma/libdrivers__dma.a(dma_stm32.c.obj)
 .text.dma_stm32_irq_0_3
                0x000000000800eb90        0xa zephyr/drivers/dma/libdrivers__dma.a(dma_stm32.c.obj)
 .text.dma_stm32_irq_0_4
                0x000000000800eb9a        0xa zephyr/drivers/dma/libdrivers__dma.a(dma_stm32.c.obj)
 .text.dma_stm32_irq_0_5
                0x000000000800eba4        0xa zephyr/drivers/dma/libdrivers__dma.a(dma_stm32.c.obj)
 .text.dma_stm32_irq_0_6
                0x000000000800ebae        0xa zephyr/drivers/dma/libdrivers__dma.a(dma_stm32.c.obj)
 .text.dma_stm32_disable_stream
                0x000000000800ebb8       0x32 zephyr/drivers/dma/libdrivers__dma.a(dma_stm32.c.obj)
 .text.dma_stm32_start
                0x000000000800ebea       0x26 zephyr/drivers/dma/libdrivers__dma.a(dma_stm32.c.obj)
 .text.LL_DMA_IsActiveFlag_GI1
                0x000000000800ec10        0xc zephyr/drivers/dma/libdrivers__dma.a(dma_stm32_v2.c.obj)
 .text.LL_DMA_IsActiveFlag_GI2
                0x000000000800ec1c        0xc zephyr/drivers/dma/libdrivers__dma.a(dma_stm32_v2.c.obj)
 .text.LL_DMA_IsActiveFlag_GI3
                0x000000000800ec28        0xc zephyr/drivers/dma/libdrivers__dma.a(dma_stm32_v2.c.obj)
 .text.LL_DMA_IsActiveFlag_GI4
                0x000000000800ec34        0xc zephyr/drivers/dma/libdrivers__dma.a(dma_stm32_v2.c.obj)
 .text.LL_DMA_IsActiveFlag_GI5
                0x000000000800ec40        0xc zephyr/drivers/dma/libdrivers__dma.a(dma_stm32_v2.c.obj)
 .text.LL_DMA_IsActiveFlag_GI6
                0x000000000800ec4c        0xc zephyr/drivers/dma/libdrivers__dma.a(dma_stm32_v2.c.obj)
 .text.LL_DMA_IsActiveFlag_GI7
                0x000000000800ec58        0xc zephyr/drivers/dma/libdrivers__dma.a(dma_stm32_v2.c.obj)
 .text.LL_DMA_IsActiveFlag_TC1
                0x000000000800ec64        0xc zephyr/drivers/dma/libdrivers__dma.a(dma_stm32_v2.c.obj)
 .text.LL_DMA_IsActiveFlag_TC2
                0x000000000800ec70        0xc zephyr/drivers/dma/libdrivers__dma.a(dma_stm32_v2.c.obj)
 .text.LL_DMA_IsActiveFlag_TC3
                0x000000000800ec7c        0xc zephyr/drivers/dma/libdrivers__dma.a(dma_stm32_v2.c.obj)
 .text.LL_DMA_IsActiveFlag_TC4
                0x000000000800ec88        0xc zephyr/drivers/dma/libdrivers__dma.a(dma_stm32_v2.c.obj)
 .text.LL_DMA_IsActiveFlag_TC5
                0x000000000800ec94        0xc zephyr/drivers/dma/libdrivers__dma.a(dma_stm32_v2.c.obj)
 .text.LL_DMA_IsActiveFlag_TC6
                0x000000000800eca0        0xc zephyr/drivers/dma/libdrivers__dma.a(dma_stm32_v2.c.obj)
 .text.LL_DMA_IsActiveFlag_TC7
                0x000000000800ecac        0xc zephyr/drivers/dma/libdrivers__dma.a(dma_stm32_v2.c.obj)
 .text.LL_DMA_IsActiveFlag_HT1
                0x000000000800ecb8        0xc zephyr/drivers/dma/libdrivers__dma.a(dma_stm32_v2.c.obj)
 .text.LL_DMA_IsActiveFlag_HT2
                0x000000000800ecc4        0xc zephyr/drivers/dma/libdrivers__dma.a(dma_stm32_v2.c.obj)
 .text.LL_DMA_IsActiveFlag_HT3
                0x000000000800ecd0        0xc zephyr/drivers/dma/libdrivers__dma.a(dma_stm32_v2.c.obj)
 .text.LL_DMA_IsActiveFlag_HT4
                0x000000000800ecdc        0xc zephyr/drivers/dma/libdrivers__dma.a(dma_stm32_v2.c.obj)
 .text.LL_DMA_IsActiveFlag_HT5
                0x000000000800ece8        0xc zephyr/drivers/dma/libdrivers__dma.a(dma_stm32_v2.c.obj)
 .text.LL_DMA_IsActiveFlag_HT6
                0x000000000800ecf4        0xc zephyr/drivers/dma/libdrivers__dma.a(dma_stm32_v2.c.obj)
 .text.LL_DMA_IsActiveFlag_HT7
                0x000000000800ed00        0xc zephyr/drivers/dma/libdrivers__dma.a(dma_stm32_v2.c.obj)
 .text.LL_DMA_IsActiveFlag_TE1
                0x000000000800ed0c        0xc zephyr/drivers/dma/libdrivers__dma.a(dma_stm32_v2.c.obj)
 .text.LL_DMA_IsActiveFlag_TE2
                0x000000000800ed18        0xc zephyr/drivers/dma/libdrivers__dma.a(dma_stm32_v2.c.obj)
 .text.LL_DMA_IsActiveFlag_TE3
                0x000000000800ed24        0xc zephyr/drivers/dma/libdrivers__dma.a(dma_stm32_v2.c.obj)
 .text.LL_DMA_IsActiveFlag_TE4
                0x000000000800ed30        0xc zephyr/drivers/dma/libdrivers__dma.a(dma_stm32_v2.c.obj)
 .text.LL_DMA_IsActiveFlag_TE5
                0x000000000800ed3c        0xc zephyr/drivers/dma/libdrivers__dma.a(dma_stm32_v2.c.obj)
 .text.LL_DMA_IsActiveFlag_TE6
                0x000000000800ed48        0xc zephyr/drivers/dma/libdrivers__dma.a(dma_stm32_v2.c.obj)
 .text.LL_DMA_IsActiveFlag_TE7
                0x000000000800ed54        0xc zephyr/drivers/dma/libdrivers__dma.a(dma_stm32_v2.c.obj)
 .text.LL_DMA_ClearFlag_TC1
                0x000000000800ed60        0x6 zephyr/drivers/dma/libdrivers__dma.a(dma_stm32_v2.c.obj)
 .text.LL_DMA_ClearFlag_TC2
                0x000000000800ed66        0x6 zephyr/drivers/dma/libdrivers__dma.a(dma_stm32_v2.c.obj)
 .text.LL_DMA_ClearFlag_TC3
                0x000000000800ed6c        0x8 zephyr/drivers/dma/libdrivers__dma.a(dma_stm32_v2.c.obj)
 .text.LL_DMA_ClearFlag_TC4
                0x000000000800ed74        0x8 zephyr/drivers/dma/libdrivers__dma.a(dma_stm32_v2.c.obj)
 .text.LL_DMA_ClearFlag_TC5
                0x000000000800ed7c        0x8 zephyr/drivers/dma/libdrivers__dma.a(dma_stm32_v2.c.obj)
 .text.LL_DMA_ClearFlag_TC6
                0x000000000800ed84        0x8 zephyr/drivers/dma/libdrivers__dma.a(dma_stm32_v2.c.obj)
 .text.LL_DMA_ClearFlag_TC7
                0x000000000800ed8c        0x8 zephyr/drivers/dma/libdrivers__dma.a(dma_stm32_v2.c.obj)
 .text.LL_DMA_ClearFlag_HT1
                0x000000000800ed94        0x6 zephyr/drivers/dma/libdrivers__dma.a(dma_stm32_v2.c.obj)
 .text.LL_DMA_ClearFlag_HT2
                0x000000000800ed9a        0x6 zephyr/drivers/dma/libdrivers__dma.a(dma_stm32_v2.c.obj)
 .text.LL_DMA_ClearFlag_HT3
                0x000000000800eda0        0x8 zephyr/drivers/dma/libdrivers__dma.a(dma_stm32_v2.c.obj)
 .text.LL_DMA_ClearFlag_HT4
                0x000000000800eda8        0x8 zephyr/drivers/dma/libdrivers__dma.a(dma_stm32_v2.c.obj)
 .text.LL_DMA_ClearFlag_HT5
                0x000000000800edb0        0x8 zephyr/drivers/dma/libdrivers__dma.a(dma_stm32_v2.c.obj)
 .text.LL_DMA_ClearFlag_HT6
                0x000000000800edb8        0x8 zephyr/drivers/dma/libdrivers__dma.a(dma_stm32_v2.c.obj)
 .text.LL_DMA_ClearFlag_HT7
                0x000000000800edc0        0x8 zephyr/drivers/dma/libdrivers__dma.a(dma_stm32_v2.c.obj)
 .text.LL_DMA_ClearFlag_TE1
                0x000000000800edc8        0x6 zephyr/drivers/dma/libdrivers__dma.a(dma_stm32_v2.c.obj)
 .text.LL_DMA_ClearFlag_TE2
                0x000000000800edce        0x6 zephyr/drivers/dma/libdrivers__dma.a(dma_stm32_v2.c.obj)
 .text.LL_DMA_ClearFlag_TE3
                0x000000000800edd4        0x8 zephyr/drivers/dma/libdrivers__dma.a(dma_stm32_v2.c.obj)
 .text.LL_DMA_ClearFlag_TE4
                0x000000000800eddc        0x8 zephyr/drivers/dma/libdrivers__dma.a(dma_stm32_v2.c.obj)
 .text.LL_DMA_ClearFlag_TE5
                0x000000000800ede4        0x8 zephyr/drivers/dma/libdrivers__dma.a(dma_stm32_v2.c.obj)
 .text.LL_DMA_ClearFlag_TE6
                0x000000000800edec        0x8 zephyr/drivers/dma/libdrivers__dma.a(dma_stm32_v2.c.obj)
 .text.LL_DMA_ClearFlag_TE7
                0x000000000800edf4        0x8 zephyr/drivers/dma/libdrivers__dma.a(dma_stm32_v2.c.obj)
 .text.stm32_dma_clear_stream_irq
                0x000000000800edfc        0x8 zephyr/drivers/dma/libdrivers__dma.a(dma_stm32_v2.c.obj)
                0x000000000800edfc                stm32_dma_clear_stream_irq
 .text.stm32_dma_is_unexpected_irq_happened
                0x000000000800ee04        0x4 zephyr/drivers/dma/libdrivers__dma.a(dma_stm32_v2.c.obj)
                0x000000000800ee04                stm32_dma_is_unexpected_irq_happened
 .text.gpio_stm32_isr
                0x000000000800ee08       0x3a zephyr/drivers/gpio/libdrivers__gpio.a(gpio_stm32.c.obj)
 .text.gpio_stm32_flags_to_conf
                0x000000000800ee42       0x76 zephyr/drivers/gpio/libdrivers__gpio.a(gpio_stm32.c.obj)
 .text.gpio_stm32_port_get_raw
                0x000000000800eeb8        0xc zephyr/drivers/gpio/libdrivers__gpio.a(gpio_stm32.c.obj)
 .text.gpio_stm32_port_set_masked_raw
                0x000000000800eec4       0x12 zephyr/drivers/gpio/libdrivers__gpio.a(gpio_stm32.c.obj)
 .text.gpio_stm32_port_set_bits_raw
                0x000000000800eed6        0xa zephyr/drivers/gpio/libdrivers__gpio.a(gpio_stm32.c.obj)
 .text.gpio_stm32_port_clear_bits_raw
                0x000000000800eee0        0xa zephyr/drivers/gpio/libdrivers__gpio.a(gpio_stm32.c.obj)
 .text.gpio_stm32_port_toggle_bits
                0x000000000800eeea        0xe zephyr/drivers/gpio/libdrivers__gpio.a(gpio_stm32.c.obj)
 .text.gpio_stm32_manage_callback
                0x000000000800eef8       0x72 zephyr/drivers/gpio/libdrivers__gpio.a(gpio_stm32.c.obj)
 .text.gpio_stm32_configure_raw
                0x000000000800ef6a      0x148 zephyr/drivers/gpio/libdrivers__gpio.a(gpio_stm32.c.obj)
 .text.gpio_stm32_config
                0x000000000800f0b2       0x52 zephyr/drivers/gpio/libdrivers__gpio.a(gpio_stm32.c.obj)
 .text.gpio_stm32_init
                0x000000000800f104       0x14 zephyr/drivers/gpio/libdrivers__gpio.a(gpio_stm32.c.obj)
 .text.gpio_stm32_configure
                0x000000000800f118        0xa zephyr/drivers/gpio/libdrivers__gpio.a(gpio_stm32.c.obj)
                0x000000000800f118                gpio_stm32_configure
 .text.spi_stm32_transfer_ongoing
                0x000000000800f122       0x14 zephyr/drivers/spi/libdrivers__spi.a(spi_ll_stm32.c.obj)
 .text.z_log_msg2_runtime_create
                0x000000000800f136       0x1a zephyr/drivers/spi/libdrivers__spi.a(spi_ll_stm32.c.obj)
 .text.spi_stm32_irq_config_func_0
                0x000000000800f150       0x14 zephyr/drivers/spi/libdrivers__spi.a(spi_ll_stm32.c.obj)
 .text.spi_stm32_release
                0x000000000800f164       0x60 zephyr/drivers/spi/libdrivers__spi.a(spi_ll_stm32.c.obj)
 .text.spi_stm32_cs_control
                0x000000000800f1c4       0x9a zephyr/drivers/spi/libdrivers__spi.a(spi_ll_stm32.c.obj)
 .text.spi_stm32_complete
                0x000000000800f25e       0x78 zephyr/drivers/spi/libdrivers__spi.a(spi_ll_stm32.c.obj)
 .text.spi_stm32_transceive
                0x000000000800f2d6       0x12 zephyr/drivers/spi/libdrivers__spi.a(spi_ll_stm32.c.obj)
 .text.spi_stm32_shift_m
                0x000000000800f2e8      0x1e4 zephyr/drivers/spi/libdrivers__spi.a(spi_ll_stm32.c.obj)
 .text.spi_stm32_shift_s