Archive member included to satisfy reference by file (symbol)

app/libapp.a(main.c.obj)      (--whole-archive)
zephyr/libzephyr.a(cbprintf.c.obj)
                              (--whole-archive)
zephyr/libzephyr.a(cbprintf_packaged.c.obj)
                              (--whole-archive)
zephyr/libzephyr.a(crc32c_sw.c.obj)
                              (--whole-archive)
zephyr/libzephyr.a(crc32_sw.c.obj)
                              (--whole-archive)
zephyr/libzephyr.a(crc16_sw.c.obj)
                              (--whole-archive)
zephyr/libzephyr.a(crc8_sw.c.obj)
                              (--whole-archive)
zephyr/libzephyr.a(crc7_sw.c.obj)
                              (--whole-archive)
zephyr/libzephyr.a(dec.c.obj)
                              (--whole-archive)
zephyr/libzephyr.a(fdtable.c.obj)
                              (--whole-archive)
zephyr/libzephyr.a(hex.c.obj)
                              (--whole-archive)
zephyr/libzephyr.a(notify.c.obj)
                              (--whole-archive)
zephyr/libzephyr.a(printk.c.obj)
                              (--whole-archive)
zephyr/libzephyr.a(onoff.c.obj)
                              (--whole-archive)
zephyr/libzephyr.a(rb.c.obj)  (--whole-archive)
zephyr/libzephyr.a(sem.c.obj)
                              (--whole-archive)
zephyr/libzephyr.a(thread_entry.c.obj)
                              (--whole-archive)
zephyr/libzephyr.a(timeutil.c.obj)
                              (--whole-archive)
zephyr/libzephyr.a(heap.c.obj)
                              (--whole-archive)
zephyr/libzephyr.a(heap-validate.c.obj)
                              (--whole-archive)
zephyr/libzephyr.a(bitarray.c.obj)
                              (--whole-archive)
zephyr/libzephyr.a(multi_heap.c.obj)
                              (--whole-archive)
zephyr/libzephyr.a(cbprintf_complete.c.obj)
                              (--whole-archive)
zephyr/libzephyr.a(mpsc_pbuf.c.obj)
                              (--whole-archive)
zephyr/libzephyr.a(configs.c.obj)
                              (--whole-archive)
zephyr/libzephyr.a(soc.c.obj)
                              (--whole-archive)
zephyr/libzephyr.a(stm32cube_hal.c.obj)
                              (--whole-archive)
zephyr/libzephyr.a(soc_config.c.obj)
                              (--whole-archive)
zephyr/libzephyr.a(log_list.c.obj)
                              (--whole-archive)
zephyr/libzephyr.a(log_core.c.obj)
                              (--whole-archive)
zephyr/libzephyr.a(log_mgmt.c.obj)
                              (--whole-archive)
zephyr/libzephyr.a(log_msg.c.obj)
                              (--whole-archive)
zephyr/libzephyr.a(log_output.c.obj)
                              (--whole-archive)
zephyr/libzephyr.a(log_msg2.c.obj)
                              (--whole-archive)
zephyr/libzephyr.a(log_backend_uart.c.obj)
                              (--whole-archive)
zephyr/libzephyr.a(cpp_init.c.obj)
                              (--whole-archive)
zephyr/libzephyr.a(cpp_init_array.c.obj)
                              (--whole-archive)
zephyr/libzephyr.a(cpp_ctors.c.obj)
                              (--whole-archive)
zephyr/libzephyr.a(cpp_dtors.c.obj)
                              (--whole-archive)
zephyr/libzephyr.a(tracing_none.c.obj)
                              (--whole-archive)
zephyr/arch/common/libarch__common.a(sw_isr_common.c.obj)
                              (--whole-archive)
zephyr/arch/arch/arm/core/aarch32/libarch__arm__core__aarch32.a(cpu_idle.S.obj)
                              (--whole-archive)
zephyr/arch/arch/arm/core/aarch32/libarch__arm__core__aarch32.a(fatal.c.obj)
                              (--whole-archive)
zephyr/arch/arch/arm/core/aarch32/libarch__arm__core__aarch32.a(irq_manage.c.obj)
                              (--whole-archive)
zephyr/arch/arch/arm/core/aarch32/libarch__arm__core__aarch32.a(nmi.c.obj)
                              (--whole-archive)
zephyr/arch/arch/arm/core/aarch32/libarch__arm__core__aarch32.a(nmi_on_reset.S.obj)
                              (--whole-archive)
zephyr/arch/arch/arm/core/aarch32/libarch__arm__core__aarch32.a(prep_c.c.obj)
                              (--whole-archive)
zephyr/arch/arch/arm/core/aarch32/libarch__arm__core__aarch32.a(swap.c.obj)
                              (--whole-archive)
zephyr/arch/arch/arm/core/aarch32/libarch__arm__core__aarch32.a(swap_helper.S.obj)
                              (--whole-archive)
zephyr/arch/arch/arm/core/aarch32/libarch__arm__core__aarch32.a(thread.c.obj)
                              (--whole-archive)
zephyr/arch/arch/arm/core/aarch32/libarch__arm__core__aarch32.a(isr_wrapper.S.obj)
                              (--whole-archive)
zephyr/arch/arch/arm/core/aarch32/libarch__arm__core__aarch32.a(__aeabi_atexit.c.obj)
                              (--whole-archive)
zephyr/arch/arch/arm/core/aarch32/cortex_m/libarch__arm__core__aarch32__cortex_m.a(exc_exit.S.obj)
                              (--whole-archive)
[...]
Memory Configuration

Name             Origin             Length             Attributes
FLASH            0x0000000008000000 0x0000000000080000 xr
SRAM             0x0000000020000000 0x0000000000028000 xw
IDT_LIST         0x00000000fffff7ff 0x0000000000000800 xw
*default*        0x0000000000000000 0xffffffffffffffff

Linker script and memory map

LOAD zephyr/CMakeFiles/zephyr_final.dir/misc/empty_file.c.obj
LOAD zephyr/CMakeFiles/zephyr_final.dir/dev_handles.c.obj
LOAD zephyr/CMakeFiles/zephyr_final.dir/isr_tables.c.obj
LOAD zephyr/CMakeFiles/offsets.dir/./arch/arm/core/offsets/offsets.c.obj
                0x0000000000000020                _region_min_align = 0x20

.rel.plt        0x0000000008000000        0x0
 *(SORT_BY_ALIGNMENT(.rel.plt))
                [!provide]                        PROVIDE (__rel_iplt_start = .)
 *(SORT_BY_ALIGNMENT(.rel.iplt))
 .rel.iplt      0x0000000008000000        0x0 zephyr/CMakeFiles/zephyr_final.dir/isr_tables.c.obj
                [!provide]                        PROVIDE (__rel_iplt_end = .)

.rela.plt       0x0000000000000000        0x0
 *(SORT_BY_ALIGNMENT(.rela.plt))
                [!provide]                        PROVIDE (__rela_iplt_start = .)
 *(SORT_BY_ALIGNMENT(.rela.iplt))
                [!provide]                        PROVIDE (__rela_iplt_end = .)

.rel.dyn
 *(SORT_BY_ALIGNMENT(.rel.*))

.rela.dyn
 *(SORT_BY_ALIGNMENT(.rela.*))

/DISCARD/
 *(SORT_BY_ALIGNMENT(.plt))
 *(SORT_BY_ALIGNMENT(.iplt))
 *(SORT_BY_ALIGNMENT(.got.plt))
 *(SORT_BY_ALIGNMENT(.igot.plt))
 *(SORT_BY_ALIGNMENT(.got))
 *(SORT_BY_ALIGNMENT(.igot))
 *(SORT_BY_ALIGNMENT(.irq_info*))
 *(SORT_BY_ALIGNMENT(.intList*))
 *(SORT_BY_ALIGNMENT(.note.GNU-stack))
                0x0000000008000000                __rom_region_start = 0x8000000

rom_start       0x0000000008000000      0x194
                0x0000000000000000                . = 0x0
                0x0000000000000000                . = ALIGN (0x4)
                0x0000000000000000                . = ALIGN (0x80)
                0x0000000000000000                . = ALIGN (0x200)
                0x0000000008000000                _vector_start = .
 *(SORT_BY_ALIGNMENT(.exc_vector_table))
 *(SORT_BY_ALIGNMENT(.exc_vector_table.*))
 .exc_vector_table._vector_table_section
                0x0000000008000000       0x40 zephyr/arch/arch/arm/core/aarch32/cortex_m/libarch__arm__core__aarch32__cortex_m.a(vector_table.S.obj)
                0x0000000008000000                _vector_table
 *(SORT_BY_ALIGNMENT(.gnu.linkonce.irq_vector_table*))
 .gnu.linkonce.irq_vector_table
                0x0000000008000040      0x154 zephyr/CMakeFiles/zephyr_final.dir/isr_tables.c.obj
                0x0000000008000040                _irq_vector_table
 *(SORT_BY_ALIGNMENT(.vectors))
                0x0000000008000194                _vector_end = .

text            0x00000000080001a0    0x10db2
                0x00000000080001a0                __text_region_start = .
 *(SORT_BY_ALIGNMENT(.text))
 .text          0x00000000080001a0       0xa0 /opt/zephyr-sdk/arm-zephyr-eabi/arm-zephyr-eabi/lib/thumb/v7e-m/nofp/libc_nano.a(lib_a-memchr.o)
                0x00000000080001a0                memchr
 .text          0x0000000008000240      0x378 /opt/zephyr-sdk/arm-zephyr-eabi/bin/../lib/gcc/arm-zephyr-eabi/10.3.0/thumb/v7e-m/nofp/libgcc.a(_arm_addsubdf3.o)
                0x0000000008000240                __aeabi_drsub
                0x0000000008000248                __aeabi_dsub
                0x0000000008000248                __subdf3
                0x000000000800024c                __adddf3
                0x000000000800024c                __aeabi_dadd
                0x00000000080004c4                __aeabi_ui2d
                0x00000000080004c4                __floatunsidf
                0x00000000080004e4                __floatsidf
                0x00000000080004e4                __aeabi_i2d
                0x0000000008000508                __extendsfdf2
                0x0000000008000508                __aeabi_f2d
                0x000000000800054c                __aeabi_ul2d
                0x000000000800054c                __floatundidf
                0x000000000800055c                __floatdidf
                0x000000000800055c                __aeabi_l2d
 .text          0x00000000080005b8      0x424 /opt/zephyr-sdk/arm-zephyr-eabi/bin/../lib/gcc/arm-zephyr-eabi/10.3.0/thumb/v7e-m/nofp/libgcc.a(_arm_muldivdf3.o)
                0x00000000080005b8                __aeabi_dmul
                0x00000000080005b8                __muldf3
                0x000000000800080c                __aeabi_ddiv
                0x000000000800080c                __divdf3
 .text          0x00000000080009dc       0x30 /opt/zephyr-sdk/arm-zephyr-eabi/bin/../lib/gcc/arm-zephyr-eabi/10.3.0/thumb/v7e-m/nofp/libgcc.a(_aeabi_uldivmod.o)
                0x00000000080009dc                __aeabi_uldivmod
 .text          0x0000000008000a0c        0x4 /opt/zephyr-sdk/arm-zephyr-eabi/bin/../lib/gcc/arm-zephyr-eabi/10.3.0/thumb/v7e-m/nofp/libgcc.a(_dvmd_tls.o)
                0x0000000008000a0c                __aeabi_ldiv0
                0x0000000008000a0c                __aeabi_idiv0
 .text          0x0000000008000a10      0x110 /opt/zephyr-sdk/arm-zephyr-eabi/bin/../lib/gcc/arm-zephyr-eabi/10.3.0/thumb/v7e-m/nofp/libgcc.a(_arm_cmpdf2.o)
                0x0000000008000a10                __gtdf2
                0x0000000008000a10                __gedf2
                0x0000000008000a18                __ltdf2
                0x0000000008000a18                __ledf2
                0x0000000008000a20                __cmpdf2
                0x0000000008000a20                __eqdf2
                0x0000000008000a20                __nedf2
                0x0000000008000a9c                __aeabi_cdrcmple
                0x0000000008000aac                __aeabi_cdcmple
                0x0000000008000aac                __aeabi_cdcmpeq
                0x0000000008000abc                __aeabi_dcmpeq
                0x0000000008000ad0                __aeabi_dcmplt
                0x0000000008000ae4                __aeabi_dcmple
                0x0000000008000af8                __aeabi_dcmpge
                0x0000000008000b0c                __aeabi_dcmpgt
 .text          0x0000000008000b20       0x2c /opt/zephyr-sdk/arm-zephyr-eabi/bin/../lib/gcc/arm-zephyr-eabi/10.3.0/thumb/v7e-m/nofp/libgcc.a(_arm_unorddf2.o)
                0x0000000008000b20                __aeabi_dcmpun
                0x0000000008000b20                __unorddf2
 .text          0x0000000008000b4c       0x50 /opt/zephyr-sdk/arm-zephyr-eabi/bin/../lib/gcc/arm-zephyr-eabi/10.3.0/thumb/v7e-m/nofp/libgcc.a(_arm_fixdfsi.o)
                0x0000000008000b4c                __fixdfsi
                0x0000000008000b4c                __aeabi_d2iz
 .text          0x0000000008000b9c      0x2a6 /opt/zephyr-sdk/arm-zephyr-eabi/bin/../lib/gcc/arm-zephyr-eabi/10.3.0/thumb/v7e-m/nofp/libgcc.a(_udivmoddi4.o)
                0x0000000008000b9c                __udivmoddi4
 .text          0x0000000008000e42       0x14 /opt/zephyr-sdk/arm-zephyr-eabi/arm-zephyr-eabi/lib/thumb/v7e-m/nofp/libc_nano.a(lib_a-strcmp.o)
                0x0000000008000e42                strcmp
 .text          0x0000000008000e56       0x10 /opt/zephyr-sdk/arm-zephyr-eabi/arm-zephyr-eabi/lib/thumb/v7e-m/nofp/libc_nano.a(lib_a-strlen.o)
                0x0000000008000e56                strlen
 *(SORT_BY_ALIGNMENT(.text.*))
 *fill*         0x0000000008000e66        0x2 
 .text._dtoa_r  0x0000000008000e68      0xbdc /opt/zephyr-sdk/arm-zephyr-eabi/arm-zephyr-eabi/lib/thumb/v7e-m/nofp/libc_nano.a(lib_a-dtoa.o)
                0x0000000008000e68                _dtoa_r
 .text.event_cb
                0x0000000008001a44       0x28 app/libapp.a(main.c.obj)
                0x0000000008001a44                event_cb
 .text.task_uart_data_proc
                0x0000000008001a6c      0x104 app/libapp.a(main.c.obj)
                0x0000000008001a6c                task_uart_data_proc
 .text.task_radio_data_recv
                0x0000000008001b70       0xcc app/libapp.a(main.c.obj)
                0x0000000008001b70                task_radio_data_recv
 .text.work_radio_per_meas_handler
                0x0000000008001c3c      0x154 app/libapp.a(main.c.obj)
                0x0000000008001c3c                work_radio_per_meas_handler
 .text.system_init
                0x0000000008001d90      0x144 app/libapp.a(main.c.obj)
                0x0000000008001d90                system_init
 .text.task_radio_data_proc
                0x0000000008001ed4       0xb4 app/libapp.a(main.c.obj)
                0x0000000008001ed4                task_radio_data_proc
 .text.cbvprintf_package
                0x0000000008001f88      0x470 zephyr/libzephyr.a(cbprintf_packaged.c.obj)
                0x0000000008001f88                cbvprintf_package
 .text.char_out
                0x00000000080023f8       0x14 zephyr/libzephyr.a(printk.c.obj)
 .text.__printk_hook_install
                0x000000000800240c        0xc zephyr/libzephyr.a(printk.c.obj)
                0x000000000800240c                __printk_hook_install
 .text.vprintk  0x0000000008002418       0x20 zephyr/libzephyr.a(printk.c.obj)
                0x0000000008002418                vprintk
 .text.vsnprintk
                0x0000000008002438       0x2c zephyr/libzephyr.a(printk.c.obj)
                0x0000000008002438                vsnprintk
 .text.extract_decimal
                0x0000000008002464       0x2c zephyr/libzephyr.a(cbprintf_complete.c.obj)
 .text.extract_conversion
                0x0000000008002490      0x314 zephyr/libzephyr.a(cbprintf_complete.c.obj)
 .text.encode_uint
                0x00000000080027a4       0xe0 zephyr/libzephyr.a(cbprintf_complete.c.obj)
 .text.cbvprintf
                0x0000000008002884      0x5d0 zephyr/libzephyr.a(cbprintf_complete.c.obj)
                0x0000000008002884                cbvprintf
 .text.stm32l4_init
                0x0000000008002e54       0x2c zephyr/libzephyr.a(soc.c.obj)
 .text.thread_set
                0x0000000008002e80       0x28 zephyr/libzephyr.a(log_core.c.obj)
 .text.log_process_thread_timer_expiry_fn
                0x0000000008002ea8       0x10 zephyr/libzephyr.a(log_core.c.obj)
 .text.enable_logger
                0x0000000008002eb8       0x5c zephyr/libzephyr.a(log_core.c.obj)
 .text.log_init
                0x0000000008002f14       0x70 zephyr/libzephyr.a(log_core.c.obj)
                0x0000000008002f14                log_init
 .text.log_set_timestamp_func
                0x0000000008002f84       0x1c zephyr/libzephyr.a(log_core.c.obj)
                0x0000000008002f84                log_set_timestamp_func
 .text.z_log_notify_backend_enabled
                0x0000000008002fa0       0x20 zephyr/libzephyr.a(log_core.c.obj)
                0x0000000008002fa0                z_log_notify_backend_enabled
 .text.z_log_dropped
                0x0000000008002fc0       0x40 zephyr/libzephyr.a(log_core.c.obj)
                0x0000000008002fc0                z_log_dropped
 .text.z_log_dropped_read_and_clear
                0x0000000008003000       0x20 zephyr/libzephyr.a(log_core.c.obj)
                0x0000000008003000                z_log_dropped_read_and_clear
 .text.dropped_notify
                0x0000000008003020       0x44 zephyr/libzephyr.a(log_core.c.obj)
                0x0000000008003020                dropped_notify
 .text.z_log_dropped_pending
                0x0000000008003064       0x14 zephyr/libzephyr.a(log_core.c.obj)
                0x0000000008003064                z_log_dropped_pending
 .text.z_log_msg2_init
                0x0000000008003078       0x14 zephyr/libzephyr.a(log_core.c.obj)
                0x0000000008003078                z_log_msg2_init
 .text.log_core_init
                0x000000000800308c       0x28 zephyr/libzephyr.a(log_core.c.obj)
                0x000000000800308c                log_core_init
 .text.z_log_msg2_alloc
                0x00000000080030b4       0x14 zephyr/libzephyr.a(log_core.c.obj)
                0x00000000080030b4                z_log_msg2_alloc
 .text.z_log_msg2_claim
                0x00000000080030c8       0x10 zephyr/libzephyr.a(log_core.c.obj)
                0x00000000080030c8                z_log_msg2_claim
 .text.z_log_msg2_free
                0x00000000080030d8       0x10 zephyr/libzephyr.a(log_core.c.obj)
                0x00000000080030d8                z_log_msg2_free
 .text.msg_process
                0x00000000080030e8       0x54 zephyr/libzephyr.a(log_core.c.obj)
 .text.z_log_msg2_pending
                0x000000000800313c       0x10 zephyr/libzephyr.a(log_core.c.obj)
                0x000000000800313c                z_log_msg2_pending
 .text.z_impl_log_process
                0x000000000800314c       0x54 zephyr/libzephyr.a(log_core.c.obj)
                0x000000000800314c                z_impl_log_process
 .text.z_log_msg_post_finalize
                0x00000000080031a0       0x90 zephyr/libzephyr.a(log_core.c.obj)
 .text.z_log_msg2_commit
                0x0000000008003230       0x24 zephyr/libzephyr.a(log_core.c.obj)
                0x0000000008003230                z_log_msg2_commit
 .text.z_impl_log_panic
                0x0000000008003254       0x58 zephyr/libzephyr.a(log_core.c.obj)
                0x0000000008003254                z_impl_log_panic
 .text.log_process_thread_func
                0x00000000080032ac       0x2c zephyr/libzephyr.a(log_core.c.obj)
 .text.log_source_name_get
                0x00000000080032d8       0x20 zephyr/libzephyr.a(log_mgmt.c.obj)
                0x00000000080032d8                log_source_name_get
 .text.log_backend_enable
                0x00000000080032f8       0x24 zephyr/libzephyr.a(log_mgmt.c.obj)
                0x00000000080032f8                log_backend_enable
 .text.print_formatted
                0x000000000800331c       0x24 zephyr/libzephyr.a(log_output.c.obj)
 .text.timestamp_print
                0x0000000008003340       0x8c zephyr/libzephyr.a(log_output.c.obj)
 .text.color_print
                0x00000000080033cc       0x2c zephyr/libzephyr.a(log_output.c.obj)
 .text.newline_print
                0x00000000080033f8       0x28 zephyr/libzephyr.a(log_output.c.obj)
 .text.hexdump_line_print
                0x0000000008003420       0xc4 zephyr/libzephyr.a(log_output.c.obj)
 .text.ids_print
                0x00000000080034e4       0x6c zephyr/libzephyr.a(log_output.c.obj)
 .text.prefix_print
                0x0000000008003550       0x78 zephyr/libzephyr.a(log_output.c.obj)
 .text.log_output_msg2_process
                0x00000000080035c8       0xb8 zephyr/libzephyr.a(log_output.c.obj)
                0x00000000080035c8                log_output_msg2_process
 .text.log_output_dropped_process
                0x0000000008003680       0x58 zephyr/libzephyr.a(log_output.c.obj)
                0x0000000008003680                log_output_dropped_process
 .text.log_output_timestamp_freq_set
                0x00000000080036d8       0x2c zephyr/libzephyr.a(log_output.c.obj)
                0x00000000080036d8                log_output_timestamp_freq_set
 .text.char_out
                0x0000000008003704       0x24 zephyr/libzephyr.a(log_backend_uart.c.obj)
 .text.log_backend_uart_init
                0x0000000008003728       0x10 zephyr/libzephyr.a(log_backend_uart.c.obj)
 .text.panic    0x0000000008003738       0x18 zephyr/libzephyr.a(log_backend_uart.c.obj)
 .text.dropped  0x0000000008003750       0x10 zephyr/libzephyr.a(log_backend_uart.c.obj)
 .text.process  0x0000000008003760       0x10 zephyr/libzephyr.a(log_backend_uart.c.obj)
 .text.__do_init_array_aux
                0x0000000008003770       0x1c zephyr/libzephyr.a(cpp_init_array.c.obj)
                0x0000000008003770                __do_init_array_aux
 .text.__do_global_ctors_aux
                0x000000000800378c       0x20 zephyr/libzephyr.a(cpp_ctors.c.obj)
                0x000000000800378c                __do_global_ctors_aux
 .text.z_arm_cpu_idle_init
                0x00000000080037ac        0xc zephyr/arch/arch/arm/core/aarch32/libarch__arm__core__aarch32.a(cpu_idle.S.obj)
                0x00000000080037ac                z_arm_cpu_idle_init
 .text.arch_cpu_idle
                0x00000000080037b8       0x1c zephyr/arch/arch/arm/core/aarch32/libarch__arm__core__aarch32.a(cpu_idle.S.obj)
                0x00000000080037b8                arch_cpu_idle
 .text.esf_dump
                0x00000000080037d4      0x1dc zephyr/arch/arch/arm/core/aarch32/libarch__arm__core__aarch32.a(fatal.c.obj)
 .text.arch_irq_enable
                0x00000000080039b0       0x1c zephyr/arch/arch/arm/core/aarch32/libarch__arm__core__aarch32.a(irq_manage.c.obj)
                0x00000000080039b0                arch_irq_enable
 .text.arch_irq_disable
                0x00000000080039cc       0x28 zephyr/arch/arch/arm/core/aarch32/libarch__arm__core__aarch32.a(irq_manage.c.obj)
                0x00000000080039cc                arch_irq_disable
 .text.arch_irq_is_enabled
                0x00000000080039f4       0x1c zephyr/arch/arch/arm/core/aarch32/libarch__arm__core__aarch32.a(irq_manage.c.obj)
                0x00000000080039f4                arch_irq_is_enabled
 .text.z_arm_irq_priority_set
                0x0000000008003a10       0x2c zephyr/arch/arch/arm/core/aarch32/libarch__arm__core__aarch32.a(irq_manage.c.obj)
                0x0000000008003a10                z_arm_irq_priority_set
 .text.z_SysNmiOnReset
                0x0000000008003a3c        0x8 zephyr/arch/arch/arm/core/aarch32/libarch__arm__core__aarch32.a(nmi_on_reset.S.obj)
                0x0000000008003a3c                z_SysNmiOnReset
 .text.z_arm_prep_c
                0x0000000008003a44       0x48 zephyr/arch/arch/arm/core/aarch32/libarch__arm__core__aarch32.a(prep_c.c.obj)
                0x0000000008003a44                z_arm_prep_c
 .text.arch_swap
                0x0000000008003a8c       0x34 zephyr/arch/arch/arm/core/aarch32/libarch__arm__core__aarch32.a(swap.c.obj)
                0x0000000008003a8c                arch_swap
 .text.z_arm_pendsv
                0x0000000008003ac0       0x54 zephyr/arch/arch/arm/core/aarch32/libarch__arm__core__aarch32.a(swap_helper.S.obj)
                0x0000000008003ac0                z_arm_pendsv
 .text.z_arm_svc
                0x0000000008003b14       0x20 zephyr/arch/arch/arm/core/aarch32/libarch__arm__core__aarch32.a(swap_helper.S.obj)
                0x0000000008003b14                z_arm_svc
 .text.arch_new_thread
                0x0000000008003b34       0x40 zephyr/arch/arch/arm/core/aarch32/libarch__arm__core__aarch32.a(thread.c.obj)
                0x0000000008003b34                arch_new_thread
 .text.z_check_thread_stack_fail
                0x0000000008003b74       0x4c zephyr/arch/arch/arm/core/aarch32/libarch__arm__core__aarch32.a(thread.c.obj)
                0x0000000008003b74                z_check_thread_stack_fail
 .text.arch_switch_to_main_thread
                0x0000000008003bc0       0x2c zephyr/arch/arch/arm/core/aarch32/libarch__arm__core__aarch32.a(thread.c.obj)
                0x0000000008003bc0                arch_switch_to_main_thread
 .text._isr_wrapper
                0x0000000008003bec       0x28 zephyr/arch/arch/arm/core/aarch32/libarch__arm__core__aarch32.a(isr_wrapper.S.obj)
                0x0000000008003bec                _isr_wrapper
 .text._HandlerModeExit
                0x0000000008003c14       0x1c zephyr/arch/arch/arm/core/aarch32/cortex_m/libarch__arm__core__aarch32__cortex_m.a(exc_exit.S.obj)
                0x0000000008003c14                z_arm_exc_exit
                0x0000000008003c14                z_arm_int_exit
 .text.reserved_exception
                0x0000000008003c30       0x3c zephyr/arch/arch/arm/core/aarch32/cortex_m/libarch__arm__core__aarch32__cortex_m.a(fault.c.obj)
 .text.bus_fault
                0x0000000008003c6c      0x2dc zephyr/arch/arch/arm/core/aarch32/cortex_m/libarch__arm__core__aarch32__cortex_m.a(fault.c.obj)
 .text.usage_fault
                0x0000000008003f48      0x268 zephyr/arch/arch/arm/core/aarch32/cortex_m/libarch__arm__core__aarch32__cortex_m.a(fault.c.obj)
 .text.debug_monitor
                0x00000000080041b0       0x58 zephyr/arch/arch/arm/core/aarch32/cortex_m/libarch__arm__core__aarch32__cortex_m.a(fault.c.obj)
 .text.mem_manage_fault
                0x0000000008004208      0x2c4 zephyr/arch/arch/arm/core/aarch32/cortex_m/libarch__arm__core__aarch32__cortex_m.a(fault.c.obj)
 .text.hard_fault
                0x00000000080044cc      0x1f8 zephyr/arch/arch/arm/core/aarch32/cortex_m/libarch__arm__core__aarch32__cortex_m.a(fault.c.obj)
 .text.z_arm_fault
                0x00000000080046c4       0xf4 zephyr/arch/arch/arm/core/aarch32/cortex_m/libarch__arm__core__aarch32__cortex_m.a(fault.c.obj)
                0x00000000080046c4                z_arm_fault
 .text.z_arm_fault_init
                0x00000000080047b8       0x10 zephyr/arch/arch/arm/core/aarch32/cortex_m/libarch__arm__core__aarch32__cortex_m.a(fault.c.obj)
                0x00000000080047b8                z_arm_fault_init
 .text.__fault  0x00000000080047c8       0x14 zephyr/arch/arch/arm/core/aarch32/cortex_m/libarch__arm__core__aarch32__cortex_m.a(fault_s.S.obj)
                0x00000000080047c8                z_arm_bus_fault
                0x00000000080047c8                z_arm_usage_fault
                0x00000000080047c8                z_arm_mpu_fault
                0x00000000080047c8                z_arm_exc_spurious
                0x00000000080047c8                z_arm_debug_monitor
                0x00000000080047c8                z_arm_hard_fault
 .text.z_arm_interrupt_init
                0x00000000080047dc       0x34 zephyr/arch/arch/arm/core/aarch32/cortex_m/libarch__arm__core__aarch32__cortex_m.a(irq_init.c.obj)
                0x00000000080047dc                z_arm_interrupt_init
 .text._reset_section
                0x0000000008004810       0x2c zephyr/arch/arch/arm/core/aarch32/cortex_m/libarch__arm__core__aarch32__cortex_m.a(reset.S.obj)
                0x0000000008004810                z_arm_reset
                0x0000000008004810                __start
 .text.z_impl_k_thread_abort
                0x000000000800483c       0x2c zephyr/arch/arch/arm/core/aarch32/cortex_m/libarch__arm__core__aarch32__cortex_m.a(thread_abort.c.obj)
                0x000000000800483c                z_impl_k_thread_abort
 .text.z_arm_configure_static_mpu_regions
                0x0000000008004868       0x1c zephyr/arch/arch/arm/core/aarch32/mpu/libarch__arm__core__aarch32__mpu.a(arm_core_mpu.c.obj)
                0x0000000008004868                z_arm_configure_static_mpu_regions
 .text.z_arm_configure_dynamic_mpu_regions
                0x0000000008004884       0x24 zephyr/arch/arch/arm/core/aarch32/mpu/libarch__arm__core__aarch32__mpu.a(arm_core_mpu.c.obj)
                0x0000000008004884                z_arm_configure_dynamic_mpu_regions
 .text.region_init
                0x00000000080048a8       0x28 zephyr/arch/arch/arm/core/aarch32/mpu/libarch__arm__core__aarch32__mpu.a(arm_mpu.c.obj)
 .text.region_allocate_and_init
                0x00000000080048d0       0x68 zephyr/arch/arch/arm/core/aarch32/mpu/libarch__arm__core__aarch32__mpu.a(arm_mpu.c.obj)
 .text.mpu_configure_regions
                0x0000000008004938       0xa4 zephyr/arch/arch/arm/core/aarch32/mpu/libarch__arm__core__aarch32__mpu.a(arm_mpu.c.obj)
 .text.mpu_configure_static_mpu_regions
                0x00000000080049dc       0x14 zephyr/arch/arch/arm/core/aarch32/mpu/libarch__arm__core__aarch32__mpu.a(arm_mpu.c.obj)
 .text.mpu_configure_dynamic_mpu_regions
                0x00000000080049f0       0x34 zephyr/arch/arch/arm/core/aarch32/mpu/libarch__arm__core__aarch32__mpu.a(arm_mpu.c.obj)
 .text.arm_core_mpu_enable
                0x0000000008004a24       0x18 zephyr/arch/arch/arm/core/aarch32/mpu/libarch__arm__core__aarch32__mpu.a(arm_mpu.c.obj)
                0x0000000008004a24                arm_core_mpu_enable
 .text.arm_core_mpu_disable
                0x0000000008004a3c       0x14 zephyr/arch/arch/arm/core/aarch32/mpu/libarch__arm__core__aarch32__mpu.a(arm_mpu.c.obj)
                0x0000000008004a3c                arm_core_mpu_disable
 .text.z_arm_mpu_init
                0x0000000008004a50       0x44 zephyr/arch/arch/arm/core/aarch32/mpu/libarch__arm__core__aarch32__mpu.a(arm_mpu.c.obj)
                0x0000000008004a50                z_arm_mpu_init
 .text.__stdout_hook_install
                0x0000000008004a94        0xc zephyr/lib/libc/newlib/liblib__libc__newlib.a(libc-hooks.c.obj)
                0x0000000008004a94                __stdout_hook_install
 .text.z_impl_zephyr_read_stdin
                0x0000000008004aa0       0x2c zephyr/lib/libc/newlib/liblib__libc__newlib.a(libc-hooks.c.obj)
                0x0000000008004aa0                z_impl_zephyr_read_stdin
 .text.z_impl_zephyr_write_stdout
                0x0000000008004acc       0x34 zephyr/lib/libc/newlib/liblib__libc__newlib.a(libc-hooks.c.obj)
                0x0000000008004acc                z_impl_zephyr_write_stdout
 .text._exit    0x0000000008004b00       0x14 zephyr/lib/libc/newlib/liblib__libc__newlib.a(libc-hooks.c.obj)
                0x0000000008004b00                _exit
 .text._sbrk    0x0000000008004b14       0x2c zephyr/lib/libc/newlib/liblib__libc__newlib.a(libc-hooks.c.obj)
                0x0000000008004b14                _sbrk
                0x0000000008004b14                sbrk
 .text.__chk_fail
                0x0000000008004b40       0x1c zephyr/lib/libc/newlib/liblib__libc__newlib.a(libc-hooks.c.obj)
                0x0000000008004b40                __chk_fail
 .text.rand_get
                0x0000000008004b5c       0x64 zephyr/subsys/random/libsubsys__random.a(rand32_entropy_device.c.obj)
 .text.__stm32_exti_isr
                0x0000000008004bc0       0x4c zephyr/drivers/interrupt_controller/libdrivers__interrupt_controller.a(intc_exti_stm32.c.obj)
 .text.stm32_exti_enable
                0x0000000008004c0c       0x20 zephyr/drivers/interrupt_controller/libdrivers__interrupt_controller.a(intc_exti_stm32.c.obj)
                0x0000000008004c0c                stm32_exti_enable
 .text.stm32_exti_disable
                0x0000000008004c2c       0x18 zephyr/drivers/interrupt_controller/libdrivers__interrupt_controller.a(intc_exti_stm32.c.obj)
                0x0000000008004c2c                stm32_exti_disable
 .text.stm32_exti_trigger
                0x0000000008004c44       0x70 zephyr/drivers/interrupt_controller/libdrivers__interrupt_controller.a(intc_exti_stm32.c.obj)
                0x0000000008004c44                stm32_exti_trigger
 .text.stm32_exti_set_callback
                0x0000000008004cb4       0x24 zephyr/drivers/interrupt_controller/libdrivers__interrupt_controller.a(intc_exti_stm32.c.obj)
                0x0000000008004cb4                stm32_exti_set_callback
 .text.stm32_exti_unset_callback
                0x0000000008004cd8       0x14 zephyr/drivers/interrupt_controller/libdrivers__interrupt_controller.a(intc_exti_stm32.c.obj)
                0x0000000008004cd8                stm32_exti_unset_callback
 .text.stm32_clock_control_on
                0x0000000008004cec       0xa4 zephyr/drivers/clock_control/libdrivers__clock_control.a(clock_stm32_ll_common.c.obj)
 .text.stm32_clock_control_off
                0x0000000008004d90       0x7c zephyr/drivers/clock_control/libdrivers__clock_control.a(clock_stm32_ll_common.c.obj)
 .text.stm32_clock_control_get_subsys_rate
                0x0000000008004e0c       0x40 zephyr/drivers/clock_control/libdrivers__clock_control.a(clock_stm32_ll_common.c.obj)
 .text.stm32_clock_switch_to_hsi
                0x0000000008004e4c       0x48 zephyr/drivers/clock_control/libdrivers__clock_control.a(clock_stm32_ll_common.c.obj)
 .text.stm32_clock_control_init
                0x0000000008004e94       0x54 zephyr/drivers/clock_control/libdrivers__clock_control.a(clock_stm32_ll_common.c.obj)
                0x0000000008004e94                stm32_clock_control_init
 .text.config_enable_default_clocks
                0x0000000008004ee8       0x20 zephyr/drivers/clock_control/libdrivers__clock_control.a(clock_stm32l4_l5_wb_wl.c.obj)
                0x0000000008004ee8                config_enable_default_clocks
 .text.console_out
                0x0000000008004f08       0x2c zephyr/drivers/console/libdrivers__console.a(uart_console.c.obj)
 .text.uart_console_hook_install
                0x0000000008004f34       0x18 zephyr/drivers/console/libdrivers__console.a(uart_console.c.obj)
 .text.uart_console_init
                0x0000000008004f4c       0x24 zephyr/drivers/console/libdrivers__console.a(uart_console.c.obj)
 .text.dma_stm32_get_priority
                0x0000000008004f70       0x8c zephyr/drivers/dma/libdrivers__dma.a(dma_stm32.c.obj)
 .text.dma_stm32_get_direction
                0x0000000008004ffc       0x7c zephyr/drivers/dma/libdrivers__dma.a(dma_stm32.c.obj)
 .text.dma_stm32_get_memory_increment
                0x0000000008005078       0x78 zephyr/drivers/dma/libdrivers__dma.a(dma_stm32.c.obj)
 .text.dma_stm32_get_periph_increment
                0x00000000080050f0       0x78 zephyr/drivers/dma/libdrivers__dma.a(dma_stm32.c.obj)
 .text.dma_stm32_irq_handler
                0x0000000008005168      0x13c zephyr/drivers/dma/libdrivers__dma.a(dma_stm32.c.obj)
 .text.dma_stm32_get_status
                0x00000000080052a4       0x4c zephyr/drivers/dma/libdrivers__dma.a(dma_stm32.c.obj)
 .text.dma_stm32_stop
                0x00000000080052f0       0x50 zephyr/drivers/dma/libdrivers__dma.a(dma_stm32.c.obj)
 .text.dma_stm32_reload
                0x0000000008005340       0xec zephyr/drivers/dma/libdrivers__dma.a(dma_stm32.c.obj)
 .text.dma_stm32_configure
                0x000000000800542c      0x578 zephyr/drivers/dma/libdrivers__dma.a(dma_stm32.c.obj)
 .text.dma_stm32_init
                0x00000000080059a4       0xb0 zephyr/drivers/dma/libdrivers__dma.a(dma_stm32.c.obj)
 .text.dma_stm32_id_to_stream
                0x0000000008005a54        0xc zephyr/drivers/dma/libdrivers__dma.a(dma_stm32_v2.c.obj)
                0x0000000008005a54                dma_stm32_id_to_stream
 .text.dma_stm32_clear_ht
                0x0000000008005a60       0x10 zephyr/drivers/dma/libdrivers__dma.a(dma_stm32_v2.c.obj)
                0x0000000008005a60                dma_stm32_clear_ht
 .text.dma_stm32_clear_tc
                0x0000000008005a70       0x10 zephyr/drivers/dma/libdrivers__dma.a(dma_stm32_v2.c.obj)
                0x0000000008005a70                dma_stm32_clear_tc
 .text.dma_stm32_is_ht_active
                0x0000000008005a80       0x18 zephyr/drivers/dma/libdrivers__dma.a(dma_stm32_v2.c.obj)
                0x0000000008005a80                dma_stm32_is_ht_active
 .text.dma_stm32_is_tc_active
                0x0000000008005a98       0x18 zephyr/drivers/dma/libdrivers__dma.a(dma_stm32_v2.c.obj)
                0x0000000008005a98                dma_stm32_is_tc_active
 .text.dma_stm32_clear_te
                0x0000000008005ab0       0x10 zephyr/drivers/dma/libdrivers__dma.a(dma_stm32_v2.c.obj)
                0x0000000008005ab0                dma_stm32_clear_te
 .text.dma_stm32_is_te_active
                0x0000000008005ac0       0x18 zephyr/drivers/dma/libdrivers__dma.a(dma_stm32_v2.c.obj)
                0x0000000008005ac0                dma_stm32_is_te_active
 .text.dma_stm32_is_gi_active
                0x0000000008005ad8       0x18 zephyr/drivers/dma/libdrivers__dma.a(dma_stm32_v2.c.obj)
                0x0000000008005ad8                dma_stm32_is_gi_active
 .text.stm32_dma_dump_stream_irq
                0x0000000008005af0      0x12c zephyr/drivers/dma/libdrivers__dma.a(dma_stm32_v2.c.obj)
                0x0000000008005af0                stm32_dma_dump_stream_irq
 .text.stm32_dma_is_tc_irq_active
                0x0000000008005c1c       0x34 zephyr/drivers/dma/libdrivers__dma.a(dma_stm32_v2.c.obj)
                0x0000000008005c1c                stm32_dma_is_tc_irq_active
 .text.stm32_dma_is_ht_irq_active
                0x0000000008005c50       0x34 zephyr/drivers/dma/libdrivers__dma.a(dma_stm32_v2.c.obj)
                0x0000000008005c50                stm32_dma_is_ht_irq_active
 .text.stm32_dma_enable_stream
                0x0000000008005c84       0x1c zephyr/drivers/dma/libdrivers__dma.a(dma_stm32_v2.c.obj)
                0x0000000008005c84                stm32_dma_enable_stream
 .text.stm32_dma_disable_stream
                0x0000000008005ca0       0x2c zephyr/drivers/dma/libdrivers__dma.a(dma_stm32_v2.c.obj)
                0x0000000008005ca0                stm32_dma_disable_stream
 .text.gpio_stm32_set_exti_source
                0x0000000008005ccc       0x5c zephyr/drivers/gpio/libdrivers__gpio.a(gpio_stm32.c.obj)
 .text.gpio_stm32_get_exti_source
                0x0000000008005d28       0x4c zephyr/drivers/gpio/libdrivers__gpio.a(gpio_stm32.c.obj)
 .text.gpio_stm32_clock_request
                0x0000000008005d74       0x44 zephyr/drivers/gpio/libdrivers__gpio.a(gpio_stm32.c.obj)
 .text.gpio_stm32_enable_int
                0x0000000008005db8       0x48 zephyr/drivers/gpio/libdrivers__gpio.a(gpio_stm32.c.obj)
 .text.gpio_stm32_pin_interrupt_configure
                0x0000000008005e00       0x94 zephyr/drivers/gpio/libdrivers__gpio.a(gpio_stm32.c.obj)
 .text.spi_stm32_get_err
                0x0000000008005e94       0x54 zephyr/drivers/spi/libdrivers__spi.a(spi_ll_stm32.c.obj)
 .text.spi_stm32_configure
                0x0000000008005ee8      0x2c4 zephyr/drivers/spi/libdrivers__spi.a(spi_ll_stm32.c.obj)
 .text.spi_stm32_init
                0x00000000080061ac      0x1f0 zephyr/drivers/spi/libdrivers__spi.a(spi_ll_stm32.c.obj)
 .text.transceive
                0x000000000800639c      0x1c4 zephyr/drivers/spi/libdrivers__spi.a(spi_ll_stm32.c.obj)
 .text.timer_callback
                0x0000000008006560       0x10 zephyr/drivers/lora/libloramac-node.a(hal_common.c.obj)
 .text.RtcGetTimerElapsedTime
                0x0000000008006570       0x1c zephyr/drivers/lora/libloramac-node.a(hal_common.c.obj)
                0x0000000008006570                RtcGetTimerElapsedTime
 .text.RtcStopAlarm
                0x000000000800658c       0x10 zephyr/drivers/lora/libloramac-node.a(hal_common.c.obj)
                0x000000000800658c                RtcStopAlarm
 .text.RtcSetAlarm
                0x000000000800659c       0x2c zephyr/drivers/lora/libloramac-node.a(hal_common.c.obj)
                0x000000000800659c                RtcSetAlarm
 .text.RtcSetTimerContext
                0x00000000080065c8       0x18 zephyr/drivers/lora/libloramac-node.a(hal_common.c.obj)
                0x00000000080065c8                RtcSetTimerContext
 .text.RtcGetTimerContext
                0x00000000080065e0        0xc zephyr/drivers/lora/libloramac-node.a(hal_common.c.obj)
                0x00000000080065e0                RtcGetTimerContext
 .text.modem_release
                0x00000000080065ec       0x50 zephyr/drivers/lora/libloramac-node.a(sx12xx_common.c.obj)
 .text.sx12xx_ev_rx_done
                0x000000000800663c       0xb4 zephyr/drivers/lora/libloramac-node.a(sx12xx_common.c.obj)
 .text.sx12xx_ev_tx_done
                0x00000000080066f0       0x1c zephyr/drivers/lora/libloramac-node.a(sx12xx_common.c.obj)
 .text.__sx12xx_configure_pin
                0x000000000800670c       0xa4 zephyr/drivers/lora/libloramac-node.a(sx12xx_common.c.obj)
                0x000000000800670c                __sx12xx_configure_pin
 .text.sx12xx_lora_send_async
                0x00000000080067b0       0x4c zephyr/drivers/lora/libloramac-node.a(sx12xx_common.c.obj)
                0x00000000080067b0                sx12xx_lora_send_async
 .text.sx12xx_lora_send
                0x00000000080067fc      0x1b4 zephyr/drivers/lora/libloramac-node.a(sx12xx_common.c.obj)
                0x00000000080067fc                sx12xx_lora_send
 .text.sx12xx_lora_recv
                0x00000000080069b0      0x10c zephyr/drivers/lora/libloramac-node.a(sx12xx_common.c.obj)
                0x00000000080069b0                sx12xx_lora_recv
 .text.sx12xx_lora_recv_async
                0x0000000008006abc       0x60 zephyr/drivers/lora/libloramac-node.a(sx12xx_common.c.obj)
                0x0000000008006abc                sx12xx_lora_recv_async
 .text.sx12xx_lora_config
                0x0000000008006b1c       0xb4 zephyr/drivers/lora/libloramac-node.a(sx12xx_common.c.obj)
                0x0000000008006b1c                sx12xx_lora_config
 .text.sx12xx_lora_test_cw
                0x0000000008006bd0       0x44 zephyr/drivers/lora/libloramac-node.a(sx12xx_common.c.obj)
                0x0000000008006bd0                sx12xx_lora_test_cw
 .text.sx12xx_init
                0x0000000008006c14       0x4c zephyr/drivers/lora/libloramac-node.a(sx12xx_common.c.obj)
                0x0000000008006c14                sx12xx_init
 .text.sx127x_dio_work_handle
                0x0000000008006c60       0x1c zephyr/drivers/lora/libloramac-node.a(sx127x.c.obj)
 .text.sx127x_transceive
                0x0000000008006c7c       0x54 zephyr/drivers/lora/libloramac-node.a(sx127x.c.obj)
 .text.sx127x_irq_callback
                0x0000000008006cd0       0x50 zephyr/drivers/lora/libloramac-node.a(sx127x.c.obj)
 .text.SX1276Reset
                0x0000000008006d20       0x68 zephyr/drivers/lora/libloramac-node.a(sx127x.c.obj)
                0x0000000008006d20                SX1276Reset
 .text.SX1276IoIrqInit
                0x0000000008006d88      0x194 zephyr/drivers/lora/libloramac-node.a(sx127x.c.obj)
                0x0000000008006d88                SX1276IoIrqInit
 .text.SX1276ReadBuffer
                0x0000000008006f1c       0x64 zephyr/drivers/lora/libloramac-node.a(sx127x.c.obj)
                0x0000000008006f1c                SX1276ReadBuffer
 .text.sx127x_lora_init
                0x0000000008006f80      0x23c zephyr/drivers/lora/libloramac-node.a(sx127x.c.obj)
 .text.SX1276WriteBuffer
                0x00000000080071bc       0x64 zephyr/drivers/lora/libloramac-node.a(sx127x.c.obj)
                0x00000000080071bc                SX1276WriteBuffer
 .text.SX1276SetRfTxPower
                0x0000000008007220      0x178 zephyr/drivers/lora/libloramac-node.a(sx127x.c.obj)
                0x0000000008007220                SX1276SetRfTxPower
 .text.SX1276GetDio1PinState
                0x0000000008007398       0x38 zephyr/drivers/lora/libloramac-node.a(sx127x.c.obj)
                0x0000000008007398                SX1276GetDio1PinState
 .text.TimerInsertTimer
                0x00000000080073d0       0x2c zephyr/drivers/lora/libloramac-node.a(timer.c.obj)
 .text.TimerExists
                0x00000000080073fc       0x1c zephyr/drivers/lora/libloramac-node.a(timer.c.obj)
 .text.TimerInsertNewHeadTimer
                0x0000000008007418       0x1c zephyr/drivers/lora/libloramac-node.a(timer.c.obj)
 .text.TimerStart
                0x0000000008007434       0x6c zephyr/drivers/lora/libloramac-node.a(timer.c.obj)
                0x0000000008007434                TimerStart
 .text.TimerIrqHandler
                0x00000000080074a0       0x88 zephyr/drivers/lora/libloramac-node.a(timer.c.obj)
                0x00000000080074a0                TimerIrqHandler
 .text.TimerStop
                0x0000000008007528       0x80 zephyr/drivers/lora/libloramac-node.a(timer.c.obj)
                0x0000000008007528                TimerStop
 .text.SX1276ConvertFreqInHzToPllStep
                0x00000000080075a8       0x28 zephyr/drivers/lora/libloramac-node.a(sx1276.c.obj)
 .text.GetFskBandwidthRegValue
                0x00000000080075d0       0x50 zephyr/drivers/lora/libloramac-node.a(sx1276.c.obj)
 .text.SX1276GetLoRaBandwidthInHz
                0x0000000008007620       0x28 zephyr/drivers/lora/libloramac-node.a(sx1276.c.obj)
 .text.SX1276OnDio4Irq
                0x0000000008007648       0x20 zephyr/drivers/lora/libloramac-node.a(sx1276.c.obj)
 .text.SX1276GetStatus
                0x0000000008007668        0xc zephyr/drivers/lora/libloramac-node.a(sx1276.c.obj)
                0x0000000008007668                SX1276GetStatus
 .text.SX1276SetChannel
                0x0000000008007674       0x34 zephyr/drivers/lora/libloramac-node.a(sx1276.c.obj)
                0x0000000008007674                SX1276SetChannel
 .text.SX1276OnDio3Irq
                0x00000000080076a8       0x5c zephyr/drivers/lora/libloramac-node.a(sx1276.c.obj)
 .text.SX1276OnDio2Irq
                0x0000000008007704       0xf8 zephyr/drivers/lora/libloramac-node.a(sx1276.c.obj)
 .text.SX1276OnDio1Irq
                0x00000000080077fc      0x148 zephyr/drivers/lora/libloramac-node.a(sx1276.c.obj)
 .text.SX1276OnDio0Irq
                0x0000000008007944      0x2f0 zephyr/drivers/lora/libloramac-node.a(sx1276.c.obj)
 .text.RxChainCalibration
                0x0000000008007c34       0x88 zephyr/drivers/lora/libloramac-node.a(sx1276.c.obj)
 .text.SX1276SetSleep
                0x0000000008007cbc       0x3c zephyr/drivers/lora/libloramac-node.a(sx1276.c.obj)
                0x0000000008007cbc                SX1276SetSleep
 .text.SX1276SetStby
                0x0000000008007cf8       0x34 zephyr/drivers/lora/libloramac-node.a(sx1276.c.obj)
                0x0000000008007cf8                SX1276SetStby
 .text.SX1276SetTx
                0x0000000008007d2c       0xb8 zephyr/drivers/lora/libloramac-node.a(sx1276.c.obj)
 .text.SX1276Send
                0x0000000008007de4      0x124 zephyr/drivers/lora/libloramac-node.a(sx1276.c.obj)
                0x0000000008007de4                SX1276Send
 .text.SX1276SetRx
                0x0000000008007f08      0x290 zephyr/drivers/lora/libloramac-node.a(sx1276.c.obj)
                0x0000000008007f08                SX1276SetRx
 .text.SX1276ReadRssi
                0x0000000008008198       0x50 zephyr/drivers/lora/libloramac-node.a(sx1276.c.obj)
                0x0000000008008198                SX1276ReadRssi
 .text.SX1276SetModem
                0x00000000080081e8       0x8c zephyr/drivers/lora/libloramac-node.a(sx1276.c.obj)
                0x00000000080081e8                SX1276SetModem
 .text.SX1276Init
                0x0000000008008274       0x88 zephyr/drivers/lora/libloramac-node.a(sx1276.c.obj)
                0x0000000008008274                SX1276Init
 .text.SX1276SetRxConfig
                0x00000000080082fc      0x2cc zephyr/drivers/lora/libloramac-node.a(sx1276.c.obj)
                0x00000000080082fc                SX1276SetRxConfig
 .text.SX1276SetTxConfig
                0x00000000080085c8      0x24c zephyr/drivers/lora/libloramac-node.a(sx1276.c.obj)
                0x00000000080085c8                SX1276SetTxConfig
 .text.SX1276SetTxContinuousWave
                0x0000000008008814       0x80 zephyr/drivers/lora/libloramac-node.a(sx1276.c.obj)
                0x0000000008008814                SX1276SetTxContinuousWave
 .text.SX1276SetMaxPayloadLength
                0x0000000008008894       0x34 zephyr/drivers/lora/libloramac-node.a(sx1276.c.obj)
                0x0000000008008894                SX1276SetMaxPayloadLength
 .text.SX1276SetPublicNetwork
                0x00000000080088c8       0x2c zephyr/drivers/lora/libloramac-node.a(sx1276.c.obj)
                0x00000000080088c8                SX1276SetPublicNetwork
 .text.SX1276OnTimeoutIrq
                0x00000000080088f4       0xe0 zephyr/drivers/lora/libloramac-node.a(sx1276.c.obj)
 .text.uart_stm32_async_rx_buf_rsp
                0x00000000080089d4       0xb0 zephyr/drivers/serial/libdrivers__serial.a(uart_stm32.c.obj)
 .text.uart_stm32_configure
                0x0000000008008a84      0x24c zephyr/drivers/serial/libdrivers__serial.a(uart_stm32.c.obj)
 .text.uart_stm32_async_init
                0x0000000008008cd0      0x178 zephyr/drivers/serial/libdrivers__serial.a(uart_stm32.c.obj)
 .text.uart_stm32_dma_replace_buffer
                0x0000000008008e48      0x118 zephyr/drivers/serial/libdrivers__serial.a(uart_stm32.c.obj)
 .text.uart_stm32_async_tx_abort
                0x0000000008008f60      0x12c zephyr/drivers/serial/libdrivers__serial.a(uart_stm32.c.obj)
 .text.uart_stm32_async_tx_timeout
                0x000000000800908c       0x70 zephyr/drivers/serial/libdrivers__serial.a(uart_stm32.c.obj)
 .text.uart_stm32_async_rx_enable
                0x00000000080090fc      0x1f4 zephyr/drivers/serial/libdrivers__serial.a(uart_stm32.c.obj)
 .text.async_evt_rx_rdy
                0x00000000080092f0       0xf0 zephyr/drivers/serial/libdrivers__serial.a(uart_stm32.c.obj)
 .text.uart_stm32_async_rx_disable
                0x00000000080093e0      0x100 zephyr/drivers/serial/libdrivers__serial.a(uart_stm32.c.obj)
 .text.uart_stm32_async_rx_timeout
                0x00000000080094e0       0x84 zephyr/drivers/serial/libdrivers__serial.a(uart_stm32.c.obj)
 .text.uart_stm32_dma_rx_cb
                0x0000000008009564      0x120 zephyr/drivers/serial/libdrivers__serial.a(uart_stm32.c.obj)
                0x0000000008009564                uart_stm32_dma_rx_cb
 .text.uart_stm32_isr
                0x0000000008009684      0x26c zephyr/drivers/serial/libdrivers__serial.a(uart_stm32.c.obj)
 .text.uart_stm32_init
                0x00000000080098f0      0x1ec zephyr/drivers/serial/libdrivers__serial.a(uart_stm32.c.obj)
 .text.uart_stm32_async_tx
                0x0000000008009adc      0x29c zephyr/drivers/serial/libdrivers__serial.a(uart_stm32.c.obj)
 .text.random_byte_get
                0x0000000008009d78       0x64 zephyr/drivers/entropy/libdrivers__entropy.a(entropy_stm32.c.obj)
 .text.rng_pool_get
                0x0000000008009ddc       0x9c zephyr/drivers/entropy/libdrivers__entropy.a(entropy_stm32.c.obj)
 .text.entropy_stm32_rng_get_entropy_isr
                0x0000000008009e78       0x98 zephyr/drivers/entropy/libdrivers__entropy.a(entropy_stm32.c.obj)
 .text.stm32_rng_isr
                0x0000000008009f10       0x4c zephyr/drivers/entropy/libdrivers__entropy.a(entropy_stm32.c.obj)
 .text.entropy_stm32_rng_get_entropy
                0x0000000008009f5c       0x58 zephyr/drivers/entropy/libdrivers__entropy.a(entropy_stm32.c.obj)
 .text.entropy_stm32_rng_init
                0x0000000008009fb4       0xc4 zephyr/drivers/entropy/libdrivers__entropy.a(entropy_stm32.c.obj)
 .text.elapsed  0x000000000800a078       0x3c zephyr/drivers/timer/libdrivers__timer.a(cortex_m_systick.c.obj)
 .text.sys_clock_driver_init
                0x000000000800a0b4       0x34 zephyr/drivers/timer/libdrivers__timer.a(cortex_m_systick.c.obj)
 .text.sys_clock_isr
                0x000000000800a0e8       0x48 zephyr/drivers/timer/libdrivers__timer.a(cortex_m_systick.c.obj)
                0x000000000800a0e8                sys_clock_isr
 .text.sys_clock_set_timeout
                0x000000000800a130      0x104 zephyr/drivers/timer/libdrivers__timer.a(cortex_m_systick.c.obj)
                0x000000000800a130                sys_clock_set_timeout
 .text.sys_clock_elapsed
                0x000000000800a234       0x40 zephyr/drivers/timer/libdrivers__timer.a(cortex_m_systick.c.obj)
                0x000000000800a234                sys_clock_elapsed
 .text.sys_clock_cycle_get_32
                0x000000000800a274       0x2c zephyr/drivers/timer/libdrivers__timer.a(cortex_m_systick.c.obj)
                0x000000000800a274                sys_clock_cycle_get_32
 .text.stm32_pin_configure
                0x000000000800a2a0       0x40 zephyr/drivers/pinctrl/libdrivers__pinctrl.a(pinctrl_stm32.c.obj)
 .text.LL_DMA_Init
                0x000000000800a2e0       0x80 modules/stm32/stm32cube/lib..__modules__hal__stm32__stm32cube.a(stm32l4xx_ll_dma.c.obj)
                0x000000000800a2e0                LL_DMA_Init
 .text.UTILS_PLL_IsBusy
                0x000000000800a360       0x24 modules/stm32/stm32cube/lib..__modules__hal__stm32__stm32cube.a(stm32l4xx_ll_utils.c.obj)
 .text.LL_SetSystemCoreClock
                0x000000000800a384        0xc modules/stm32/stm32cube/lib..__modules__hal__stm32__stm32cube.a(stm32l4xx_ll_utils.c.obj)
                0x000000000800a384                LL_SetSystemCoreClock
 .text.LL_SetFlashLatency
                0x000000000800a390       0xd0 modules/stm32/stm32cube/lib..__modules__hal__stm32__stm32cube.a(stm32l4xx_ll_utils.c.obj)
                0x000000000800a390                LL_SetFlashLatency
 .text.UTILS_EnablePLLAndSwitchSystem
                0x000000000800a460       0xb0 modules/stm32/stm32cube/lib..__modules__hal__stm32__stm32cube.a(stm32l4xx_ll_utils.c.obj)
 .text.LL_PLL_ConfigSystemClock_HSI
                0x000000000800a510       0x68 modules/stm32/stm32cube/lib..__modules__hal__stm32__stm32cube.a(stm32l4xx_ll_utils.c.obj)
                0x000000000800a510                LL_PLL_ConfigSystemClock_HSI
 .text.z_device_state_init
                0x000000000800a578       0x18 zephyr/kernel/libkernel.a(device.c.obj)
                0x000000000800a578                z_device_state_init
 .text.z_sys_init_run_level
                0x000000000800a590       0x50 zephyr/kernel/libkernel.a(device.c.obj)
                0x000000000800a590                z_sys_init_run_level
 .text.z_impl_device_get_binding
                0x000000000800a5e0       0x64 zephyr/kernel/libkernel.a(device.c.obj)
                0x000000000800a5e0                z_impl_device_get_binding
 .text.z_impl_z_errno
                0x000000000800a644        0xc zephyr/kernel/libkernel.a(errno.c.obj)
                0x000000000800a644                z_impl_z_errno
 .text.reason_to_str
                0x000000000800a650       0x40 zephyr/kernel/libkernel.a(fatal.c.obj)
 .text.thread_name_get
                0x000000000800a690       0x20 zephyr/kernel/libkernel.a(fatal.c.obj)
 .text.k_sys_fatal_error_handler
                0x000000000800a6b0       0x5c zephyr/kernel/libkernel.a(fatal.c.obj)
                0x000000000800a6b0                k_sys_fatal_error_handler
 .text.z_fatal_error
                0x000000000800a70c       0xd4 zephyr/kernel/libkernel.a(fatal.c.obj)
                0x000000000800a70c                z_fatal_error
 .text.init_idle_thread
                0x000000000800a7e0       0x58 zephyr/kernel/libkernel.a(init.c.obj)
 .text.prepare_multithreading
                0x000000000800a838       0x94 zephyr/kernel/libkernel.a(init.c.obj)
 .text.bg_thread_main
                0x000000000800a8cc       0x38 zephyr/kernel/libkernel.a(init.c.obj)
 .text.switch_to_main_thread
                0x000000000800a904       0x14 zephyr/kernel/libkernel.a(init.c.obj)
 .text.z_bss_zero
                0x000000000800a918       0x18 zephyr/kernel/libkernel.a(init.c.obj)
                0x000000000800a918                z_bss_zero
 .text.z_cstart
                0x000000000800a930       0x88 zephyr/kernel/libkernel.a(init.c.obj)
                0x000000000800a930                z_cstart
 .text.init_mem_slab_module
                0x000000000800a9b8       0x24 zephyr/kernel/libkernel.a(mem_slab.c.obj)
 .text.schedule_new_thread
                0x000000000800a9dc       0x1c zephyr/kernel/libkernel.a(thread.c.obj)
 .text.z_setup_new_thread
                0x000000000800a9f8       0x60 zephyr/kernel/libkernel.a(thread.c.obj)
                0x000000000800a9f8                z_setup_new_thread
 .text.z_init_static_threads
                0x000000000800aa58       0x84 zephyr/kernel/libkernel.a(thread.c.obj)
                0x000000000800aa58                z_init_static_threads
 .text.z_impl_k_msgq_put
                0x000000000800aadc       0xb8 zephyr/kernel/libkernel.a(msg_q.c.obj)
                0x000000000800aadc                z_impl_k_msgq_put
 .text.z_impl_k_msgq_get
                0x000000000800ab94       0xc0 zephyr/kernel/libkernel.a(msg_q.c.obj)
                0x000000000800ab94                z_impl_k_msgq_get
 .text.z_impl_k_mutex_lock
                0x000000000800ac54      0x114 zephyr/kernel/libkernel.a(mutex.c.obj)
                0x000000000800ac54                z_impl_k_mutex_lock
 .text.z_impl_k_mutex_unlock
                0x000000000800ad68       0x84 zephyr/kernel/libkernel.a(mutex.c.obj)
                0x000000000800ad68                z_impl_k_mutex_unlock
 .text.z_impl_k_sem_give
                0x000000000800adec       0x50 zephyr/kernel/libkernel.a(sem.c.obj)
                0x000000000800adec                z_impl_k_sem_give
 .text.z_impl_k_sem_take
                0x000000000800ae3c       0x50 zephyr/kernel/libkernel.a(sem.c.obj)
                0x000000000800ae3c                z_impl_k_sem_take
 .text.submit_to_queue_locked
                0x000000000800ae8c       0xd8 zephyr/kernel/libkernel.a(work.c.obj)
 .text.schedule_for_queue_locked
                0x000000000800af64       0x34 zephyr/kernel/libkernel.a(work.c.obj)
 .text.finalize_cancel_locked
                0x000000000800af98       0x7c zephyr/kernel/libkernel.a(work.c.obj)
 .text.work_queue_main
                0x000000000800b014       0xf0 zephyr/kernel/libkernel.a(work.c.obj)
 .text.k_work_submit
                0x000000000800b104       0x10 zephyr/kernel/libkernel.a(work.c.obj)
                0x000000000800b104                k_work_submit
 .text.k_work_queue_start
                0x000000000800b114       0x7c zephyr/kernel/libkernel.a(work.c.obj)
                0x000000000800b114                k_work_queue_start
 .text.k_work_reschedule
                0x000000000800b190       0x10 zephyr/kernel/libkernel.a(work.c.obj)
                0x000000000800b190                k_work_reschedule
 .text.add_thread_timeout
                0x000000000800b1a0       0x20 zephyr/kernel/libkernel.a(sched.c.obj)
 .text.z_reset_time_slice
                0x000000000800b1c0       0x2c zephyr/kernel/libkernel.a(sched.c.obj)
                0x000000000800b1c0                z_reset_time_slice
 .text.k_sched_time_slice_set
                0x000000000800b1ec       0x5c zephyr/kernel/libkernel.a(sched.c.obj)
                0x000000000800b1ec                k_sched_time_slice_set
 .text.z_reschedule
                0x000000000800b248       0x38 zephyr/kernel/libkernel.a(sched.c.obj)
                0x000000000800b248                z_reschedule
 .text.k_sched_lock
                0x000000000800b280       0x34 zephyr/kernel/libkernel.a(sched.c.obj)
                0x000000000800b280                k_sched_lock
 .text.update_cache
                0x000000000800b2b4       0x4c zephyr/kernel/libkernel.a(sched.c.obj)
 .text.move_thread_to_end_of_prio_q
                0x000000000800b300       0x88 zephyr/kernel/libkernel.a(sched.c.obj)
 .text.z_time_slice
                0x000000000800b388       0xac zephyr/kernel/libkernel.a(sched.c.obj)
                0x000000000800b388                z_time_slice
 .text.ready_thread
                0x000000000800b434       0x80 zephyr/kernel/libkernel.a(sched.c.obj)
 .text.z_sched_start
                0x000000000800b4b4       0x3c zephyr/kernel/libkernel.a(sched.c.obj)
                0x000000000800b4b4                z_sched_start
 .text.unready_thread
                0x000000000800b4f0       0x38 zephyr/kernel/libkernel.a(sched.c.obj)
 .text.z_pend_curr
                0x000000000800b528       0x28 zephyr/kernel/libkernel.a(sched.c.obj)
                0x000000000800b528                z_pend_curr
 .text.z_set_prio
                0x000000000800b550       0xc0 zephyr/kernel/libkernel.a(sched.c.obj)
                0x000000000800b550                z_set_prio
 .text.z_impl_k_thread_suspend
                0x000000000800b610       0x84 zephyr/kernel/libkernel.a(sched.c.obj)
                0x000000000800b610                z_impl_k_thread_suspend
 .text.k_sched_unlock
                0x000000000800b694       0x50 zephyr/kernel/libkernel.a(sched.c.obj)
                0x000000000800b694                k_sched_unlock
 .text.end_thread
                0x000000000800b6e4       0x94 zephyr/kernel/libkernel.a(sched.c.obj)
 .text.z_sched_init
                0x000000000800b778       0x18 zephyr/kernel/libkernel.a(sched.c.obj)
                0x000000000800b778                z_sched_init
 .text.z_impl_k_yield
                0x000000000800b790       0x88 zephyr/kernel/libkernel.a(sched.c.obj)
                0x000000000800b790                z_impl_k_yield
 .text.z_tick_sleep
                0x000000000800b818       0x98 zephyr/kernel/libkernel.a(sched.c.obj)
 .text.z_impl_k_sleep
                0x000000000800b8b0       0x30 zephyr/kernel/libkernel.a(sched.c.obj)
                0x000000000800b8b0                z_impl_k_sleep
 .text.z_impl_z_current_get
                0x000000000800b8e0        0xc zephyr/kernel/libkernel.a(sched.c.obj)
                0x000000000800b8e0                z_impl_z_current_get
 .text.z_impl_k_is_preempt_thread
                0x000000000800b8ec       0x20 zephyr/kernel/libkernel.a(sched.c.obj)
                0x000000000800b8ec                z_impl_k_is_preempt_thread
 .text.z_thread_abort
                0x000000000800b90c       0x50 zephyr/kernel/libkernel.a(sched.c.obj)
                0x000000000800b90c                z_thread_abort
 .text.z_sched_wait
                0x000000000800b95c       0x28 zephyr/kernel/libkernel.a(sched.c.obj)
                0x000000000800b95c                z_sched_wait
 .text.z_data_copy
                0x000000000800b984       0x34 zephyr/kernel/libkernel.a(xip.c.obj)
                0x000000000800b984                z_data_copy
 .text.first    0x000000000800b9b8       0x14 zephyr/kernel/libkernel.a(timeout.c.obj)
 .text.next     0x000000000800b9cc       0x18 zephyr/kernel/libkernel.a(timeout.c.obj)
 .text.elapsed  0x000000000800b9e4       0x18 zephyr/kernel/libkernel.a(timeout.c.obj)
 .text.next_timeout
                0x000000000800b9fc       0x4c zephyr/kernel/libkernel.a(timeout.c.obj)
 .text.z_add_timeout
                0x000000000800ba48      0x118 zephyr/kernel/libkernel.a(timeout.c.obj)
                0x000000000800ba48                z_add_timeout
 .text.sys_clock_announce
                0x000000000800bb60       0xc4 zephyr/kernel/libkernel.a(timeout.c.obj)
                0x000000000800bb60                sys_clock_announce
 .text.sys_clock_tick_get
                0x000000000800bc24       0x40 zephyr/kernel/libkernel.a(timeout.c.obj)
                0x000000000800bc24                sys_clock_tick_get
 .text.z_impl_k_busy_wait
                0x000000000800bc64       0x34 zephyr/kernel/libkernel.a(timeout.c.obj)
                0x000000000800bc64                z_impl_k_busy_wait
 .text.z_timer_expiration_handler
                0x000000000800bc98       0x94 zephyr/kernel/libkernel.a(timer.c.obj)
                0x000000000800bc98                z_timer_expiration_handler
 .text.z_impl_k_timer_start
                0x000000000800bd2c       0xac zephyr/kernel/libkernel.a(timer.c.obj)
                0x000000000800bd2c                z_impl_k_timer_start
 .text.register_events
                0x000000000800bdd8      0x3f4 zephyr/kernel/libkernel.a(poll.c.obj)
 .text.z_impl_k_poll
                0x000000000800c1cc      0x158 zephyr/kernel/libkernel.a(poll.c.obj)
                0x000000000800c1cc                z_impl_k_poll
 .text.z_impl_k_poll_signal_raise
                0x000000000800c324       0x54 zephyr/kernel/libkernel.a(poll.c.obj)
                0x000000000800c324                z_impl_k_poll_signal_raise
 .text.boot_banner
                0x000000000800c378       0x1c zephyr/kernel/libkernel.a(banner.c.obj)
                0x000000000800c378                boot_banner
 .text.statics_init
                0x000000000800c394       0x24 zephyr/kernel/libkernel.a(kheap.c.obj)
 .text.k_sys_work_q_init
                0x000000000800c3b8       0x34 zephyr/kernel/libkernel.a(system_work_q.c.obj)
 .text.malloc   0x000000000800c3ec       0x10 /opt/zephyr-sdk/arm-zephyr-eabi/arm-zephyr-eabi/lib/thumb/v7e-m/nofp/libc_nano.a(lib_a-malloc.o)
                0x000000000800c3ec                malloc
 .text._free_r  0x000000000800c3fc       0x94 /opt/zephyr-sdk/arm-zephyr-eabi/arm-zephyr-eabi/lib/thumb/v7e-m/nofp/libc_nano.a(lib_a-nano-freer.o)
                0x000000000800c3fc                _free_r
 .text._malloc_r
                0x000000000800c490       0xb4 /opt/zephyr-sdk/arm-zephyr-eabi/arm-zephyr-eabi/lib/thumb/v7e-m/nofp/libc_nano.a(lib_a-nano-mallocr.o)
                0x000000000800c490                _malloc_r
 .text._printf_float
                0x000000000800c544      0x454 /opt/zephyr-sdk/arm-zephyr-eabi/arm-zephyr-eabi/lib/thumb/v7e-m/nofp/libc_nano.a(lib_a-nano-vfprintf_float.o)
                0x000000000800c544                _printf_float
 .text._printf_i
                0x000000000800c998      0x24c /opt/zephyr-sdk/arm-zephyr-eabi/arm-zephyr-eabi/lib/thumb/v7e-m/nofp/libc_nano.a(lib_a-nano-vfprintf_i.o)
                0x000000000800c998                _printf_i
 .text._sbrk_r  0x000000000800cbe4       0x20 /opt/zephyr-sdk/arm-zephyr-eabi/arm-zephyr-eabi/lib/thumb/v7e-m/nofp/libc_nano.a(lib_a-sbrkr.o)
                0x000000000800cbe4                _sbrk_r
 .text.strtok   0x000000000800cc04       0x68 /opt/zephyr-sdk/arm-zephyr-eabi/arm-zephyr-eabi/lib/thumb/v7e-m/nofp/libc_nano.a(lib_a-strtok.o)
                0x000000000800cc04                strtok
 .text._strtol_l.constprop.0
                0x000000000800cc6c       0xf8 /opt/zephyr-sdk/arm-zephyr-eabi/arm-zephyr-eabi/lib/thumb/v7e-m/nofp/libc_nano.a(lib_a-strtol.o)
 .text.strtol   0x000000000800cd64       0x14 /opt/zephyr-sdk/arm-zephyr-eabi/arm-zephyr-eabi/lib/thumb/v7e-m/nofp/libc_nano.a(lib_a-strtol.o)
                0x000000000800cd64                strtol
 .text.vsnprintf
                0x000000000800cd78       0x1c /opt/zephyr-sdk/arm-zephyr-eabi/arm-zephyr-eabi/lib/thumb/v7e-m/nofp/libc_nano.a(lib_a-vsnprintf.o)
                0x000000000800cd78                vsnprintf
                0x000000000800cd78                vsniprintf
 .text._vsprintf_r
                0x000000000800cd94       0x2c /opt/zephyr-sdk/arm-zephyr-eabi/arm-zephyr-eabi/lib/thumb/v7e-m/nofp/libc_nano.a(lib_a-vsprintf.o)
                0x000000000800cd94                _vsiprintf_r
                0x000000000800cd94                _vsprintf_r
 .text.vsprintf
                0x000000000800cdc0       0x14 /opt/zephyr-sdk/arm-zephyr-eabi/arm-zephyr-eabi/lib/thumb/v7e-m/nofp/libc_nano.a(lib_a-vsprintf.o)
                0x000000000800cdc0                vsprintf
                0x000000000800cdc0                vsiprintf
 .text.__assert_func
                0x000000000800cdd4       0x3c /opt/zephyr-sdk/arm-zephyr-eabi/arm-zephyr-eabi/lib/thumb/v7e-m/nofp/libc_nano.a(lib_a-assert.o)
                0x000000000800cdd4                __assert_func
 .text.fprintf  0x000000000800ce10       0x24 /opt/zephyr-sdk/arm-zephyr-eabi/arm-zephyr-eabi/lib/thumb/v7e-m/nofp/libc_nano.a(lib_a-fprintf.o)
                0x000000000800ce10                fprintf
                0x000000000800ce10                fiprintf
 .text._localeconv_r
                0x000000000800ce34        0x8 /opt/zephyr-sdk/arm-zephyr-eabi/arm-zephyr-eabi/lib/thumb/v7e-m/nofp/libc_nano.a(lib_a-localeconv.o)
                0x000000000800ce34                _localeconv_r
 .text.__malloc_lock
                0x000000000800ce3c        0xc /opt/zephyr-sdk/arm-zephyr-eabi/arm-zephyr-eabi/lib/thumb/v7e-m/nofp/libc_nano.a(lib_a-mlock.o)
                0x000000000800ce3c                __malloc_lock
 .text.__malloc_unlock
                0x000000000800ce48        0xc /opt/zephyr-sdk/arm-zephyr-eabi/arm-zephyr-eabi/lib/thumb/v7e-m/nofp/libc_nano.a(lib_a-mlock.o)
                0x000000000800ce48                __malloc_unlock
 .text._Balloc  0x000000000800ce54       0x80 /opt/zephyr-sdk/arm-zephyr-eabi/arm-zephyr-eabi/lib/thumb/v7e-m/nofp/libc_nano.a(lib_a-mprec.o)
                0x000000000800ce54                _Balloc
 .text._Bfree   0x000000000800ced4       0x44 /opt/zephyr-sdk/arm-zephyr-eabi/arm-zephyr-eabi/lib/thumb/v7e-m/nofp/libc_nano.a(lib_a-mprec.o)
                0x000000000800ced4                _Bfree
 .text.__multadd
                0x000000000800cf18       0x8c /opt/zephyr-sdk/arm-zephyr-eabi/arm-zephyr-eabi/lib/thumb/v7e-m/nofp/libc_nano.a(lib_a-mprec.o)
                0x000000000800cf18                __multadd
 .text.__i2b    0x000000000800cfa4       0x2c /opt/zephyr-sdk/arm-zephyr-eabi/arm-zephyr-eabi/lib/thumb/v7e-m/nofp/libc_nano.a(lib_a-mprec.o)
                0x000000000800cfa4                __i2b
 .text.__multiply
                0x000000000800cfd0      0x150 /opt/zephyr-sdk/arm-zephyr-eabi/arm-zephyr-eabi/lib/thumb/v7e-m/nofp/libc_nano.a(lib_a-mprec.o)
                0x000000000800cfd0                __multiply
 .text.__pow5mult
                0x000000000800d120       0xb4 /opt/zephyr-sdk/arm-zephyr-eabi/arm-zephyr-eabi/lib/thumb/v7e-m/nofp/libc_nano.a(lib_a-mprec.o)
                0x000000000800d120                __pow5mult
 .text.__lshift
                0x000000000800d1d4       0xe0 /opt/zephyr-sdk/arm-zephyr-eabi/arm-zephyr-eabi/lib/thumb/v7e-m/nofp/libc_nano.a(lib_a-mprec.o)
                0x000000000800d1d4                __lshift
 .text.__mdiff  0x000000000800d2b4      0x110 /opt/zephyr-sdk/arm-zephyr-eabi/arm-zephyr-eabi/lib/thumb/v7e-m/nofp/libc_nano.a(lib_a-mprec.o)
                0x000000000800d2b4                __mdiff
 .text.__d2b    0x000000000800d3c4       0xb8 /opt/zephyr-sdk/arm-zephyr-eabi/arm-zephyr-eabi/lib/thumb/v7e-m/nofp/libc_nano.a(lib_a-mprec.o)
                0x000000000800d3c4                __d2b
 .text._svfprintf_r
                0x000000000800d47c      0x200 /opt/zephyr-sdk/arm-zephyr-eabi/arm-zephyr-eabi/lib/thumb/v7e-m/nofp/libc_nano.a(lib_a-nano-svfprintf.o)
                0x000000000800d47c                _svfprintf_r
                0x000000000800d47c                _svfiprintf_r
 .text._vfprintf_r
                0x000000000800d67c      0x260 /opt/zephyr-sdk/arm-zephyr-eabi/arm-zephyr-eabi/lib/thumb/v7e-m/nofp/libc_nano.a(lib_a-nano-vfprintf.o)
                0x000000000800d67c                _vfiprintf_r
                0x000000000800d67c                _vfprintf_r
 .text.__swbuf_r
                0x000000000800d8dc       0xa4 /opt/zephyr-sdk/arm-zephyr-eabi/arm-zephyr-eabi/lib/thumb/v7e-m/nofp/libc_nano.a(lib_a-wbuf.o)
                0x000000000800d8dc                __swbuf_r
 .text.__swsetup_r
                0x000000000800d980       0xdc /opt/zephyr-sdk/arm-zephyr-eabi/arm-zephyr-eabi/lib/thumb/v7e-m/nofp/libc_nano.a(lib_a-wsetup.o)
                0x000000000800d980                __swsetup_r
 .text.__sflush_r
                0x000000000800da5c      0x104 /opt/zephyr-sdk/arm-zephyr-eabi/arm-zephyr-eabi/lib/thumb/v7e-m/nofp/libc_nano.a(lib_a-fflush.o)
                0x000000000800da5c                __sflush_r
 .text._fflush_r
                0x000000000800db60       0x78 /opt/zephyr-sdk/arm-zephyr-eabi/arm-zephyr-eabi/lib/thumb/v7e-m/nofp/libc_nano.a(lib_a-fflush.o)
                0x000000000800db60                _fflush_r
 .text.std      0x000000000800dbd8       0x48 /opt/zephyr-sdk/arm-zephyr-eabi/arm-zephyr-eabi/lib/thumb/v7e-m/nofp/libc_nano.a(lib_a-findfp.o)
 .text._cleanup_r
                0x000000000800dc20        0xc /opt/zephyr-sdk/arm-zephyr-eabi/arm-zephyr-eabi/lib/thumb/v7e-m/nofp/libc_nano.a(lib_a-findfp.o)
                0x000000000800dc20                _cleanup_r
 .text.__sfp_lock_acquire
                0x000000000800dc2c        0xc /opt/zephyr-sdk/arm-zephyr-eabi/arm-zephyr-eabi/lib/thumb/v7e-m/nofp/libc_nano.a(lib_a-findfp.o)
                0x000000000800dc2c                __sfp_lock_acquire
 .text.__sfp_lock_release
                0x000000000800dc38        0xc /opt/zephyr-sdk/arm-zephyr-eabi/arm-zephyr-eabi/lib/thumb/v7e-m/nofp/libc_nano.a(lib_a-findfp.o)
                0x000000000800dc38                __sfp_lock_release
 .text.__sinit_lock_acquire
                0x000000000800dc44        0xc /opt/zephyr-sdk/arm-zephyr-eabi/arm-zephyr-eabi/lib/thumb/v7e-m/nofp/libc_nano.a(lib_a-findfp.o)
                0x000000000800dc44                __sinit_lock_acquire
 .text.__sinit_lock_release
                0x000000000800dc50        0xc /opt/zephyr-sdk/arm-zephyr-eabi/arm-zephyr-eabi/lib/thumb/v7e-m/nofp/libc_nano.a(lib_a-findfp.o)
                0x000000000800dc50                __sinit_lock_release
 .text.__sinit  0x000000000800dc5c       0x70 /opt/zephyr-sdk/arm-zephyr-eabi/arm-zephyr-eabi/lib/thumb/v7e-m/nofp/libc_nano.a(lib_a-findfp.o)
                0x000000000800dc5c                __sinit
 .text.__sfp    0x000000000800dccc       0x8c /opt/zephyr-sdk/arm-zephyr-eabi/arm-zephyr-eabi/lib/thumb/v7e-m/nofp/libc_nano.a(lib_a-findfp.o)
                0x000000000800dccc                __sfp
 .text.__smakebuf_r
                0x000000000800dd58       0x80 /opt/zephyr-sdk/arm-zephyr-eabi/arm-zephyr-eabi/lib/thumb/v7e-m/nofp/libc_nano.a(lib_a-makebuf.o)
                0x000000000800dd58                __smakebuf_r
 .text.raise    0x000000000800ddd8       0x10 /opt/zephyr-sdk/arm-zephyr-eabi/arm-zephyr-eabi/lib/thumb/v7e-m/nofp/libc_nano.a(lib_a-signal.o)
                0x000000000800ddd8                raise
 .text._kill_r  0x000000000800dde8       0x24 /opt/zephyr-sdk/arm-zephyr-eabi/arm-zephyr-eabi/lib/thumb/v7e-m/nofp/libc_nano.a(lib_a-signalr.o)
                0x000000000800dde8                _kill_r
 .text._write_r
                0x000000000800de0c       0x24 /opt/zephyr-sdk/arm-zephyr-eabi/arm-zephyr-eabi/lib/thumb/v7e-m/nofp/libc_nano.a(lib_a-writer.o)
                0x000000000800de0c                _write_r
 .text._close_r
                0x000000000800de30       0x20 /opt/zephyr-sdk/arm-zephyr-eabi/arm-zephyr-eabi/lib/thumb/v7e-m/nofp/libc_nano.a(lib_a-closer.o)
                0x000000000800de30                _close_r
 .text._fstat_r
                0x000000000800de50       0x24 /opt/zephyr-sdk/arm-zephyr-eabi/arm-zephyr-eabi/lib/thumb/v7e-m/nofp/libc_nano.a(lib_a-fstatr.o)
                0x000000000800de50                _fstat_r
 .text._isatty_r
                0x000000000800de74       0x20 /opt/zephyr-sdk/arm-zephyr-eabi/arm-zephyr-eabi/lib/thumb/v7e-m/nofp/libc_nano.a(lib_a-isattyr.o)
                0x000000000800de74                _isatty_r
 .text._lseek_r
                0x000000000800de94       0x24 /opt/zephyr-sdk/arm-zephyr-eabi/arm-zephyr-eabi/lib/thumb/v7e-m/nofp/libc_nano.a(lib_a-lseekr.o)
                0x000000000800de94                _lseek_r
 .text._read_r  0x000000000800deb8       0x24 /opt/zephyr-sdk/arm-zephyr-eabi/arm-zephyr-eabi/lib/thumb/v7e-m/nofp/libc_nano.a(lib_a-readr.o)
                0x000000000800deb8                _read_r
 .text._OffsetAbsSyms
                0x000000000800dedc        0x2 zephyr/CMakeFiles/offsets.dir/./arch/arm/core/offsets/offsets.c.obj
                0x000000000800dedc                _OffsetAbsSyms
 .text.z_log_msg2_runtime_create
                0x000000000800dede       0x1a app/libapp.a(main.c.obj)
 .text.cbprintf_via_va_list
                0x000000000800def8        0xe zephyr/libzephyr.a(cbprintf_packaged.c.obj)
 .text.cbpprintf_external
                0x000000000800df06       0x5a zephyr/libzephyr.a(cbprintf_packaged.c.obj)
                0x000000000800df06                cbpprintf_external
 .text.arch_printk_char_out
                0x000000000800df60        0x4 zephyr/libzephyr.a(printk.c.obj)
                0x000000000800df60                arch_printk_char_out
 .text.str_out  0x000000000800df64       0x30 zephyr/libzephyr.a(printk.c.obj)
 .text.printk   0x000000000800df94       0x1c zephyr/libzephyr.a(printk.c.obj)
                0x000000000800df94                printk
 .text.snprintk
                0x000000000800dfb0       0x1c zephyr/libzephyr.a(printk.c.obj)
                0x000000000800dfb0                snprintk
 .text.z_thread_entry
                0x000000000800dfcc       0x14 zephyr/libzephyr.a(thread_entry.c.obj)
                0x000000000800dfcc                z_thread_entry
 .text.free_list_add_bidx
                0x000000000800dfe0       0x50 zephyr/libzephyr.a(heap.c.obj)
 .text.free_list_add
                0x000000000800e030       0x18 zephyr/libzephyr.a(heap.c.obj)
 .text.sys_heap_init
                0x000000000800e048       0x84 zephyr/libzephyr.a(heap.c.obj)
                0x000000000800e048                sys_heap_init
 .text.outs     0x000000000800e0cc       0x34 zephyr/libzephyr.a(cbprintf_complete.c.obj)
 .text.add_skip_item
                0x000000000800e100       0x52 zephyr/libzephyr.a(mpsc_pbuf.c.obj)
 .text.drop_item_locked
                0x000000000800e152      0x112 zephyr/libzephyr.a(mpsc_pbuf.c.obj)
 .text.mpsc_pbuf_init
                0x000000000800e264       0x4a zephyr/libzephyr.a(mpsc_pbuf.c.obj)
                0x000000000800e264                mpsc_pbuf_init
 .text.mpsc_pbuf_alloc
                0x000000000800e2ae      0x12e zephyr/libzephyr.a(mpsc_pbuf.c.obj)
                0x000000000800e2ae                mpsc_pbuf_alloc
 .text.mpsc_pbuf_commit
                0x000000000800e3dc       0x4c zephyr/libzephyr.a(mpsc_pbuf.c.obj)
                0x000000000800e3dc                mpsc_pbuf_commit
 .text.mpsc_pbuf_claim
                0x000000000800e428       0xe2 zephyr/libzephyr.a(mpsc_pbuf.c.obj)
                0x000000000800e428                mpsc_pbuf_claim
 .text.mpsc_pbuf_free
                0x000000000800e50a       0x7a zephyr/libzephyr.a(mpsc_pbuf.c.obj)
                0x000000000800e50a                mpsc_pbuf_free
 .text.mpsc_pbuf_is_pending
                0x000000000800e584       0x18 zephyr/libzephyr.a(mpsc_pbuf.c.obj)
                0x000000000800e584                mpsc_pbuf_is_pending
 .text._ConfigAbsSyms
                0x000000000800e59c        0x2 zephyr/libzephyr.a(configs.c.obj)
                0x000000000800e59c                _ConfigAbsSyms
 .text.st_stm32_common_config
                0x000000000800e59e        0x4 zephyr/libzephyr.a(soc_config.c.obj)
 .text.log_msg2_generic_get_wlen
                0x000000000800e5a2       0x22 zephyr/libzephyr.a(log_core.c.obj)
 .text.dummy_timestamp
                0x000000000800e5c4        0x4 zephyr/libzephyr.a(log_core.c.obj)
 .text.msg_filter_check
                0x000000000800e5c8        0x4 zephyr/libzephyr.a(log_core.c.obj)
 .text.default_lf_get_timestamp
                0x000000000800e5cc       0x10 zephyr/libzephyr.a(log_core.c.obj)
 .text.notify_drop
                0x000000000800e5dc        0xa zephyr/libzephyr.a(log_core.c.obj)
 .text.get_msg  0x000000000800e5e6        0x8 zephyr/libzephyr.a(log_core.c.obj)
                0x000000000800e5e6                get_msg
 .text.next_pending
                0x000000000800e5ee        0x8 zephyr/libzephyr.a(log_core.c.obj)
 .text.z_log_get_tag
                0x000000000800e5f6        0x4 zephyr/libzephyr.a(log_core.c.obj)
                0x000000000800e5f6                z_log_get_tag
 .text.buffer_write
                0x000000000800e5fa       0x1a zephyr/libzephyr.a(log_output.c.obj)
 .text.color_prefix
                0x000000000800e614        0xc zephyr/libzephyr.a(log_output.c.obj)
 .text.color_postfix
                0x000000000800e620        0xc zephyr/libzephyr.a(log_output.c.obj)
 .text.postfix_print
                0x000000000800e62c       0x18 zephyr/libzephyr.a(log_output.c.obj)
 .text.log_msg2_hexdump
                0x000000000800e644       0x36 zephyr/libzephyr.a(log_output.c.obj)
 .text.log_output_flush
                0x000000000800e67a       0x1a zephyr/libzephyr.a(log_output.c.obj)
                0x000000000800e67a                log_output_flush
 .text.out_func
                0x000000000800e694       0x38 zephyr/libzephyr.a(log_output.c.obj)
 .text.cr_out_func
                0x000000000800e6cc       0x1c zephyr/libzephyr.a(log_output.c.obj)
 .text.z_log_msg2_finalize
                0x000000000800e6e8       0x32 zephyr/libzephyr.a(log_msg2.c.obj)
                0x000000000800e6e8                z_log_msg2_finalize
 .text.z_impl_z_log_msg2_static_create
                0x000000000800e71a       0x46 zephyr/libzephyr.a(log_msg2.c.obj)
                0x000000000800e71a                z_impl_z_log_msg2_static_create
 .text.z_impl_z_log_msg2_runtime_vcreate
                0x000000000800e760       0x88 zephyr/libzephyr.a(log_msg2.c.obj)
                0x000000000800e760                z_impl_z_log_msg2_runtime_vcreate
 .text.z_cpp_init_static
                0x000000000800e7e8        0xc zephyr/libzephyr.a(cpp_init.c.obj)
                0x000000000800e7e8                z_cpp_init_static
 .text.z_arm_fatal_error
                0x000000000800e7f4       0x18 zephyr/arch/arch/arm/core/aarch32/libarch__arm__core__aarch32.a(fatal.c.obj)
                0x000000000800e7f4                z_arm_fatal_error
 .text.z_do_kernel_oops
                0x000000000800e80c        0xc zephyr/arch/arch/arm/core/aarch32/libarch__arm__core__aarch32.a(fatal.c.obj)
                0x000000000800e80c                z_do_kernel_oops
 .text.z_irq_spurious
                0x000000000800e818        0xc zephyr/arch/arch/arm/core/aarch32/libarch__arm__core__aarch32.a(irq_manage.c.obj)
                0x000000000800e818                z_irq_spurious
 .text.z_arm_nmi
                0x000000000800e824        0xc zephyr/arch/arch/arm/core/aarch32/libarch__arm__core__aarch32.a(nmi.c.obj)
                0x000000000800e824                z_arm_nmi
 .text.memory_fault_recoverable
                0x000000000800e830        0x4 zephyr/arch/arch/arm/core/aarch32/cortex_m/libarch__arm__core__aarch32__cortex_m.a(fault.c.obj)
 .text.z_log_msg2_runtime_create
                0x000000000800e834       0x1a zephyr/arch/arch/arm/core/aarch32/cortex_m/libarch__arm__core__aarch32__cortex_m.a(fault.c.obj)
 .text.fault_handle
                0x000000000800e84e       0x4a zephyr/arch/arch/arm/core/aarch32/cortex_m/libarch__arm__core__aarch32__cortex_m.a(fault.c.obj)
 .text.mpu_partition_is_valid
                0x000000000800e898       0x22 zephyr/arch/arch/arm/core/aarch32/mpu/libarch__arm__core__aarch32__mpu.a(arm_mpu.c.obj)
 .text.mpu_configure_region
                0x000000000800e8ba       0x3e zephyr/arch/arch/arm/core/aarch32/mpu/libarch__arm__core__aarch32__mpu.a(arm_mpu.c.obj)
 .text.arm_core_mpu_configure_static_mpu_regions
                0x000000000800e8f8        0x8 zephyr/arch/arch/arm/core/aarch32/mpu/libarch__arm__core__aarch32__mpu.a(arm_mpu.c.obj)
                0x000000000800e8f8                arm_core_mpu_configure_static_mpu_regions
 .text.arm_core_mpu_configure_dynamic_mpu_regions
                0x000000000800e900        0x8 zephyr/arch/arch/arm/core/aarch32/mpu/libarch__arm__core__aarch32__mpu.a(arm_mpu.c.obj)
                0x000000000800e900                arm_core_mpu_configure_dynamic_mpu_regions
 .text.malloc_prepare
                0x000000000800e908        0x4 zephyr/lib/libc/newlib/liblib__libc__newlib.a(libc-hooks.c.obj)
 .text._stdout_hook_default
                0x000000000800e90c        0x6 zephyr/lib/libc/newlib/liblib__libc__newlib.a(libc-hooks.c.obj)
 .text._stdin_hook_default
                0x000000000800e912        0x4 zephyr/lib/libc/newlib/liblib__libc__newlib.a(libc-hooks.c.obj)
 .text._read    0x000000000800e916        0xc zephyr/lib/libc/newlib/liblib__libc__newlib.a(libc-hooks.c.obj)
                0x000000000800e916                read
                0x000000000800e916                _read
 .text._write   0x000000000800e922        0xc zephyr/lib/libc/newlib/liblib__libc__newlib.a(libc-hooks.c.obj)
                0x000000000800e922                write
                0x000000000800e922                _write
 .text._close   0x000000000800e92e        0x6 zephyr/lib/libc/newlib/liblib__libc__newlib.a(libc-hooks.c.obj)
                0x000000000800e92e                close
                0x000000000800e92e                _close
 .text._lseek   0x000000000800e934        0x4 zephyr/lib/libc/newlib/liblib__libc__newlib.a(libc-hooks.c.obj)
                0x000000000800e934                lseek
                0x000000000800e934                _lseek
 .text._isatty  0x000000000800e938        0xa zephyr/lib/libc/newlib/liblib__libc__newlib.a(libc-hooks.c.obj)
                0x000000000800e938                isatty
                0x000000000800e938                _isatty
 .text._kill    0x000000000800e942        0x4 zephyr/lib/libc/newlib/liblib__libc__newlib.a(libc-hooks.c.obj)
                0x000000000800e942                kill
                0x000000000800e942                _kill
 .text._getpid  0x000000000800e946        0x4 zephyr/lib/libc/newlib/liblib__libc__newlib.a(libc-hooks.c.obj)
                0x000000000800e946                _getpid
                0x000000000800e946                getpid
 .text._fstat   0x000000000800e94a        0xa zephyr/lib/libc/newlib/liblib__libc__newlib.a(libc-hooks.c.obj)
                0x000000000800e94a                _fstat
                0x000000000800e94a                fstat
 .text.__retarget_lock_init_recursive
                0x000000000800e954       0x12 zephyr/lib/libc/newlib/liblib__libc__newlib.a(libc-hooks.c.obj)
                0x000000000800e954                __retarget_lock_init_recursive
 .text.__retarget_lock_acquire_recursive
                0x000000000800e966       0x10 zephyr/lib/libc/newlib/liblib__libc__newlib.a(libc-hooks.c.obj)
                0x000000000800e966                __retarget_lock_acquire_recursive
 .text.__retarget_lock_release_recursive
                0x000000000800e976        0x8 zephyr/lib/libc/newlib/liblib__libc__newlib.a(libc-hooks.c.obj)
                0x000000000800e976                __retarget_lock_release_recursive
 .text.__errno  0x000000000800e97e        0x8 zephyr/lib/libc/newlib/liblib__libc__newlib.a(libc-hooks.c.obj)
                0x000000000800e97e                __errno
 .text.z_impl_sys_rand_get
                0x000000000800e986        0xa zephyr/subsys/random/libsubsys__random.a(rand32_entropy_device.c.obj)
                0x000000000800e986                z_impl_sys_rand_get
 .text.__stm32_exti_isr_0
                0x000000000800e990        0xe zephyr/drivers/interrupt_controller/libdrivers__interrupt_controller.a(intc_exti_stm32.c.obj)
 .text.__stm32_exti_isr_1
                0x000000000800e99e        0xe zephyr/drivers/interrupt_controller/libdrivers__interrupt_controller.a(intc_exti_stm32.c.obj)
 .text.__stm32_exti_isr_2
                0x000000000800e9ac        0xe zephyr/drivers/interrupt_controller/libdrivers__interrupt_controller.a(intc_exti_stm32.c.obj)
 .text.__stm32_exti_isr_3
                0x000000000800e9ba        0xe zephyr/drivers/interrupt_controller/libdrivers__interrupt_controller.a(intc_exti_stm32.c.obj)
 .text.__stm32_exti_isr_4
                0x000000000800e9c8        0xe zephyr/drivers/interrupt_controller/libdrivers__interrupt_controller.a(intc_exti_stm32.c.obj)
 .text.__stm32_exti_isr_9_5
                0x000000000800e9d6        0xe zephyr/drivers/interrupt_controller/libdrivers__interrupt_controller.a(intc_exti_stm32.c.obj)
 .text.__stm32_exti_isr_15_10
                0x000000000800e9e4        0xe zephyr/drivers/interrupt_controller/libdrivers__interrupt_controller.a(intc_exti_stm32.c.obj)
 .text.__stm32_exti_connect_irqs
                0x000000000800e9f2       0x4a zephyr/drivers/interrupt_controller/libdrivers__interrupt_controller.a(intc_exti_stm32.c.obj)
 .text.stm32_exti_init
                0x000000000800ea3c        0xa zephyr/drivers/interrupt_controller/libdrivers__interrupt_controller.a(intc_exti_stm32.c.obj)
 .text.config_bus_clk_init
                0x000000000800ea46        0xa zephyr/drivers/clock_control/libdrivers__clock_control.a(clock_stm32_ll_common.c.obj)
 .text.get_bus_clock
                0x000000000800ea50        0x6 zephyr/drivers/clock_control/libdrivers__clock_control.a(clock_stm32_ll_common.c.obj)
 .text.config_pll_init
                0x000000000800ea56       0x10 zephyr/drivers/clock_control/libdrivers__clock_control.a(clock_stm32l4_l5_wb_wl.c.obj)
                0x000000000800ea56                config_pll_init
 .text.dma_stm32_config_irq_0
                0x000000000800ea66       0x74 zephyr/drivers/dma/libdrivers__dma.a(dma_stm32.c.obj)
 .text.dma_stm32_dump_stream_irq
                0x000000000800eada        0xc zephyr/drivers/dma/libdrivers__dma.a(dma_stm32.c.obj)
 .text.dma_stm32_clear_stream_irq
                0x000000000800eae6       0x20 zephyr/drivers/dma/libdrivers__dma.a(dma_stm32.c.obj)
 .text.dma_stm32_irq_0_0
                0x000000000800eb06        0xa zephyr/drivers/dma/libdrivers__dma.a(dma_stm32.c.obj)
 .text.dma_stm32_irq_0_1
                0x000000000800eb10        0xa zephyr/drivers/dma/libdrivers__dma.a(dma_stm32.c.obj)
 .text.dma_stm32_irq_0_2
                0x000000000800eb1a        0xa zephyr/drivers/dma/libdrivers__dma.a(dma_stm32.c.obj)
 .text.dma_stm32_irq_0_3
                0x000000000800eb24        0xa zephyr/drivers/dma/libdrivers__dma.a(dma_stm32.c.obj)
 .text.dma_stm32_irq_0_4
                0x000000000800eb2e        0xa zephyr/drivers/dma/libdrivers__dma.a(dma_stm32.c.obj)
 .text.dma_stm32_irq_0_5
                0x000000000800eb38        0xa zephyr/drivers/dma/libdrivers__dma.a(dma_stm32.c.obj)
 .text.dma_stm32_irq_0_6
                0x000000000800eb42        0xa zephyr/drivers/dma/libdrivers__dma.a(dma_stm32.c.obj)
 .text.dma_stm32_disable_stream
                0x000000000800eb4c       0x32 zephyr/drivers/dma/libdrivers__dma.a(dma_stm32.c.obj)
 .text.dma_stm32_start
                0x000000000800eb7e       0x26 zephyr/drivers/dma/libdrivers__dma.a(dma_stm32.c.obj)
 .text.LL_DMA_IsActiveFlag_GI1
                0x000000000800eba4        0xc zephyr/drivers/dma/libdrivers__dma.a(dma_stm32_v2.c.obj)
 .text.LL_DMA_IsActiveFlag_GI2
                0x000000000800ebb0        0xc zephyr/drivers/dma/libdrivers__dma.a(dma_stm32_v2.c.obj)
 .text.LL_DMA_IsActiveFlag_GI3
                0x000000000800ebbc        0xc zephyr/drivers/dma/libdrivers__dma.a(dma_stm32_v2.c.obj)
 .text.LL_DMA_IsActiveFlag_GI4
                0x000000000800ebc8        0xc zephyr/drivers/dma/libdrivers__dma.a(dma_stm32_v2.c.obj)
 .text.LL_DMA_IsActiveFlag_GI5
                0x000000000800ebd4        0xc zephyr/drivers/dma/libdrivers__dma.a(dma_stm32_v2.c.obj)
 .text.LL_DMA_IsActiveFlag_GI6
                0x000000000800ebe0        0xc zephyr/drivers/dma/libdrivers__dma.a(dma_stm32_v2.c.obj)
 .text.LL_DMA_IsActiveFlag_GI7
                0x000000000800ebec        0xc zephyr/drivers/dma/libdrivers__dma.a(dma_stm32_v2.c.obj)
 .text.LL_DMA_IsActiveFlag_TC1
                0x000000000800ebf8        0xc zephyr/drivers/dma/libdrivers__dma.a(dma_stm32_v2.c.obj)
 .text.LL_DMA_IsActiveFlag_TC2
                0x000000000800ec04        0xc zephyr/drivers/dma/libdrivers__dma.a(dma_stm32_v2.c.obj)
 .text.LL_DMA_IsActiveFlag_TC3
                0x000000000800ec10        0xc zephyr/drivers/dma/libdrivers__dma.a(dma_stm32_v2.c.obj)
 .text.LL_DMA_IsActiveFlag_TC4
                0x000000000800ec1c        0xc zephyr/drivers/dma/libdrivers__dma.a(dma_stm32_v2.c.obj)
 .text.LL_DMA_IsActiveFlag_TC5
                0x000000000800ec28        0xc zephyr/drivers/dma/libdrivers__dma.a(dma_stm32_v2.c.obj)
 .text.LL_DMA_IsActiveFlag_TC6
                0x000000000800ec34        0xc zephyr/drivers/dma/libdrivers__dma.a(dma_stm32_v2.c.obj)
 .text.LL_DMA_IsActiveFlag_TC7
                0x000000000800ec40        0xc zephyr/drivers/dma/libdrivers__dma.a(dma_stm32_v2.c.obj)
 .text.LL_DMA_IsActiveFlag_HT1
                0x000000000800ec4c        0xc zephyr/drivers/dma/libdrivers__dma.a(dma_stm32_v2.c.obj)
 .text.LL_DMA_IsActiveFlag_HT2
                0x000000000800ec58        0xc zephyr/drivers/dma/libdrivers__dma.a(dma_stm32_v2.c.obj)
 .text.LL_DMA_IsActiveFlag_HT3
                0x000000000800ec64        0xc zephyr/drivers/dma/libdrivers__dma.a(dma_stm32_v2.c.obj)
 .text.LL_DMA_IsActiveFlag_HT4
                0x000000000800ec70        0xc zephyr/drivers/dma/libdrivers__dma.a(dma_stm32_v2.c.obj)
 .text.LL_DMA_IsActiveFlag_HT5
                0x000000000800ec7c        0xc zephyr/drivers/dma/libdrivers__dma.a(dma_stm32_v2.c.obj)
 .text.LL_DMA_IsActiveFlag_HT6
                0x000000000800ec88        0xc zephyr/drivers/dma/libdrivers__dma.a(dma_stm32_v2.c.obj)
 .text.LL_DMA_IsActiveFlag_HT7
                0x000000000800ec94        0xc zephyr/drivers/dma/libdrivers__dma.a(dma_stm32_v2.c.obj)
 .text.LL_DMA_IsActiveFlag_TE1
                0x000000000800eca0        0xc zephyr/drivers/dma/libdrivers__dma.a(dma_stm32_v2.c.obj)
 .text.LL_DMA_IsActiveFlag_TE2
                0x000000000800ecac        0xc zephyr/drivers/dma/libdrivers__dma.a(dma_stm32_v2.c.obj)
 .text.LL_DMA_IsActiveFlag_TE3
                0x000000000800ecb8        0xc zephyr/drivers/dma/libdrivers__dma.a(dma_stm32_v2.c.obj)
 .text.LL_DMA_IsActiveFlag_TE4
                0x000000000800ecc4        0xc zephyr/drivers/dma/libdrivers__dma.a(dma_stm32_v2.c.obj)
 .text.LL_DMA_IsActiveFlag_TE5
                0x000000000800ecd0        0xc zephyr/drivers/dma/libdrivers__dma.a(dma_stm32_v2.c.obj)
 .text.LL_DMA_IsActiveFlag_TE6
                0x000000000800ecdc        0xc zephyr/drivers/dma/libdrivers__dma.a(dma_stm32_v2.c.obj)
 .text.LL_DMA_IsActiveFlag_TE7
                0x000000000800ece8        0xc zephyr/drivers/dma/libdrivers__dma.a(dma_stm32_v2.c.obj)
 .text.LL_DMA_ClearFlag_TC1
                0x000000000800ecf4        0x6 zephyr/drivers/dma/libdrivers__dma.a(dma_stm32_v2.c.obj)
 .text.LL_DMA_ClearFlag_TC2
                0x000000000800ecfa        0x6 zephyr/drivers/dma/libdrivers__dma.a(dma_stm32_v2.c.obj)
 .text.LL_DMA_ClearFlag_TC3
                0x000000000800ed00        0x8 zephyr/drivers/dma/libdrivers__dma.a(dma_stm32_v2.c.obj)
 .text.LL_DMA_ClearFlag_TC4
                0x000000000800ed08        0x8 zephyr/drivers/dma/libdrivers__dma.a(dma_stm32_v2.c.obj)
 .text.LL_DMA_ClearFlag_TC5
                0x000000000800ed10        0x8 zephyr/drivers/dma/libdrivers__dma.a(dma_stm32_v2.c.obj)
 .text.LL_DMA_ClearFlag_TC6
                0x000000000800ed18        0x8 zephyr/drivers/dma/libdrivers__dma.a(dma_stm32_v2.c.obj)
 .text.LL_DMA_ClearFlag_TC7
                0x000000000800ed20        0x8 zephyr/drivers/dma/libdrivers__dma.a(dma_stm32_v2.c.obj)
 .text.LL_DMA_ClearFlag_HT1
                0x000000000800ed28        0x6 zephyr/drivers/dma/libdrivers__dma.a(dma_stm32_v2.c.obj)
 .text.LL_DMA_ClearFlag_HT2
                0x000000000800ed2e        0x6 zephyr/drivers/dma/libdrivers__dma.a(dma_stm32_v2.c.obj)
 .text.LL_DMA_ClearFlag_HT3
                0x000000000800ed34        0x8 zephyr/drivers/dma/libdrivers__dma.a(dma_stm32_v2.c.obj)
 .text.LL_DMA_ClearFlag_HT4
                0x000000000800ed3c        0x8 zephyr/drivers/dma/libdrivers__dma.a(dma_stm32_v2.c.obj)
 .text.LL_DMA_ClearFlag_HT5
                0x000000000800ed44        0x8 zephyr/drivers/dma/libdrivers__dma.a(dma_stm32_v2.c.obj)
 .text.LL_DMA_ClearFlag_HT6
                0x000000000800ed4c        0x8 zephyr/drivers/dma/libdrivers__dma.a(dma_stm32_v2.c.obj)
 .text.LL_DMA_ClearFlag_HT7
                0x000000000800ed54        0x8 zephyr/drivers/dma/libdrivers__dma.a(dma_stm32_v2.c.obj)
 .text.LL_DMA_ClearFlag_TE1
                0x000000000800ed5c        0x6 zephyr/drivers/dma/libdrivers__dma.a(dma_stm32_v2.c.obj)
 .text.LL_DMA_ClearFlag_TE2
                0x000000000800ed62        0x6 zephyr/drivers/dma/libdrivers__dma.a(dma_stm32_v2.c.obj)
 .text.LL_DMA_ClearFlag_TE3
                0x000000000800ed68        0x8 zephyr/drivers/dma/libdrivers__dma.a(dma_stm32_v2.c.obj)
 .text.LL_DMA_ClearFlag_TE4
                0x000000000800ed70        0x8 zephyr/drivers/dma/libdrivers__dma.a(dma_stm32_v2.c.obj)
 .text.LL_DMA_ClearFlag_TE5
                0x000000000800ed78        0x8 zephyr/drivers/dma/libdrivers__dma.a(dma_stm32_v2.c.obj)
 .text.LL_DMA_ClearFlag_TE6
                0x000000000800ed80        0x8 zephyr/drivers/dma/libdrivers__dma.a(dma_stm32_v2.c.obj)
 .text.LL_DMA_ClearFlag_TE7
                0x000000000800ed88        0x8 zephyr/drivers/dma/libdrivers__dma.a(dma_stm32_v2.c.obj)
 .text.stm32_dma_clear_stream_irq
                0x000000000800ed90        0x8 zephyr/drivers/dma/libdrivers__dma.a(dma_stm32_v2.c.obj)
                0x000000000800ed90                stm32_dma_clear_stream_irq
 .text.stm32_dma_is_unexpected_irq_happened
                0x000000000800ed98        0x4 zephyr/drivers/dma/libdrivers__dma.a(dma_stm32_v2.c.obj)
                0x000000000800ed98                stm32_dma_is_unexpected_irq_happened
 .text.gpio_stm32_isr
                0x000000000800ed9c       0x3a zephyr/drivers/gpio/libdrivers__gpio.a(gpio_stm32.c.obj)
 .text.gpio_stm32_flags_to_conf
                0x000000000800edd6       0x76 zephyr/drivers/gpio/libdrivers__gpio.a(gpio_stm32.c.obj)
 .text.gpio_stm32_port_get_raw
                0x000000000800ee4c        0xc zephyr/drivers/gpio/libdrivers__gpio.a(gpio_stm32.c.obj)
 .text.gpio_stm32_port_set_masked_raw
                0x000000000800ee58       0x12 zephyr/drivers/gpio/libdrivers__gpio.a(gpio_stm32.c.obj)
 .text.gpio_stm32_port_set_bits_raw
                0x000000000800ee6a        0xa zephyr/drivers/gpio/libdrivers__gpio.a(gpio_stm32.c.obj)
 .text.gpio_stm32_port_clear_bits_raw
                0x000000000800ee74        0xa zephyr/drivers/gpio/libdrivers__gpio.a(gpio_stm32.c.obj)
 .text.gpio_stm32_port_toggle_bits
                0x000000000800ee7e        0xe zephyr/drivers/gpio/libdrivers__gpio.a(gpio_stm32.c.obj)
 .text.gpio_stm32_manage_callback
                0x000000000800ee8c       0x72 zephyr/drivers/gpio/libdrivers__gpio.a(gpio_stm32.c.obj)
 .text.gpio_stm32_configure_raw
                0x000000000800eefe      0x148 zephyr/drivers/gpio/libdrivers__gpio.a(gpio_stm32.c.obj)
 .text.gpio_stm32_config
                0x000000000800f046       0x52 zephyr/drivers/gpio/libdrivers__gpio.a(gpio_stm32.c.obj)
 .text.gpio_stm32_init
                0x000000000800f098       0x14 zephyr/drivers/gpio/libdrivers__gpio.a(gpio_stm32.c.obj)
 .text.gpio_stm32_configure
                0x000000000800f0ac        0xa zephyr/drivers/gpio/libdrivers__gpio.a(gpio_stm32.c.obj)
                0x000000000800f0ac                gpio_stm32_configure
 .text.spi_stm32_transfer_ongoing
                0x000000000800f0b6       0x14 zephyr/drivers/spi/libdrivers__spi.a(spi_ll_stm32.c.obj)
 .text.z_log_msg2_runtime_create
                0x000000000800f0ca       0x1a zephyr/drivers/spi/libdrivers__spi.a(spi_ll_stm32.c.obj)
 .text.spi_stm32_irq_config_func_0
                0x000000000800f0e4       0x14 zephyr/drivers/spi/libdrivers__spi.a(spi_ll_stm32.c.obj)
 .text.spi_stm32_release
                0x000000000800f0f8       0x60 zephyr/drivers/spi/libdrivers__spi.a(spi_ll_stm32.c.obj)
 .text.spi_stm32_cs_control