Archive member included to satisfy reference by file (symbol)

app/libapp.a(service_device_common.c.obj)
                              (--whole-archive)
app/libapp.a(main.c.obj)      (--whole-archive)
zephyr/libzephyr.a(cbprintf.c.obj)
                              (--whole-archive)
zephyr/libzephyr.a(cbprintf_packaged.c.obj)
                              (--whole-archive)
zephyr/libzephyr.a(crc32c_sw.c.obj)
                              (--whole-archive)
zephyr/libzephyr.a(crc32_sw.c.obj)
                              (--whole-archive)
zephyr/libzephyr.a(crc16_sw.c.obj)
                              (--whole-archive)
zephyr/libzephyr.a(crc8_sw.c.obj)
                              (--whole-archive)
zephyr/libzephyr.a(crc7_sw.c.obj)
                              (--whole-archive)
zephyr/libzephyr.a(dec.c.obj)
                              (--whole-archive)
zephyr/libzephyr.a(fdtable.c.obj)
                              (--whole-archive)
zephyr/libzephyr.a(hex.c.obj)
                              (--whole-archive)
zephyr/libzephyr.a(notify.c.obj)
                              (--whole-archive)
zephyr/libzephyr.a(printk.c.obj)
                              (--whole-archive)
zephyr/libzephyr.a(onoff.c.obj)
                              (--whole-archive)
zephyr/libzephyr.a(rb.c.obj)  (--whole-archive)
zephyr/libzephyr.a(sem.c.obj)
                              (--whole-archive)
zephyr/libzephyr.a(thread_entry.c.obj)
                              (--whole-archive)
zephyr/libzephyr.a(timeutil.c.obj)
                              (--whole-archive)
zephyr/libzephyr.a(heap.c.obj)
                              (--whole-archive)
zephyr/libzephyr.a(heap-validate.c.obj)
                              (--whole-archive)
zephyr/libzephyr.a(bitarray.c.obj)
                              (--whole-archive)
zephyr/libzephyr.a(multi_heap.c.obj)
                              (--whole-archive)
zephyr/libzephyr.a(cbprintf_complete.c.obj)
                              (--whole-archive)
zephyr/libzephyr.a(mpsc_pbuf.c.obj)
                              (--whole-archive)
zephyr/libzephyr.a(configs.c.obj)
                              (--whole-archive)
zephyr/libzephyr.a(soc.c.obj)
                              (--whole-archive)
zephyr/libzephyr.a(stm32cube_hal.c.obj)
                              (--whole-archive)
zephyr/libzephyr.a(soc_config.c.obj)
                              (--whole-archive)
zephyr/libzephyr.a(log_list.c.obj)
                              (--whole-archive)
zephyr/libzephyr.a(log_core.c.obj)
                              (--whole-archive)
zephyr/libzephyr.a(log_mgmt.c.obj)
                              (--whole-archive)
zephyr/libzephyr.a(log_msg.c.obj)
                              (--whole-archive)
zephyr/libzephyr.a(log_output.c.obj)
                              (--whole-archive)
zephyr/libzephyr.a(log_msg2.c.obj)
                              (--whole-archive)
zephyr/libzephyr.a(log_backend_uart.c.obj)
                              (--whole-archive)
zephyr/libzephyr.a(cpp_init.c.obj)
                              (--whole-archive)
zephyr/libzephyr.a(cpp_init_array.c.obj)
                              (--whole-archive)
zephyr/libzephyr.a(cpp_ctors.c.obj)
                              (--whole-archive)
zephyr/libzephyr.a(cpp_dtors.c.obj)
                              (--whole-archive)
zephyr/libzephyr.a(tracing_none.c.obj)
                              (--whole-archive)
zephyr/arch/common/libarch__common.a(sw_isr_common.c.obj)
                              (--whole-archive)
zephyr/arch/arch/arm/core/aarch32/libarch__arm__core__aarch32.a(cpu_idle.S.obj)
                              (--whole-archive)
zephyr/arch/arch/arm/core/aarch32/libarch__arm__core__aarch32.a(fatal.c.obj)
                              (--whole-archive)
zephyr/arch/arch/arm/core/aarch32/libarch__arm__core__aarch32.a(irq_manage.c.obj)
                              (--whole-archive)
zephyr/arch/arch/arm/core/aarch32/libarch__arm__core__aarch32.a(nmi.c.obj)
                              (--whole-archive)
zephyr/arch/arch/arm/core/aarch32/libarch__arm__core__aarch32.a(nmi_on_reset.S.obj)
                              (--whole-archive)
zephyr/arch/arch/arm/core/aarch32/libarch__arm__core__aarch32.a(prep_c.c.obj)
                              (--whole-archive)
zephyr/arch/arch/arm/core/aarch32/libarch__arm__core__aarch32.a(swap.c.obj)
                              (--whole-archive)
zephyr/arch/arch/arm/core/aarch32/libarch__arm__core__aarch32.a(swap_helper.S.obj)
                              (--whole-archive)
zephyr/arch/arch/arm/core/aarch32/libarch__arm__core__aarch32.a(thread.c.obj)
                              (--whole-archive)
zephyr/arch/arch/arm/core/aarch32/libarch__arm__core__aarch32.a(isr_wrapper.S.obj)
                              (--whole-archive)
zephyr/arch/arch/arm/core/aarch32/libarch__arm__core__aarch32.a(__aeabi_atexit.c.obj)
                              (--whole-archive)
[...]
Memory Configuration

Name             Origin             Length             Attributes
FLASH            0x0000000008000000 0x0000000000080000 xr
SRAM             0x0000000020000000 0x0000000000028000 xw
IDT_LIST         0x00000000fffff7ff 0x0000000000000800 xw
*default*        0x0000000000000000 0xffffffffffffffff

Linker script and memory map

LOAD zephyr/CMakeFiles/zephyr_pre0.dir/misc/empty_file.c.obj
LOAD zephyr/CMakeFiles/offsets.dir/./arch/arm/core/offsets/offsets.c.obj
                0x0000000000000020                _region_min_align = 0x20

.rel.plt        0x0000000008000000        0x0
 *(SORT_BY_ALIGNMENT(.rel.plt))
                [!provide]                        PROVIDE (__rel_iplt_start = .)
 *(SORT_BY_ALIGNMENT(.rel.iplt))
 .rel.iplt      0x0000000008000000        0x0 app/libapp.a(service_device_common.c.obj)
                [!provide]                        PROVIDE (__rel_iplt_end = .)

.rela.plt       0x0000000000000000        0x0
 *(SORT_BY_ALIGNMENT(.rela.plt))
                [!provide]                        PROVIDE (__rela_iplt_start = .)
 *(SORT_BY_ALIGNMENT(.rela.iplt))
                [!provide]                        PROVIDE (__rela_iplt_end = .)

.rel.dyn
 *(SORT_BY_ALIGNMENT(.rel.*))

.rela.dyn
 *(SORT_BY_ALIGNMENT(.rela.*))

/DISCARD/
 *(SORT_BY_ALIGNMENT(.plt))
 *(SORT_BY_ALIGNMENT(.iplt))
 *(SORT_BY_ALIGNMENT(.got.plt))
 *(SORT_BY_ALIGNMENT(.igot.plt))
 *(SORT_BY_ALIGNMENT(.got))
 *(SORT_BY_ALIGNMENT(.igot))
 *(SORT_BY_ALIGNMENT(.note.GNU-stack))
                0x0000000008000000                __rom_region_start = 0x8000000

rom_start       0x0000000008000000      0x194
                0x0000000000000000                . = 0x0
                0x0000000000000000                . = ALIGN (0x4)
                0x0000000000000000                . = ALIGN (0x80)
                0x0000000000000000                . = ALIGN (0x200)
                0x0000000008000000                _vector_start = .
 *(SORT_BY_ALIGNMENT(.exc_vector_table))
 *(SORT_BY_ALIGNMENT(.exc_vector_table.*))
 .exc_vector_table._vector_table_section
                0x0000000008000000       0x40 zephyr/arch/arch/arm/core/aarch32/cortex_m/libarch__arm__core__aarch32__cortex_m.a(vector_table.S.obj)
                0x0000000008000000                _vector_table
 *(SORT_BY_ALIGNMENT(.gnu.linkonce.irq_vector_table*))
 .gnu.linkonce.irq_vector_table
                0x0000000008000040      0x154 zephyr/arch/common/libisr_tables.a(isr_tables.c.obj)
                0x0000000008000040                _irq_vector_table
 *(SORT_BY_ALIGNMENT(.vectors))
                0x0000000008000194                _vector_end = .

text            0x00000000080001a0    0x1199a
                0x00000000080001a0                __text_region_start = .
 *(SORT_BY_ALIGNMENT(.text))
 .text          0x00000000080001a0       0xa0 /opt/zephyr-sdk/arm-zephyr-eabi/arm-zephyr-eabi/lib/thumb/v7e-m/nofp/libc_nano.a(lib_a-memchr.o)
                0x00000000080001a0                memchr
 .text          0x0000000008000240      0x378 /opt/zephyr-sdk/arm-zephyr-eabi/bin/../lib/gcc/arm-zephyr-eabi/10.3.0/thumb/v7e-m/nofp/libgcc.a(_arm_addsubdf3.o)
                0x0000000008000240                __aeabi_drsub
                0x0000000008000248                __aeabi_dsub
                0x0000000008000248                __subdf3
                0x000000000800024c                __adddf3
                0x000000000800024c                __aeabi_dadd
                0x00000000080004c4                __aeabi_ui2d
                0x00000000080004c4                __floatunsidf
                0x00000000080004e4                __floatsidf
                0x00000000080004e4                __aeabi_i2d
                0x0000000008000508                __extendsfdf2
                0x0000000008000508                __aeabi_f2d
                0x000000000800054c                __aeabi_ul2d
                0x000000000800054c                __floatundidf
                0x000000000800055c                __floatdidf
                0x000000000800055c                __aeabi_l2d
 .text          0x00000000080005b8      0x424 /opt/zephyr-sdk/arm-zephyr-eabi/bin/../lib/gcc/arm-zephyr-eabi/10.3.0/thumb/v7e-m/nofp/libgcc.a(_arm_muldivdf3.o)
                0x00000000080005b8                __aeabi_dmul
                0x00000000080005b8                __muldf3
                0x000000000800080c                __aeabi_ddiv
                0x000000000800080c                __divdf3
 .text          0x00000000080009dc       0x30 /opt/zephyr-sdk/arm-zephyr-eabi/bin/../lib/gcc/arm-zephyr-eabi/10.3.0/thumb/v7e-m/nofp/libgcc.a(_aeabi_uldivmod.o)
                0x00000000080009dc                __aeabi_uldivmod
 .text          0x0000000008000a0c        0x4 /opt/zephyr-sdk/arm-zephyr-eabi/bin/../lib/gcc/arm-zephyr-eabi/10.3.0/thumb/v7e-m/nofp/libgcc.a(_dvmd_tls.o)
                0x0000000008000a0c                __aeabi_ldiv0
                0x0000000008000a0c                __aeabi_idiv0
 .text          0x0000000008000a10      0x110 /opt/zephyr-sdk/arm-zephyr-eabi/bin/../lib/gcc/arm-zephyr-eabi/10.3.0/thumb/v7e-m/nofp/libgcc.a(_arm_cmpdf2.o)
                0x0000000008000a10                __gtdf2
                0x0000000008000a10                __gedf2
                0x0000000008000a18                __ltdf2
                0x0000000008000a18                __ledf2
                0x0000000008000a20                __cmpdf2
                0x0000000008000a20                __eqdf2
                0x0000000008000a20                __nedf2
                0x0000000008000a9c                __aeabi_cdrcmple
                0x0000000008000aac                __aeabi_cdcmple
                0x0000000008000aac                __aeabi_cdcmpeq
                0x0000000008000abc                __aeabi_dcmpeq
                0x0000000008000ad0                __aeabi_dcmplt
                0x0000000008000ae4                __aeabi_dcmple
                0x0000000008000af8                __aeabi_dcmpge
                0x0000000008000b0c                __aeabi_dcmpgt
 .text          0x0000000008000b20       0x2c /opt/zephyr-sdk/arm-zephyr-eabi/bin/../lib/gcc/arm-zephyr-eabi/10.3.0/thumb/v7e-m/nofp/libgcc.a(_arm_unorddf2.o)
                0x0000000008000b20                __aeabi_dcmpun
                0x0000000008000b20                __unorddf2
 .text          0x0000000008000b4c       0x50 /opt/zephyr-sdk/arm-zephyr-eabi/bin/../lib/gcc/arm-zephyr-eabi/10.3.0/thumb/v7e-m/nofp/libgcc.a(_arm_fixdfsi.o)
                0x0000000008000b4c                __fixdfsi
                0x0000000008000b4c                __aeabi_d2iz
 .text          0x0000000008000b9c      0x2a6 /opt/zephyr-sdk/arm-zephyr-eabi/bin/../lib/gcc/arm-zephyr-eabi/10.3.0/thumb/v7e-m/nofp/libgcc.a(_udivmoddi4.o)
                0x0000000008000b9c                __udivmoddi4
 .text          0x0000000008000e42       0x14 /opt/zephyr-sdk/arm-zephyr-eabi/arm-zephyr-eabi/lib/thumb/v7e-m/nofp/libc_nano.a(lib_a-strcmp.o)
                0x0000000008000e42                strcmp
 .text          0x0000000008000e56       0x10 /opt/zephyr-sdk/arm-zephyr-eabi/arm-zephyr-eabi/lib/thumb/v7e-m/nofp/libc_nano.a(lib_a-strlen.o)
                0x0000000008000e56                strlen
 *(SORT_BY_ALIGNMENT(.text.*))
 *fill*         0x0000000008000e66        0x2 
 .text._dtoa_r  0x0000000008000e68      0xbdc /opt/zephyr-sdk/arm-zephyr-eabi/arm-zephyr-eabi/lib/thumb/v7e-m/nofp/libc_nano.a(lib_a-dtoa.o)
                0x0000000008000e68                _dtoa_r
 .text.lora_receive_cb
                0x0000000008001a44       0x3c app/libapp.a(service_device_common.c.obj)
                0x0000000008001a44                lora_receive_cb
 .text.print_modem_cfg
                0x0000000008001a80      0x55c app/libapp.a(service_device_common.c.obj)
                0x0000000008001a80                print_modem_cfg
 .text.change_modem_datarate
                0x0000000008001fdc       0x90 app/libapp.a(service_device_common.c.obj)
                0x0000000008001fdc                change_modem_datarate
 .text.change_modem_frequency
                0x000000000800206c       0x98 app/libapp.a(service_device_common.c.obj)
                0x000000000800206c                change_modem_frequency
 .text.incr_decr_modem_frequency
                0x0000000008002104       0xa8 app/libapp.a(service_device_common.c.obj)
                0x0000000008002104                incr_decr_modem_frequency
 .text.print_per_status
                0x00000000080021ac      0x110 app/libapp.a(service_device_common.c.obj)
                0x00000000080021ac                print_per_status
 .text.per_meas
                0x00000000080022bc      0x19c app/libapp.a(service_device_common.c.obj)
                0x00000000080022bc                per_meas
 .text.stop_session
                0x0000000008002458       0x70 app/libapp.a(service_device_common.c.obj)
                0x0000000008002458                stop_session
 .text.event_cb
                0x00000000080024c8       0x40 app/libapp.a(main.c.obj)
                0x00000000080024c8                event_cb
 .text.work_uart_data_proc_handler
                0x0000000008002508      0x2e8 app/libapp.a(main.c.obj)
                0x0000000008002508                work_uart_data_proc_handler
 .text.common_task
                0x00000000080027f0      0x3d0 app/libapp.a(main.c.obj)
                0x00000000080027f0                common_task
 .text.cbvprintf_package
                0x0000000008002bc0      0x470 zephyr/libzephyr.a(cbprintf_packaged.c.obj)
                0x0000000008002bc0                cbvprintf_package
 .text.char_out
                0x0000000008003030       0x14 zephyr/libzephyr.a(printk.c.obj)
 .text.__printk_hook_install
                0x0000000008003044        0xc zephyr/libzephyr.a(printk.c.obj)
                0x0000000008003044                __printk_hook_install
 .text.vprintk  0x0000000008003050       0x20 zephyr/libzephyr.a(printk.c.obj)
                0x0000000008003050                vprintk
 .text.vsnprintk
                0x0000000008003070       0x2c zephyr/libzephyr.a(printk.c.obj)
                0x0000000008003070                vsnprintk
 .text.extract_decimal
                0x000000000800309c       0x2c zephyr/libzephyr.a(cbprintf_complete.c.obj)
 .text.extract_conversion
                0x00000000080030c8      0x314 zephyr/libzephyr.a(cbprintf_complete.c.obj)
 .text.encode_uint
                0x00000000080033dc       0xe0 zephyr/libzephyr.a(cbprintf_complete.c.obj)
 .text.cbvprintf
                0x00000000080034bc      0x5d0 zephyr/libzephyr.a(cbprintf_complete.c.obj)
                0x00000000080034bc                cbvprintf
 .text.stm32l4_init
                0x0000000008003a8c       0x2c zephyr/libzephyr.a(soc.c.obj)
 .text.thread_set
                0x0000000008003ab8       0x28 zephyr/libzephyr.a(log_core.c.obj)
 .text.log_process_thread_timer_expiry_fn
                0x0000000008003ae0       0x10 zephyr/libzephyr.a(log_core.c.obj)
 .text.enable_logger
                0x0000000008003af0       0x5c zephyr/libzephyr.a(log_core.c.obj)
 .text.log_init
                0x0000000008003b4c       0x70 zephyr/libzephyr.a(log_core.c.obj)
                0x0000000008003b4c                log_init
 .text.log_set_timestamp_func
                0x0000000008003bbc       0x1c zephyr/libzephyr.a(log_core.c.obj)
                0x0000000008003bbc                log_set_timestamp_func
 .text.z_log_notify_backend_enabled
                0x0000000008003bd8       0x20 zephyr/libzephyr.a(log_core.c.obj)
                0x0000000008003bd8                z_log_notify_backend_enabled
 .text.z_log_dropped
                0x0000000008003bf8       0x40 zephyr/libzephyr.a(log_core.c.obj)
                0x0000000008003bf8                z_log_dropped
 .text.z_log_dropped_read_and_clear
                0x0000000008003c38       0x20 zephyr/libzephyr.a(log_core.c.obj)
                0x0000000008003c38                z_log_dropped_read_and_clear
 .text.dropped_notify
                0x0000000008003c58       0x44 zephyr/libzephyr.a(log_core.c.obj)
                0x0000000008003c58                dropped_notify
 .text.z_log_dropped_pending
                0x0000000008003c9c       0x14 zephyr/libzephyr.a(log_core.c.obj)
                0x0000000008003c9c                z_log_dropped_pending
 .text.z_log_msg2_init
                0x0000000008003cb0       0x14 zephyr/libzephyr.a(log_core.c.obj)
                0x0000000008003cb0                z_log_msg2_init
 .text.log_core_init
                0x0000000008003cc4       0x28 zephyr/libzephyr.a(log_core.c.obj)
                0x0000000008003cc4                log_core_init
 .text.z_log_msg2_alloc
                0x0000000008003cec       0x14 zephyr/libzephyr.a(log_core.c.obj)
                0x0000000008003cec                z_log_msg2_alloc
 .text.z_log_msg2_claim
                0x0000000008003d00       0x10 zephyr/libzephyr.a(log_core.c.obj)
                0x0000000008003d00                z_log_msg2_claim
 .text.z_log_msg2_free
                0x0000000008003d10       0x10 zephyr/libzephyr.a(log_core.c.obj)
                0x0000000008003d10                z_log_msg2_free
 .text.msg_process
                0x0000000008003d20       0x54 zephyr/libzephyr.a(log_core.c.obj)
 .text.z_log_msg2_pending
                0x0000000008003d74       0x10 zephyr/libzephyr.a(log_core.c.obj)
                0x0000000008003d74                z_log_msg2_pending
 .text.z_impl_log_process
                0x0000000008003d84       0x54 zephyr/libzephyr.a(log_core.c.obj)
                0x0000000008003d84                z_impl_log_process
 .text.z_log_msg_post_finalize
                0x0000000008003dd8       0x90 zephyr/libzephyr.a(log_core.c.obj)
 .text.z_log_msg2_commit
                0x0000000008003e68       0x24 zephyr/libzephyr.a(log_core.c.obj)
                0x0000000008003e68                z_log_msg2_commit
 .text.z_impl_log_panic
                0x0000000008003e8c       0x58 zephyr/libzephyr.a(log_core.c.obj)
                0x0000000008003e8c                z_impl_log_panic
 .text.log_process_thread_func
                0x0000000008003ee4       0x2c zephyr/libzephyr.a(log_core.c.obj)
 .text.log_source_name_get
                0x0000000008003f10       0x20 zephyr/libzephyr.a(log_mgmt.c.obj)
                0x0000000008003f10                log_source_name_get
 .text.log_backend_enable
                0x0000000008003f30       0x24 zephyr/libzephyr.a(log_mgmt.c.obj)
                0x0000000008003f30                log_backend_enable
 .text.print_formatted
                0x0000000008003f54       0x24 zephyr/libzephyr.a(log_output.c.obj)
 .text.timestamp_print
                0x0000000008003f78       0x8c zephyr/libzephyr.a(log_output.c.obj)
 .text.color_print
                0x0000000008004004       0x2c zephyr/libzephyr.a(log_output.c.obj)
 .text.newline_print
                0x0000000008004030       0x28 zephyr/libzephyr.a(log_output.c.obj)
 .text.hexdump_line_print
                0x0000000008004058       0xc4 zephyr/libzephyr.a(log_output.c.obj)
 .text.ids_print
                0x000000000800411c       0x6c zephyr/libzephyr.a(log_output.c.obj)
 .text.prefix_print
                0x0000000008004188       0x78 zephyr/libzephyr.a(log_output.c.obj)
 .text.log_output_msg2_process
                0x0000000008004200       0xb8 zephyr/libzephyr.a(log_output.c.obj)
                0x0000000008004200                log_output_msg2_process
 .text.log_output_dropped_process
                0x00000000080042b8       0x58 zephyr/libzephyr.a(log_output.c.obj)
                0x00000000080042b8                log_output_dropped_process
 .text.log_output_timestamp_freq_set
                0x0000000008004310       0x2c zephyr/libzephyr.a(log_output.c.obj)
                0x0000000008004310                log_output_timestamp_freq_set
 .text.char_out
                0x000000000800433c       0x24 zephyr/libzephyr.a(log_backend_uart.c.obj)
 .text.log_backend_uart_init
                0x0000000008004360       0x10 zephyr/libzephyr.a(log_backend_uart.c.obj)
 .text.panic    0x0000000008004370       0x18 zephyr/libzephyr.a(log_backend_uart.c.obj)
 .text.dropped  0x0000000008004388       0x10 zephyr/libzephyr.a(log_backend_uart.c.obj)
 .text.process  0x0000000008004398       0x10 zephyr/libzephyr.a(log_backend_uart.c.obj)
 .text.__do_init_array_aux
                0x00000000080043a8       0x1c zephyr/libzephyr.a(cpp_init_array.c.obj)
                0x00000000080043a8                __do_init_array_aux
 .text.__do_global_ctors_aux
                0x00000000080043c4       0x20 zephyr/libzephyr.a(cpp_ctors.c.obj)
                0x00000000080043c4                __do_global_ctors_aux
 .text.z_arm_cpu_idle_init
                0x00000000080043e4        0xc zephyr/arch/arch/arm/core/aarch32/libarch__arm__core__aarch32.a(cpu_idle.S.obj)
                0x00000000080043e4                z_arm_cpu_idle_init
 .text.arch_cpu_idle
                0x00000000080043f0       0x1c zephyr/arch/arch/arm/core/aarch32/libarch__arm__core__aarch32.a(cpu_idle.S.obj)
                0x00000000080043f0                arch_cpu_idle
 .text.esf_dump
                0x000000000800440c      0x1dc zephyr/arch/arch/arm/core/aarch32/libarch__arm__core__aarch32.a(fatal.c.obj)
 .text.arch_irq_enable
                0x00000000080045e8       0x1c zephyr/arch/arch/arm/core/aarch32/libarch__arm__core__aarch32.a(irq_manage.c.obj)
                0x00000000080045e8                arch_irq_enable
 .text.arch_irq_disable
                0x0000000008004604       0x28 zephyr/arch/arch/arm/core/aarch32/libarch__arm__core__aarch32.a(irq_manage.c.obj)
                0x0000000008004604                arch_irq_disable
 .text.arch_irq_is_enabled
                0x000000000800462c       0x1c zephyr/arch/arch/arm/core/aarch32/libarch__arm__core__aarch32.a(irq_manage.c.obj)
                0x000000000800462c                arch_irq_is_enabled
 .text.z_arm_irq_priority_set
                0x0000000008004648       0x2c zephyr/arch/arch/arm/core/aarch32/libarch__arm__core__aarch32.a(irq_manage.c.obj)
                0x0000000008004648                z_arm_irq_priority_set
 .text.z_SysNmiOnReset
                0x0000000008004674        0x8 zephyr/arch/arch/arm/core/aarch32/libarch__arm__core__aarch32.a(nmi_on_reset.S.obj)
                0x0000000008004674                z_SysNmiOnReset
 .text.z_arm_prep_c
                0x000000000800467c       0x48 zephyr/arch/arch/arm/core/aarch32/libarch__arm__core__aarch32.a(prep_c.c.obj)
                0x000000000800467c                z_arm_prep_c
 .text.arch_swap
                0x00000000080046c4       0x34 zephyr/arch/arch/arm/core/aarch32/libarch__arm__core__aarch32.a(swap.c.obj)
                0x00000000080046c4                arch_swap
 .text.z_arm_pendsv
                0x00000000080046f8       0x54 zephyr/arch/arch/arm/core/aarch32/libarch__arm__core__aarch32.a(swap_helper.S.obj)
                0x00000000080046f8                z_arm_pendsv
 .text.z_arm_svc
                0x000000000800474c       0x20 zephyr/arch/arch/arm/core/aarch32/libarch__arm__core__aarch32.a(swap_helper.S.obj)
                0x000000000800474c                z_arm_svc
 .text.arch_new_thread
                0x000000000800476c       0x40 zephyr/arch/arch/arm/core/aarch32/libarch__arm__core__aarch32.a(thread.c.obj)
                0x000000000800476c                arch_new_thread
 .text.z_check_thread_stack_fail
                0x00000000080047ac       0x4c zephyr/arch/arch/arm/core/aarch32/libarch__arm__core__aarch32.a(thread.c.obj)
                0x00000000080047ac                z_check_thread_stack_fail
 .text.arch_switch_to_main_thread
                0x00000000080047f8       0x2c zephyr/arch/arch/arm/core/aarch32/libarch__arm__core__aarch32.a(thread.c.obj)
                0x00000000080047f8                arch_switch_to_main_thread
 .text._isr_wrapper
                0x0000000008004824       0x28 zephyr/arch/arch/arm/core/aarch32/libarch__arm__core__aarch32.a(isr_wrapper.S.obj)
                0x0000000008004824                _isr_wrapper
 .text._HandlerModeExit
                0x000000000800484c       0x1c zephyr/arch/arch/arm/core/aarch32/cortex_m/libarch__arm__core__aarch32__cortex_m.a(exc_exit.S.obj)
                0x000000000800484c                z_arm_exc_exit
                0x000000000800484c                z_arm_int_exit
 .text.reserved_exception
                0x0000000008004868       0x3c zephyr/arch/arch/arm/core/aarch32/cortex_m/libarch__arm__core__aarch32__cortex_m.a(fault.c.obj)
 .text.bus_fault
                0x00000000080048a4      0x2dc zephyr/arch/arch/arm/core/aarch32/cortex_m/libarch__arm__core__aarch32__cortex_m.a(fault.c.obj)
 .text.usage_fault
                0x0000000008004b80      0x268 zephyr/arch/arch/arm/core/aarch32/cortex_m/libarch__arm__core__aarch32__cortex_m.a(fault.c.obj)
 .text.debug_monitor
                0x0000000008004de8       0x58 zephyr/arch/arch/arm/core/aarch32/cortex_m/libarch__arm__core__aarch32__cortex_m.a(fault.c.obj)
 .text.mem_manage_fault
                0x0000000008004e40      0x2c4 zephyr/arch/arch/arm/core/aarch32/cortex_m/libarch__arm__core__aarch32__cortex_m.a(fault.c.obj)
 .text.hard_fault
                0x0000000008005104      0x1f8 zephyr/arch/arch/arm/core/aarch32/cortex_m/libarch__arm__core__aarch32__cortex_m.a(fault.c.obj)
 .text.z_arm_fault
                0x00000000080052fc       0xf4 zephyr/arch/arch/arm/core/aarch32/cortex_m/libarch__arm__core__aarch32__cortex_m.a(fault.c.obj)
                0x00000000080052fc                z_arm_fault
 .text.z_arm_fault_init
                0x00000000080053f0       0x10 zephyr/arch/arch/arm/core/aarch32/cortex_m/libarch__arm__core__aarch32__cortex_m.a(fault.c.obj)
                0x00000000080053f0                z_arm_fault_init
 .text.__fault  0x0000000008005400       0x14 zephyr/arch/arch/arm/core/aarch32/cortex_m/libarch__arm__core__aarch32__cortex_m.a(fault_s.S.obj)
                0x0000000008005400                z_arm_bus_fault
                0x0000000008005400                z_arm_usage_fault
                0x0000000008005400                z_arm_mpu_fault
                0x0000000008005400                z_arm_exc_spurious
                0x0000000008005400                z_arm_debug_monitor
                0x0000000008005400                z_arm_hard_fault
 .text.z_arm_interrupt_init
                0x0000000008005414       0x34 zephyr/arch/arch/arm/core/aarch32/cortex_m/libarch__arm__core__aarch32__cortex_m.a(irq_init.c.obj)
                0x0000000008005414                z_arm_interrupt_init
 .text._reset_section
                0x0000000008005448       0x2c zephyr/arch/arch/arm/core/aarch32/cortex_m/libarch__arm__core__aarch32__cortex_m.a(reset.S.obj)
                0x0000000008005448                z_arm_reset
                0x0000000008005448                __start
 .text.z_impl_k_thread_abort
                0x0000000008005474       0x2c zephyr/arch/arch/arm/core/aarch32/cortex_m/libarch__arm__core__aarch32__cortex_m.a(thread_abort.c.obj)
                0x0000000008005474                z_impl_k_thread_abort
 .text.z_arm_configure_static_mpu_regions
                0x00000000080054a0       0x1c zephyr/arch/arch/arm/core/aarch32/mpu/libarch__arm__core__aarch32__mpu.a(arm_core_mpu.c.obj)
                0x00000000080054a0                z_arm_configure_static_mpu_regions
 .text.z_arm_configure_dynamic_mpu_regions
                0x00000000080054bc       0x24 zephyr/arch/arch/arm/core/aarch32/mpu/libarch__arm__core__aarch32__mpu.a(arm_core_mpu.c.obj)
                0x00000000080054bc                z_arm_configure_dynamic_mpu_regions
 .text.region_init
                0x00000000080054e0       0x28 zephyr/arch/arch/arm/core/aarch32/mpu/libarch__arm__core__aarch32__mpu.a(arm_mpu.c.obj)
 .text.region_allocate_and_init
                0x0000000008005508       0x68 zephyr/arch/arch/arm/core/aarch32/mpu/libarch__arm__core__aarch32__mpu.a(arm_mpu.c.obj)
 .text.mpu_configure_regions
                0x0000000008005570       0xa4 zephyr/arch/arch/arm/core/aarch32/mpu/libarch__arm__core__aarch32__mpu.a(arm_mpu.c.obj)
 .text.mpu_configure_static_mpu_regions
                0x0000000008005614       0x14 zephyr/arch/arch/arm/core/aarch32/mpu/libarch__arm__core__aarch32__mpu.a(arm_mpu.c.obj)
 .text.mpu_configure_dynamic_mpu_regions
                0x0000000008005628       0x34 zephyr/arch/arch/arm/core/aarch32/mpu/libarch__arm__core__aarch32__mpu.a(arm_mpu.c.obj)
 .text.arm_core_mpu_enable
                0x000000000800565c       0x18 zephyr/arch/arch/arm/core/aarch32/mpu/libarch__arm__core__aarch32__mpu.a(arm_mpu.c.obj)
                0x000000000800565c                arm_core_mpu_enable
 .text.arm_core_mpu_disable
                0x0000000008005674       0x14 zephyr/arch/arch/arm/core/aarch32/mpu/libarch__arm__core__aarch32__mpu.a(arm_mpu.c.obj)
                0x0000000008005674                arm_core_mpu_disable
 .text.z_arm_mpu_init
                0x0000000008005688       0x44 zephyr/arch/arch/arm/core/aarch32/mpu/libarch__arm__core__aarch32__mpu.a(arm_mpu.c.obj)
                0x0000000008005688                z_arm_mpu_init
 .text.__stdout_hook_install
                0x00000000080056cc        0xc zephyr/lib/libc/newlib/liblib__libc__newlib.a(libc-hooks.c.obj)
                0x00000000080056cc                __stdout_hook_install
 .text.z_impl_zephyr_read_stdin
                0x00000000080056d8       0x2c zephyr/lib/libc/newlib/liblib__libc__newlib.a(libc-hooks.c.obj)
                0x00000000080056d8                z_impl_zephyr_read_stdin
 .text.z_impl_zephyr_write_stdout
                0x0000000008005704       0x34 zephyr/lib/libc/newlib/liblib__libc__newlib.a(libc-hooks.c.obj)
                0x0000000008005704                z_impl_zephyr_write_stdout
 .text._exit    0x0000000008005738       0x14 zephyr/lib/libc/newlib/liblib__libc__newlib.a(libc-hooks.c.obj)
                0x0000000008005738                _exit
 .text._sbrk    0x000000000800574c       0x2c zephyr/lib/libc/newlib/liblib__libc__newlib.a(libc-hooks.c.obj)
                0x000000000800574c                _sbrk
                0x000000000800574c                sbrk
 .text.__chk_fail
                0x0000000008005778       0x1c zephyr/lib/libc/newlib/liblib__libc__newlib.a(libc-hooks.c.obj)
                0x0000000008005778                __chk_fail
 .text.rand_get
                0x0000000008005794       0x64 zephyr/subsys/random/libsubsys__random.a(rand32_entropy_device.c.obj)
 .text.__stm32_exti_isr
                0x00000000080057f8       0x4c zephyr/drivers/interrupt_controller/libdrivers__interrupt_controller.a(intc_exti_stm32.c.obj)
 .text.stm32_exti_enable
                0x0000000008005844       0x20 zephyr/drivers/interrupt_controller/libdrivers__interrupt_controller.a(intc_exti_stm32.c.obj)
                0x0000000008005844                stm32_exti_enable
 .text.stm32_exti_disable
                0x0000000008005864       0x18 zephyr/drivers/interrupt_controller/libdrivers__interrupt_controller.a(intc_exti_stm32.c.obj)
                0x0000000008005864                stm32_exti_disable
 .text.stm32_exti_trigger
                0x000000000800587c       0x70 zephyr/drivers/interrupt_controller/libdrivers__interrupt_controller.a(intc_exti_stm32.c.obj)
                0x000000000800587c                stm32_exti_trigger
 .text.stm32_exti_set_callback
                0x00000000080058ec       0x24 zephyr/drivers/interrupt_controller/libdrivers__interrupt_controller.a(intc_exti_stm32.c.obj)
                0x00000000080058ec                stm32_exti_set_callback
 .text.stm32_exti_unset_callback
                0x0000000008005910       0x14 zephyr/drivers/interrupt_controller/libdrivers__interrupt_controller.a(intc_exti_stm32.c.obj)
                0x0000000008005910                stm32_exti_unset_callback
 .text.stm32_clock_control_on
                0x0000000008005924       0xa4 zephyr/drivers/clock_control/libdrivers__clock_control.a(clock_stm32_ll_common.c.obj)
 .text.stm32_clock_control_off
                0x00000000080059c8       0x7c zephyr/drivers/clock_control/libdrivers__clock_control.a(clock_stm32_ll_common.c.obj)
 .text.stm32_clock_control_get_subsys_rate
                0x0000000008005a44       0x40 zephyr/drivers/clock_control/libdrivers__clock_control.a(clock_stm32_ll_common.c.obj)
 .text.stm32_clock_switch_to_hsi
                0x0000000008005a84       0x48 zephyr/drivers/clock_control/libdrivers__clock_control.a(clock_stm32_ll_common.c.obj)
 .text.stm32_clock_control_init
                0x0000000008005acc       0x54 zephyr/drivers/clock_control/libdrivers__clock_control.a(clock_stm32_ll_common.c.obj)
                0x0000000008005acc                stm32_clock_control_init
 .text.config_enable_default_clocks
                0x0000000008005b20       0x20 zephyr/drivers/clock_control/libdrivers__clock_control.a(clock_stm32l4_l5_wb_wl.c.obj)
                0x0000000008005b20                config_enable_default_clocks
 .text.console_out
                0x0000000008005b40       0x2c zephyr/drivers/console/libdrivers__console.a(uart_console.c.obj)
 .text.uart_console_hook_install
                0x0000000008005b6c       0x18 zephyr/drivers/console/libdrivers__console.a(uart_console.c.obj)
 .text.uart_console_init
                0x0000000008005b84       0x24 zephyr/drivers/console/libdrivers__console.a(uart_console.c.obj)
 .text.dma_stm32_get_priority
                0x0000000008005ba8       0x8c zephyr/drivers/dma/libdrivers__dma.a(dma_stm32.c.obj)
 .text.dma_stm32_get_direction
                0x0000000008005c34       0x7c zephyr/drivers/dma/libdrivers__dma.a(dma_stm32.c.obj)
 .text.dma_stm32_get_memory_increment
                0x0000000008005cb0       0x78 zephyr/drivers/dma/libdrivers__dma.a(dma_stm32.c.obj)
 .text.dma_stm32_get_periph_increment
                0x0000000008005d28       0x78 zephyr/drivers/dma/libdrivers__dma.a(dma_stm32.c.obj)
 .text.dma_stm32_irq_handler
                0x0000000008005da0      0x13c zephyr/drivers/dma/libdrivers__dma.a(dma_stm32.c.obj)
 .text.dma_stm32_get_status
                0x0000000008005edc       0x4c zephyr/drivers/dma/libdrivers__dma.a(dma_stm32.c.obj)
 .text.dma_stm32_stop
                0x0000000008005f28       0x50 zephyr/drivers/dma/libdrivers__dma.a(dma_stm32.c.obj)
 .text.dma_stm32_reload
                0x0000000008005f78       0xec zephyr/drivers/dma/libdrivers__dma.a(dma_stm32.c.obj)
 .text.dma_stm32_configure
                0x0000000008006064      0x578 zephyr/drivers/dma/libdrivers__dma.a(dma_stm32.c.obj)
 .text.dma_stm32_init
                0x00000000080065dc       0xb0 zephyr/drivers/dma/libdrivers__dma.a(dma_stm32.c.obj)
 .text.dma_stm32_id_to_stream
                0x000000000800668c        0xc zephyr/drivers/dma/libdrivers__dma.a(dma_stm32_v2.c.obj)
                0x000000000800668c                dma_stm32_id_to_stream
 .text.dma_stm32_clear_ht
                0x0000000008006698       0x10 zephyr/drivers/dma/libdrivers__dma.a(dma_stm32_v2.c.obj)
                0x0000000008006698                dma_stm32_clear_ht
 .text.dma_stm32_clear_tc
                0x00000000080066a8       0x10 zephyr/drivers/dma/libdrivers__dma.a(dma_stm32_v2.c.obj)
                0x00000000080066a8                dma_stm32_clear_tc
 .text.dma_stm32_is_ht_active
                0x00000000080066b8       0x18 zephyr/drivers/dma/libdrivers__dma.a(dma_stm32_v2.c.obj)
                0x00000000080066b8                dma_stm32_is_ht_active
 .text.dma_stm32_is_tc_active
                0x00000000080066d0       0x18 zephyr/drivers/dma/libdrivers__dma.a(dma_stm32_v2.c.obj)
                0x00000000080066d0                dma_stm32_is_tc_active
 .text.dma_stm32_clear_te
                0x00000000080066e8       0x10 zephyr/drivers/dma/libdrivers__dma.a(dma_stm32_v2.c.obj)
                0x00000000080066e8                dma_stm32_clear_te
 .text.dma_stm32_is_te_active
                0x00000000080066f8       0x18 zephyr/drivers/dma/libdrivers__dma.a(dma_stm32_v2.c.obj)
                0x00000000080066f8                dma_stm32_is_te_active
 .text.dma_stm32_is_gi_active
                0x0000000008006710       0x18 zephyr/drivers/dma/libdrivers__dma.a(dma_stm32_v2.c.obj)
                0x0000000008006710                dma_stm32_is_gi_active
 .text.stm32_dma_dump_stream_irq
                0x0000000008006728      0x12c zephyr/drivers/dma/libdrivers__dma.a(dma_stm32_v2.c.obj)
                0x0000000008006728                stm32_dma_dump_stream_irq
 .text.stm32_dma_is_tc_irq_active
                0x0000000008006854       0x34 zephyr/drivers/dma/libdrivers__dma.a(dma_stm32_v2.c.obj)
                0x0000000008006854                stm32_dma_is_tc_irq_active
 .text.stm32_dma_is_ht_irq_active
                0x0000000008006888       0x34 zephyr/drivers/dma/libdrivers__dma.a(dma_stm32_v2.c.obj)
                0x0000000008006888                stm32_dma_is_ht_irq_active
 .text.stm32_dma_enable_stream
                0x00000000080068bc       0x1c zephyr/drivers/dma/libdrivers__dma.a(dma_stm32_v2.c.obj)
                0x00000000080068bc                stm32_dma_enable_stream
 .text.stm32_dma_disable_stream
                0x00000000080068d8       0x2c zephyr/drivers/dma/libdrivers__dma.a(dma_stm32_v2.c.obj)
                0x00000000080068d8                stm32_dma_disable_stream
 .text.gpio_stm32_set_exti_source
                0x0000000008006904       0x5c zephyr/drivers/gpio/libdrivers__gpio.a(gpio_stm32.c.obj)
 .text.gpio_stm32_get_exti_source
                0x0000000008006960       0x4c zephyr/drivers/gpio/libdrivers__gpio.a(gpio_stm32.c.obj)
 .text.gpio_stm32_clock_request
                0x00000000080069ac       0x44 zephyr/drivers/gpio/libdrivers__gpio.a(gpio_stm32.c.obj)
 .text.gpio_stm32_enable_int
                0x00000000080069f0       0x48 zephyr/drivers/gpio/libdrivers__gpio.a(gpio_stm32.c.obj)
 .text.gpio_stm32_pin_interrupt_configure
                0x0000000008006a38       0x94 zephyr/drivers/gpio/libdrivers__gpio.a(gpio_stm32.c.obj)
 .text.spi_stm32_get_err
                0x0000000008006acc       0x54 zephyr/drivers/spi/libdrivers__spi.a(spi_ll_stm32.c.obj)
 .text.spi_stm32_configure
                0x0000000008006b20      0x2c4 zephyr/drivers/spi/libdrivers__spi.a(spi_ll_stm32.c.obj)
 .text.spi_stm32_init
                0x0000000008006de4      0x1f0 zephyr/drivers/spi/libdrivers__spi.a(spi_ll_stm32.c.obj)
 .text.transceive
                0x0000000008006fd4      0x1c4 zephyr/drivers/spi/libdrivers__spi.a(spi_ll_stm32.c.obj)
 .text.timer_callback
                0x0000000008007198       0x10 zephyr/drivers/lora/libloramac-node.a(hal_common.c.obj)
 .text.RtcGetTimerElapsedTime
                0x00000000080071a8       0x1c zephyr/drivers/lora/libloramac-node.a(hal_common.c.obj)
                0x00000000080071a8                RtcGetTimerElapsedTime
 .text.RtcStopAlarm
                0x00000000080071c4       0x10 zephyr/drivers/lora/libloramac-node.a(hal_common.c.obj)
                0x00000000080071c4                RtcStopAlarm
 .text.RtcSetAlarm
                0x00000000080071d4       0x2c zephyr/drivers/lora/libloramac-node.a(hal_common.c.obj)
                0x00000000080071d4                RtcSetAlarm
 .text.RtcSetTimerContext
                0x0000000008007200       0x18 zephyr/drivers/lora/libloramac-node.a(hal_common.c.obj)
                0x0000000008007200                RtcSetTimerContext
 .text.RtcGetTimerContext
                0x0000000008007218        0xc zephyr/drivers/lora/libloramac-node.a(hal_common.c.obj)
                0x0000000008007218                RtcGetTimerContext
 .text.modem_release
                0x0000000008007224       0x50 zephyr/drivers/lora/libloramac-node.a(sx12xx_common.c.obj)
 .text.sx12xx_ev_tx_timed_out
                0x0000000008007274       0x20 zephyr/drivers/lora/libloramac-node.a(sx12xx_common.c.obj)
 .text.sx12xx_ev_rx_error_timeout
                0x0000000008007294       0x7c zephyr/drivers/lora/libloramac-node.a(sx12xx_common.c.obj)
 .text.sx12xx_ev_tx_done
                0x0000000008007310       0x1c zephyr/drivers/lora/libloramac-node.a(sx12xx_common.c.obj)
 .text.sx12xx_ev_rx_done
                0x000000000800732c       0xa8 zephyr/drivers/lora/libloramac-node.a(sx12xx_common.c.obj)
 .text.__sx12xx_configure_pin
                0x00000000080073d4       0xa4 zephyr/drivers/lora/libloramac-node.a(sx12xx_common.c.obj)
                0x00000000080073d4                __sx12xx_configure_pin
 .text.sx12xx_lora_send_async
                0x0000000008007478       0x4c zephyr/drivers/lora/libloramac-node.a(sx12xx_common.c.obj)
                0x0000000008007478                sx12xx_lora_send_async
 .text.sx12xx_lora_send
                0x00000000080074c4      0x1b4 zephyr/drivers/lora/libloramac-node.a(sx12xx_common.c.obj)
                0x00000000080074c4                sx12xx_lora_send
 .text.sx12xx_lora_recv
                0x0000000008007678      0x10c zephyr/drivers/lora/libloramac-node.a(sx12xx_common.c.obj)
                0x0000000008007678                sx12xx_lora_recv
 .text.sx12xx_lora_recv_async
                0x0000000008007784       0xc4 zephyr/drivers/lora/libloramac-node.a(sx12xx_common.c.obj)
                0x0000000008007784                sx12xx_lora_recv_async
 .text.sx12xx_lora_config
                0x0000000008007848       0xc4 zephyr/drivers/lora/libloramac-node.a(sx12xx_common.c.obj)
                0x0000000008007848                sx12xx_lora_config
 .text.sx12xx_lora_test_cw
                0x000000000800790c      0x114 zephyr/drivers/lora/libloramac-node.a(sx12xx_common.c.obj)
                0x000000000800790c                sx12xx_lora_test_cw
 .text.sx12xx_lora_time_on_air
                0x0000000008007a20       0x30 zephyr/drivers/lora/libloramac-node.a(sx12xx_common.c.obj)
                0x0000000008007a20                sx12xx_lora_time_on_air
 .text.sx12xx_lora_is_channel_free
                0x0000000008007a50       0x6c zephyr/drivers/lora/libloramac-node.a(sx12xx_common.c.obj)
                0x0000000008007a50                sx12xx_lora_is_channel_free
 .text.sx12xx_init
                0x0000000008007abc       0x54 zephyr/drivers/lora/libloramac-node.a(sx12xx_common.c.obj)
                0x0000000008007abc                sx12xx_init
 .text.sx127x_dio_work_handle
                0x0000000008007b10       0x1c zephyr/drivers/lora/libloramac-node.a(sx127x.c.obj)
 .text.sx127x_transceive
                0x0000000008007b2c       0x54 zephyr/drivers/lora/libloramac-node.a(sx127x.c.obj)
 .text.sx127x_irq_callback
                0x0000000008007b80       0x50 zephyr/drivers/lora/libloramac-node.a(sx127x.c.obj)
 .text.SX1276Reset
                0x0000000008007bd0       0x68 zephyr/drivers/lora/libloramac-node.a(sx127x.c.obj)
                0x0000000008007bd0                SX1276Reset
 .text.SX1276IoIrqInit
                0x0000000008007c38      0x194 zephyr/drivers/lora/libloramac-node.a(sx127x.c.obj)
                0x0000000008007c38                SX1276IoIrqInit
 .text.SX1276ReadBuffer
                0x0000000008007dcc       0x64 zephyr/drivers/lora/libloramac-node.a(sx127x.c.obj)
                0x0000000008007dcc                SX1276ReadBuffer
 .text.sx127x_lora_init
                0x0000000008007e30      0x23c zephyr/drivers/lora/libloramac-node.a(sx127x.c.obj)
 .text.SX1276WriteBuffer
                0x000000000800806c       0x64 zephyr/drivers/lora/libloramac-node.a(sx127x.c.obj)
                0x000000000800806c                SX1276WriteBuffer
 .text.SX1276SetRfTxPower
                0x00000000080080d0      0x178 zephyr/drivers/lora/libloramac-node.a(sx127x.c.obj)
                0x00000000080080d0                SX1276SetRfTxPower
 .text.SX1276GetDio1PinState
                0x0000000008008248       0x38 zephyr/drivers/lora/libloramac-node.a(sx127x.c.obj)
                0x0000000008008248                SX1276GetDio1PinState
 .text.TimerInsertTimer
                0x0000000008008280       0x2c zephyr/drivers/lora/libloramac-node.a(timer.c.obj)
 .text.TimerExists
                0x00000000080082ac       0x1c zephyr/drivers/lora/libloramac-node.a(timer.c.obj)
 .text.TimerInsertNewHeadTimer
                0x00000000080082c8       0x1c zephyr/drivers/lora/libloramac-node.a(timer.c.obj)
 .text.TimerStart
                0x00000000080082e4       0x6c zephyr/drivers/lora/libloramac-node.a(timer.c.obj)
                0x00000000080082e4                TimerStart
 .text.TimerIrqHandler
                0x0000000008008350       0x88 zephyr/drivers/lora/libloramac-node.a(timer.c.obj)
                0x0000000008008350                TimerIrqHandler
 .text.TimerStop
                0x00000000080083d8       0x80 zephyr/drivers/lora/libloramac-node.a(timer.c.obj)
                0x00000000080083d8                TimerStop
 .text.SX1276ConvertFreqInHzToPllStep
                0x0000000008008458       0x28 zephyr/drivers/lora/libloramac-node.a(sx1276.c.obj)
 .text.GetFskBandwidthRegValue
                0x0000000008008480       0x50 zephyr/drivers/lora/libloramac-node.a(sx1276.c.obj)
 .text.SX1276GetLoRaBandwidthInHz
                0x00000000080084d0       0x28 zephyr/drivers/lora/libloramac-node.a(sx1276.c.obj)
 .text.SX1276OnDio4Irq
                0x00000000080084f8       0x20 zephyr/drivers/lora/libloramac-node.a(sx1276.c.obj)
 .text.SX1276GetStatus
                0x0000000008008518        0xc zephyr/drivers/lora/libloramac-node.a(sx1276.c.obj)
                0x0000000008008518                SX1276GetStatus
 .text.SX1276SetChannel
                0x0000000008008524       0x34 zephyr/drivers/lora/libloramac-node.a(sx1276.c.obj)
                0x0000000008008524                SX1276SetChannel
 .text.SX1276OnDio3Irq
                0x0000000008008558       0x5c zephyr/drivers/lora/libloramac-node.a(sx1276.c.obj)
 .text.SX1276OnDio2Irq
                0x00000000080085b4       0xf8 zephyr/drivers/lora/libloramac-node.a(sx1276.c.obj)
 .text.SX1276OnDio1Irq
                0x00000000080086ac      0x154 zephyr/drivers/lora/libloramac-node.a(sx1276.c.obj)
 .text.SX1276OnDio0Irq
                0x0000000008008800      0x2fc zephyr/drivers/lora/libloramac-node.a(sx1276.c.obj)
 .text.RxChainCalibration
                0x0000000008008afc       0x88 zephyr/drivers/lora/libloramac-node.a(sx1276.c.obj)
 .text.SX1276SetSleep
                0x0000000008008b84       0x3c zephyr/drivers/lora/libloramac-node.a(sx1276.c.obj)
                0x0000000008008b84                SX1276SetSleep
 .text.SX1276SetStby
                0x0000000008008bc0       0x34 zephyr/drivers/lora/libloramac-node.a(sx1276.c.obj)
                0x0000000008008bc0                SX1276SetStby
 .text.SX1276SetTx
                0x0000000008008bf4       0xb8 zephyr/drivers/lora/libloramac-node.a(sx1276.c.obj)
 .text.SX1276Send
                0x0000000008008cac      0x124 zephyr/drivers/lora/libloramac-node.a(sx1276.c.obj)
                0x0000000008008cac                SX1276Send
 .text.SX1276SetRx
                0x0000000008008dd0      0x290 zephyr/drivers/lora/libloramac-node.a(sx1276.c.obj)
                0x0000000008008dd0                SX1276SetRx
 .text.SX1276ReadRssi
                0x0000000008009060       0x50 zephyr/drivers/lora/libloramac-node.a(sx1276.c.obj)
                0x0000000008009060                SX1276ReadRssi
 .text.SX1276SetModem
                0x00000000080090b0       0x8c zephyr/drivers/lora/libloramac-node.a(sx1276.c.obj)
                0x00000000080090b0                SX1276SetModem
 .text.SX1276Init
                0x000000000800913c       0x88 zephyr/drivers/lora/libloramac-node.a(sx1276.c.obj)
                0x000000000800913c                SX1276Init
 .text.SX1276SetRxConfig
                0x00000000080091c4      0x2cc zephyr/drivers/lora/libloramac-node.a(sx1276.c.obj)
                0x00000000080091c4                SX1276SetRxConfig
 .text.SX1276SetTxConfig
                0x0000000008009490      0x24c zephyr/drivers/lora/libloramac-node.a(sx1276.c.obj)
                0x0000000008009490                SX1276SetTxConfig
 .text.SX1276SetTxContinuousWave
                0x00000000080096dc       0x80 zephyr/drivers/lora/libloramac-node.a(sx1276.c.obj)
                0x00000000080096dc                SX1276SetTxContinuousWave
 .text.SX1276SetMaxPayloadLength
                0x000000000800975c       0x34 zephyr/drivers/lora/libloramac-node.a(sx1276.c.obj)
                0x000000000800975c                SX1276SetMaxPayloadLength
 .text.SX1276SetPublicNetwork
                0x0000000008009790       0x2c zephyr/drivers/lora/libloramac-node.a(sx1276.c.obj)
                0x0000000008009790                SX1276SetPublicNetwork
 .text.SX1276OnTimeoutIrq
                0x00000000080097bc       0xe0 zephyr/drivers/lora/libloramac-node.a(sx1276.c.obj)
 .text.uart_stm32_async_rx_buf_rsp
                0x000000000800989c       0xb0 zephyr/drivers/serial/libdrivers__serial.a(uart_stm32.c.obj)
 .text.uart_stm32_configure
                0x000000000800994c      0x24c zephyr/drivers/serial/libdrivers__serial.a(uart_stm32.c.obj)
 .text.uart_stm32_async_init
                0x0000000008009b98      0x178 zephyr/drivers/serial/libdrivers__serial.a(uart_stm32.c.obj)
 .text.uart_stm32_dma_replace_buffer
                0x0000000008009d10      0x118 zephyr/drivers/serial/libdrivers__serial.a(uart_stm32.c.obj)
 .text.uart_stm32_async_tx_abort
                0x0000000008009e28      0x12c zephyr/drivers/serial/libdrivers__serial.a(uart_stm32.c.obj)
 .text.uart_stm32_async_tx_timeout
                0x0000000008009f54       0x70 zephyr/drivers/serial/libdrivers__serial.a(uart_stm32.c.obj)
 .text.uart_stm32_async_rx_enable
                0x0000000008009fc4      0x1f4 zephyr/drivers/serial/libdrivers__serial.a(uart_stm32.c.obj)
 .text.async_evt_rx_rdy
                0x000000000800a1b8       0xf0 zephyr/drivers/serial/libdrivers__serial.a(uart_stm32.c.obj)
 .text.uart_stm32_async_rx_disable
                0x000000000800a2a8      0x100 zephyr/drivers/serial/libdrivers__serial.a(uart_stm32.c.obj)
 .text.uart_stm32_async_rx_timeout
                0x000000000800a3a8       0x84 zephyr/drivers/serial/libdrivers__serial.a(uart_stm32.c.obj)
 .text.uart_stm32_dma_rx_cb
                0x000000000800a42c      0x120 zephyr/drivers/serial/libdrivers__serial.a(uart_stm32.c.obj)
                0x000000000800a42c                uart_stm32_dma_rx_cb
 .text.uart_stm32_isr
                0x000000000800a54c      0x26c zephyr/drivers/serial/libdrivers__serial.a(uart_stm32.c.obj)
 .text.uart_stm32_init
                0x000000000800a7b8      0x1ec zephyr/drivers/serial/libdrivers__serial.a(uart_stm32.c.obj)
 .text.uart_stm32_async_tx
                0x000000000800a9a4      0x29c zephyr/drivers/serial/libdrivers__serial.a(uart_stm32.c.obj)
 .text.random_byte_get
                0x000000000800ac40       0x64 zephyr/drivers/entropy/libdrivers__entropy.a(entropy_stm32.c.obj)
 .text.rng_pool_get
                0x000000000800aca4       0x9c zephyr/drivers/entropy/libdrivers__entropy.a(entropy_stm32.c.obj)
 .text.entropy_stm32_rng_get_entropy_isr
                0x000000000800ad40       0x98 zephyr/drivers/entropy/libdrivers__entropy.a(entropy_stm32.c.obj)
 .text.stm32_rng_isr
                0x000000000800add8       0x4c zephyr/drivers/entropy/libdrivers__entropy.a(entropy_stm32.c.obj)
 .text.entropy_stm32_rng_get_entropy
                0x000000000800ae24       0x58 zephyr/drivers/entropy/libdrivers__entropy.a(entropy_stm32.c.obj)
 .text.entropy_stm32_rng_init
                0x000000000800ae7c       0xc4 zephyr/drivers/entropy/libdrivers__entropy.a(entropy_stm32.c.obj)
 .text.elapsed  0x000000000800af40       0x3c zephyr/drivers/timer/libdrivers__timer.a(cortex_m_systick.c.obj)
 .text.sys_clock_driver_init
                0x000000000800af7c       0x34 zephyr/drivers/timer/libdrivers__timer.a(cortex_m_systick.c.obj)
 .text.sys_clock_isr
                0x000000000800afb0       0x48 zephyr/drivers/timer/libdrivers__timer.a(cortex_m_systick.c.obj)
                0x000000000800afb0                sys_clock_isr
 .text.sys_clock_set_timeout
                0x000000000800aff8      0x104 zephyr/drivers/timer/libdrivers__timer.a(cortex_m_systick.c.obj)
                0x000000000800aff8                sys_clock_set_timeout
 .text.sys_clock_elapsed
                0x000000000800b0fc       0x40 zephyr/drivers/timer/libdrivers__timer.a(cortex_m_systick.c.obj)
                0x000000000800b0fc                sys_clock_elapsed
 .text.sys_clock_cycle_get_32
                0x000000000800b13c       0x2c zephyr/drivers/timer/libdrivers__timer.a(cortex_m_systick.c.obj)
                0x000000000800b13c                sys_clock_cycle_get_32
 .text.stm32_pin_configure
                0x000000000800b168       0x40 zephyr/drivers/pinctrl/libdrivers__pinctrl.a(pinctrl_stm32.c.obj)
 .text.LL_DMA_Init
                0x000000000800b1a8       0x80 modules/stm32/stm32cube/lib..__modules__hal__stm32__stm32cube.a(stm32l4xx_ll_dma.c.obj)
                0x000000000800b1a8                LL_DMA_Init
 .text.UTILS_PLL_IsBusy
                0x000000000800b228       0x24 modules/stm32/stm32cube/lib..__modules__hal__stm32__stm32cube.a(stm32l4xx_ll_utils.c.obj)
 .text.LL_SetSystemCoreClock
                0x000000000800b24c        0xc modules/stm32/stm32cube/lib..__modules__hal__stm32__stm32cube.a(stm32l4xx_ll_utils.c.obj)
                0x000000000800b24c                LL_SetSystemCoreClock
 .text.LL_SetFlashLatency
                0x000000000800b258       0xd0 modules/stm32/stm32cube/lib..__modules__hal__stm32__stm32cube.a(stm32l4xx_ll_utils.c.obj)
                0x000000000800b258                LL_SetFlashLatency
 .text.UTILS_EnablePLLAndSwitchSystem
                0x000000000800b328       0xb0 modules/stm32/stm32cube/lib..__modules__hal__stm32__stm32cube.a(stm32l4xx_ll_utils.c.obj)
 .text.LL_PLL_ConfigSystemClock_HSI
                0x000000000800b3d8       0x68 modules/stm32/stm32cube/lib..__modules__hal__stm32__stm32cube.a(stm32l4xx_ll_utils.c.obj)
                0x000000000800b3d8                LL_PLL_ConfigSystemClock_HSI
 .text.z_device_state_init
                0x000000000800b440       0x18 zephyr/kernel/libkernel.a(device.c.obj)
                0x000000000800b440                z_device_state_init
 .text.z_sys_init_run_level
                0x000000000800b458       0x50 zephyr/kernel/libkernel.a(device.c.obj)
                0x000000000800b458                z_sys_init_run_level
 .text.z_impl_device_get_binding
                0x000000000800b4a8       0x64 zephyr/kernel/libkernel.a(device.c.obj)
                0x000000000800b4a8                z_impl_device_get_binding
 .text.z_impl_z_errno
                0x000000000800b50c        0xc zephyr/kernel/libkernel.a(errno.c.obj)
                0x000000000800b50c                z_impl_z_errno
 .text.reason_to_str
                0x000000000800b518       0x40 zephyr/kernel/libkernel.a(fatal.c.obj)
 .text.thread_name_get
                0x000000000800b558       0x20 zephyr/kernel/libkernel.a(fatal.c.obj)
 .text.k_sys_fatal_error_handler
                0x000000000800b578       0x5c zephyr/kernel/libkernel.a(fatal.c.obj)
                0x000000000800b578                k_sys_fatal_error_handler
 .text.z_fatal_error
                0x000000000800b5d4       0xd4 zephyr/kernel/libkernel.a(fatal.c.obj)
                0x000000000800b5d4                z_fatal_error
 .text.init_idle_thread
                0x000000000800b6a8       0x58 zephyr/kernel/libkernel.a(init.c.obj)
 .text.prepare_multithreading
                0x000000000800b700       0x94 zephyr/kernel/libkernel.a(init.c.obj)
 .text.bg_thread_main
                0x000000000800b794       0x38 zephyr/kernel/libkernel.a(init.c.obj)
 .text.switch_to_main_thread
                0x000000000800b7cc       0x14 zephyr/kernel/libkernel.a(init.c.obj)
 .text.z_bss_zero
                0x000000000800b7e0       0x18 zephyr/kernel/libkernel.a(init.c.obj)
                0x000000000800b7e0                z_bss_zero
 .text.z_cstart
                0x000000000800b7f8       0x88 zephyr/kernel/libkernel.a(init.c.obj)
                0x000000000800b7f8                z_cstart
 .text.init_mem_slab_module
                0x000000000800b880       0x24 zephyr/kernel/libkernel.a(mem_slab.c.obj)
 .text.schedule_new_thread
                0x000000000800b8a4       0x1c zephyr/kernel/libkernel.a(thread.c.obj)
 .text.z_setup_new_thread
                0x000000000800b8c0       0x60 zephyr/kernel/libkernel.a(thread.c.obj)
                0x000000000800b8c0                z_setup_new_thread
 .text.z_init_static_threads
                0x000000000800b920       0x84 zephyr/kernel/libkernel.a(thread.c.obj)
                0x000000000800b920                z_init_static_threads
 .text.z_impl_k_mutex_lock
                0x000000000800b9a4      0x114 zephyr/kernel/libkernel.a(mutex.c.obj)
                0x000000000800b9a4                z_impl_k_mutex_lock
 .text.z_impl_k_mutex_unlock
                0x000000000800bab8       0x84 zephyr/kernel/libkernel.a(mutex.c.obj)
                0x000000000800bab8                z_impl_k_mutex_unlock
 .text.z_impl_k_sem_give
                0x000000000800bb3c       0x50 zephyr/kernel/libkernel.a(sem.c.obj)
                0x000000000800bb3c                z_impl_k_sem_give
 .text.z_impl_k_sem_take
                0x000000000800bb8c       0x50 zephyr/kernel/libkernel.a(sem.c.obj)
                0x000000000800bb8c                z_impl_k_sem_take
 .text.submit_to_queue_locked
                0x000000000800bbdc       0xd8 zephyr/kernel/libkernel.a(work.c.obj)
 .text.schedule_for_queue_locked
                0x000000000800bcb4       0x34 zephyr/kernel/libkernel.a(work.c.obj)
 .text.finalize_cancel_locked
                0x000000000800bce8       0x7c zephyr/kernel/libkernel.a(work.c.obj)
 .text.work_queue_main
                0x000000000800bd64       0xf0 zephyr/kernel/libkernel.a(work.c.obj)
 .text.k_work_submit
                0x000000000800be54       0x10 zephyr/kernel/libkernel.a(work.c.obj)
                0x000000000800be54                k_work_submit
 .text.k_work_queue_start
                0x000000000800be64       0x7c zephyr/kernel/libkernel.a(work.c.obj)
                0x000000000800be64                k_work_queue_start
 .text.k_work_reschedule
                0x000000000800bee0       0x10 zephyr/kernel/libkernel.a(work.c.obj)
                0x000000000800bee0                k_work_reschedule
 .text.add_thread_timeout
                0x000000000800bef0       0x20 zephyr/kernel/libkernel.a(sched.c.obj)
 .text.z_reset_time_slice
                0x000000000800bf10       0x2c zephyr/kernel/libkernel.a(sched.c.obj)
                0x000000000800bf10                z_reset_time_slice
 .text.k_sched_time_slice_set
                0x000000000800bf3c       0x5c zephyr/kernel/libkernel.a(sched.c.obj)
                0x000000000800bf3c                k_sched_time_slice_set
 .text.z_reschedule
                0x000000000800bf98       0x38 zephyr/kernel/libkernel.a(sched.c.obj)
                0x000000000800bf98                z_reschedule
 .text.k_sched_lock
                0x000000000800bfd0       0x34 zephyr/kernel/libkernel.a(sched.c.obj)
                0x000000000800bfd0                k_sched_lock
 .text.update_cache
                0x000000000800c004       0x4c zephyr/kernel/libkernel.a(sched.c.obj)
 .text.move_thread_to_end_of_prio_q
                0x000000000800c050       0x88 zephyr/kernel/libkernel.a(sched.c.obj)
 .text.z_time_slice
                0x000000000800c0d8       0xac zephyr/kernel/libkernel.a(sched.c.obj)
                0x000000000800c0d8                z_time_slice
 .text.ready_thread
                0x000000000800c184       0x80 zephyr/kernel/libkernel.a(sched.c.obj)
 .text.z_sched_start
                0x000000000800c204       0x3c zephyr/kernel/libkernel.a(sched.c.obj)
                0x000000000800c204                z_sched_start
 .text.unready_thread
                0x000000000800c240       0x38 zephyr/kernel/libkernel.a(sched.c.obj)
 .text.z_pend_curr
                0x000000000800c278       0x28 zephyr/kernel/libkernel.a(sched.c.obj)
                0x000000000800c278                z_pend_curr
 .text.z_set_prio
                0x000000000800c2a0       0xc0 zephyr/kernel/libkernel.a(sched.c.obj)
                0x000000000800c2a0                z_set_prio
 .text.z_impl_k_thread_suspend
                0x000000000800c360       0x84 zephyr/kernel/libkernel.a(sched.c.obj)
                0x000000000800c360                z_impl_k_thread_suspend
 .text.k_sched_unlock
                0x000000000800c3e4       0x50 zephyr/kernel/libkernel.a(sched.c.obj)
                0x000000000800c3e4                k_sched_unlock
 .text.end_thread
                0x000000000800c434       0x94 zephyr/kernel/libkernel.a(sched.c.obj)
 .text.z_sched_init
                0x000000000800c4c8       0x18 zephyr/kernel/libkernel.a(sched.c.obj)
                0x000000000800c4c8                z_sched_init
 .text.z_impl_k_yield
                0x000000000800c4e0       0x88 zephyr/kernel/libkernel.a(sched.c.obj)
                0x000000000800c4e0                z_impl_k_yield
 .text.z_tick_sleep
                0x000000000800c568       0x98 zephyr/kernel/libkernel.a(sched.c.obj)
 .text.z_impl_k_sleep
                0x000000000800c600       0x30 zephyr/kernel/libkernel.a(sched.c.obj)
                0x000000000800c600                z_impl_k_sleep
 .text.z_impl_z_current_get
                0x000000000800c630        0xc zephyr/kernel/libkernel.a(sched.c.obj)
                0x000000000800c630                z_impl_z_current_get
 .text.z_impl_k_is_preempt_thread
                0x000000000800c63c       0x20 zephyr/kernel/libkernel.a(sched.c.obj)
                0x000000000800c63c                z_impl_k_is_preempt_thread
 .text.z_thread_abort
                0x000000000800c65c       0x50 zephyr/kernel/libkernel.a(sched.c.obj)
                0x000000000800c65c                z_thread_abort
 .text.z_sched_wait
                0x000000000800c6ac       0x28 zephyr/kernel/libkernel.a(sched.c.obj)
                0x000000000800c6ac                z_sched_wait
 .text.z_data_copy
                0x000000000800c6d4       0x34 zephyr/kernel/libkernel.a(xip.c.obj)
                0x000000000800c6d4                z_data_copy
 .text.first    0x000000000800c708       0x14 zephyr/kernel/libkernel.a(timeout.c.obj)
 .text.next     0x000000000800c71c       0x18 zephyr/kernel/libkernel.a(timeout.c.obj)
 .text.elapsed  0x000000000800c734       0x18 zephyr/kernel/libkernel.a(timeout.c.obj)
 .text.next_timeout
                0x000000000800c74c       0x4c zephyr/kernel/libkernel.a(timeout.c.obj)
 .text.z_add_timeout
                0x000000000800c798      0x118 zephyr/kernel/libkernel.a(timeout.c.obj)
                0x000000000800c798                z_add_timeout
 .text.sys_clock_announce
                0x000000000800c8b0       0xc4 zephyr/kernel/libkernel.a(timeout.c.obj)
                0x000000000800c8b0                sys_clock_announce
 .text.sys_clock_tick_get
                0x000000000800c974       0x40 zephyr/kernel/libkernel.a(timeout.c.obj)
                0x000000000800c974                sys_clock_tick_get
 .text.z_impl_k_busy_wait
                0x000000000800c9b4       0x34 zephyr/kernel/libkernel.a(timeout.c.obj)
                0x000000000800c9b4                z_impl_k_busy_wait
 .text.z_timer_expiration_handler
                0x000000000800c9e8       0x94 zephyr/kernel/libkernel.a(timer.c.obj)
                0x000000000800c9e8                z_timer_expiration_handler
 .text.z_impl_k_timer_start
                0x000000000800ca7c       0xac zephyr/kernel/libkernel.a(timer.c.obj)
                0x000000000800ca7c                z_impl_k_timer_start
 .text.register_events
                0x000000000800cb28      0x3f4 zephyr/kernel/libkernel.a(poll.c.obj)
 .text.z_impl_k_poll
                0x000000000800cf1c      0x158 zephyr/kernel/libkernel.a(poll.c.obj)
                0x000000000800cf1c                z_impl_k_poll
 .text.z_impl_k_poll_signal_raise
                0x000000000800d074       0x54 zephyr/kernel/libkernel.a(poll.c.obj)
                0x000000000800d074                z_impl_k_poll_signal_raise
 .text.boot_banner
                0x000000000800d0c8       0x1c zephyr/kernel/libkernel.a(banner.c.obj)
                0x000000000800d0c8                boot_banner
 .text.k_sys_work_q_init
                0x000000000800d0e4       0x34 zephyr/kernel/libkernel.a(system_work_q.c.obj)
 .text.malloc   0x000000000800d118       0x10 /opt/zephyr-sdk/arm-zephyr-eabi/arm-zephyr-eabi/lib/thumb/v7e-m/nofp/libc_nano.a(lib_a-malloc.o)
                0x000000000800d118                malloc
 .text._free_r  0x000000000800d128       0x94 /opt/zephyr-sdk/arm-zephyr-eabi/arm-zephyr-eabi/lib/thumb/v7e-m/nofp/libc_nano.a(lib_a-nano-freer.o)
                0x000000000800d128                _free_r
 .text._malloc_r
                0x000000000800d1bc       0xb4 /opt/zephyr-sdk/arm-zephyr-eabi/arm-zephyr-eabi/lib/thumb/v7e-m/nofp/libc_nano.a(lib_a-nano-mallocr.o)
                0x000000000800d1bc                _malloc_r
 .text._printf_float
                0x000000000800d270      0x454 /opt/zephyr-sdk/arm-zephyr-eabi/arm-zephyr-eabi/lib/thumb/v7e-m/nofp/libc_nano.a(lib_a-nano-vfprintf_float.o)
                0x000000000800d270                _printf_float
 .text._printf_i
                0x000000000800d6c4      0x24c /opt/zephyr-sdk/arm-zephyr-eabi/arm-zephyr-eabi/lib/thumb/v7e-m/nofp/libc_nano.a(lib_a-nano-vfprintf_i.o)
                0x000000000800d6c4                _printf_i
 .text._sbrk_r  0x000000000800d910       0x20 /opt/zephyr-sdk/arm-zephyr-eabi/arm-zephyr-eabi/lib/thumb/v7e-m/nofp/libc_nano.a(lib_a-sbrkr.o)
                0x000000000800d910                _sbrk_r
 .text.strtok   0x000000000800d930       0x68 /opt/zephyr-sdk/arm-zephyr-eabi/arm-zephyr-eabi/lib/thumb/v7e-m/nofp/libc_nano.a(lib_a-strtok.o)
                0x000000000800d930                strtok
 .text._strtol_l.constprop.0
                0x000000000800d998       0xf8 /opt/zephyr-sdk/arm-zephyr-eabi/arm-zephyr-eabi/lib/thumb/v7e-m/nofp/libc_nano.a(lib_a-strtol.o)
 .text.strtol   0x000000000800da90       0x14 /opt/zephyr-sdk/arm-zephyr-eabi/arm-zephyr-eabi/lib/thumb/v7e-m/nofp/libc_nano.a(lib_a-strtol.o)
                0x000000000800da90                strtol
 .text.vsnprintf
                0x000000000800daa4       0x1c /opt/zephyr-sdk/arm-zephyr-eabi/arm-zephyr-eabi/lib/thumb/v7e-m/nofp/libc_nano.a(lib_a-vsnprintf.o)
                0x000000000800daa4                vsnprintf
                0x000000000800daa4                vsniprintf
 .text._vsprintf_r
                0x000000000800dac0       0x2c /opt/zephyr-sdk/arm-zephyr-eabi/arm-zephyr-eabi/lib/thumb/v7e-m/nofp/libc_nano.a(lib_a-vsprintf.o)
                0x000000000800dac0                _vsiprintf_r
                0x000000000800dac0                _vsprintf_r
 .text.vsprintf
                0x000000000800daec       0x14 /opt/zephyr-sdk/arm-zephyr-eabi/arm-zephyr-eabi/lib/thumb/v7e-m/nofp/libc_nano.a(lib_a-vsprintf.o)
                0x000000000800daec                vsprintf
                0x000000000800daec                vsiprintf
 .text.__assert_func
                0x000000000800db00       0x3c /opt/zephyr-sdk/arm-zephyr-eabi/arm-zephyr-eabi/lib/thumb/v7e-m/nofp/libc_nano.a(lib_a-assert.o)
                0x000000000800db00                __assert_func
 .text.fprintf  0x000000000800db3c       0x24 /opt/zephyr-sdk/arm-zephyr-eabi/arm-zephyr-eabi/lib/thumb/v7e-m/nofp/libc_nano.a(lib_a-fprintf.o)
                0x000000000800db3c                fprintf
                0x000000000800db3c                fiprintf
 .text._localeconv_r
                0x000000000800db60        0x8 /opt/zephyr-sdk/arm-zephyr-eabi/arm-zephyr-eabi/lib/thumb/v7e-m/nofp/libc_nano.a(lib_a-localeconv.o)
                0x000000000800db60                _localeconv_r
 .text.__malloc_lock
                0x000000000800db68        0xc /opt/zephyr-sdk/arm-zephyr-eabi/arm-zephyr-eabi/lib/thumb/v7e-m/nofp/libc_nano.a(lib_a-mlock.o)
                0x000000000800db68                __malloc_lock
 .text.__malloc_unlock
                0x000000000800db74        0xc /opt/zephyr-sdk/arm-zephyr-eabi/arm-zephyr-eabi/lib/thumb/v7e-m/nofp/libc_nano.a(lib_a-mlock.o)
                0x000000000800db74                __malloc_unlock
 .text._Balloc  0x000000000800db80       0x80 /opt/zephyr-sdk/arm-zephyr-eabi/arm-zephyr-eabi/lib/thumb/v7e-m/nofp/libc_nano.a(lib_a-mprec.o)
                0x000000000800db80                _Balloc
 .text._Bfree   0x000000000800dc00       0x44 /opt/zephyr-sdk/arm-zephyr-eabi/arm-zephyr-eabi/lib/thumb/v7e-m/nofp/libc_nano.a(lib_a-mprec.o)
                0x000000000800dc00                _Bfree
 .text.__multadd
                0x000000000800dc44       0x8c /opt/zephyr-sdk/arm-zephyr-eabi/arm-zephyr-eabi/lib/thumb/v7e-m/nofp/libc_nano.a(lib_a-mprec.o)
                0x000000000800dc44                __multadd
 .text.__i2b    0x000000000800dcd0       0x2c /opt/zephyr-sdk/arm-zephyr-eabi/arm-zephyr-eabi/lib/thumb/v7e-m/nofp/libc_nano.a(lib_a-mprec.o)
                0x000000000800dcd0                __i2b
 .text.__multiply
                0x000000000800dcfc      0x150 /opt/zephyr-sdk/arm-zephyr-eabi/arm-zephyr-eabi/lib/thumb/v7e-m/nofp/libc_nano.a(lib_a-mprec.o)
                0x000000000800dcfc                __multiply
 .text.__pow5mult
                0x000000000800de4c       0xb4 /opt/zephyr-sdk/arm-zephyr-eabi/arm-zephyr-eabi/lib/thumb/v7e-m/nofp/libc_nano.a(lib_a-mprec.o)
                0x000000000800de4c                __pow5mult
 .text.__lshift
                0x000000000800df00       0xe0 /opt/zephyr-sdk/arm-zephyr-eabi/arm-zephyr-eabi/lib/thumb/v7e-m/nofp/libc_nano.a(lib_a-mprec.o)
                0x000000000800df00                __lshift
 .text.__mdiff  0x000000000800dfe0      0x110 /opt/zephyr-sdk/arm-zephyr-eabi/arm-zephyr-eabi/lib/thumb/v7e-m/nofp/libc_nano.a(lib_a-mprec.o)
                0x000000000800dfe0                __mdiff
 .text.__d2b    0x000000000800e0f0       0xb8 /opt/zephyr-sdk/arm-zephyr-eabi/arm-zephyr-eabi/lib/thumb/v7e-m/nofp/libc_nano.a(lib_a-mprec.o)
                0x000000000800e0f0                __d2b
 .text._svfprintf_r
                0x000000000800e1a8      0x200 /opt/zephyr-sdk/arm-zephyr-eabi/arm-zephyr-eabi/lib/thumb/v7e-m/nofp/libc_nano.a(lib_a-nano-svfprintf.o)
                0x000000000800e1a8                _svfprintf_r
                0x000000000800e1a8                _svfiprintf_r
 .text._vfprintf_r
                0x000000000800e3a8      0x260 /opt/zephyr-sdk/arm-zephyr-eabi/arm-zephyr-eabi/lib/thumb/v7e-m/nofp/libc_nano.a(lib_a-nano-vfprintf.o)
                0x000000000800e3a8                _vfiprintf_r
                0x000000000800e3a8                _vfprintf_r
 .text.__swbuf_r
                0x000000000800e608       0xa4 /opt/zephyr-sdk/arm-zephyr-eabi/arm-zephyr-eabi/lib/thumb/v7e-m/nofp/libc_nano.a(lib_a-wbuf.o)
                0x000000000800e608                __swbuf_r
 .text.__swsetup_r
                0x000000000800e6ac       0xdc /opt/zephyr-sdk/arm-zephyr-eabi/arm-zephyr-eabi/lib/thumb/v7e-m/nofp/libc_nano.a(lib_a-wsetup.o)
                0x000000000800e6ac                __swsetup_r
 .text.__sflush_r
                0x000000000800e788      0x104 /opt/zephyr-sdk/arm-zephyr-eabi/arm-zephyr-eabi/lib/thumb/v7e-m/nofp/libc_nano.a(lib_a-fflush.o)
                0x000000000800e788                __sflush_r
 .text._fflush_r
                0x000000000800e88c       0x78 /opt/zephyr-sdk/arm-zephyr-eabi/arm-zephyr-eabi/lib/thumb/v7e-m/nofp/libc_nano.a(lib_a-fflush.o)
                0x000000000800e88c                _fflush_r
 .text.std      0x000000000800e904       0x48 /opt/zephyr-sdk/arm-zephyr-eabi/arm-zephyr-eabi/lib/thumb/v7e-m/nofp/libc_nano.a(lib_a-findfp.o)
 .text._cleanup_r
                0x000000000800e94c        0xc /opt/zephyr-sdk/arm-zephyr-eabi/arm-zephyr-eabi/lib/thumb/v7e-m/nofp/libc_nano.a(lib_a-findfp.o)
                0x000000000800e94c                _cleanup_r
 .text.__sfp_lock_acquire
                0x000000000800e958        0xc /opt/zephyr-sdk/arm-zephyr-eabi/arm-zephyr-eabi/lib/thumb/v7e-m/nofp/libc_nano.a(lib_a-findfp.o)
                0x000000000800e958                __sfp_lock_acquire
 .text.__sfp_lock_release
                0x000000000800e964        0xc /opt/zephyr-sdk/arm-zephyr-eabi/arm-zephyr-eabi/lib/thumb/v7e-m/nofp/libc_nano.a(lib_a-findfp.o)
                0x000000000800e964                __sfp_lock_release
 .text.__sinit_lock_acquire
                0x000000000800e970        0xc /opt/zephyr-sdk/arm-zephyr-eabi/arm-zephyr-eabi/lib/thumb/v7e-m/nofp/libc_nano.a(lib_a-findfp.o)
                0x000000000800e970                __sinit_lock_acquire
 .text.__sinit_lock_release
                0x000000000800e97c        0xc /opt/zephyr-sdk/arm-zephyr-eabi/arm-zephyr-eabi/lib/thumb/v7e-m/nofp/libc_nano.a(lib_a-findfp.o)
                0x000000000800e97c                __sinit_lock_release
 .text.__sinit  0x000000000800e988       0x70 /opt/zephyr-sdk/arm-zephyr-eabi/arm-zephyr-eabi/lib/thumb/v7e-m/nofp/libc_nano.a(lib_a-findfp.o)
                0x000000000800e988                __sinit
 .text.__sfp    0x000000000800e9f8       0x8c /opt/zephyr-sdk/arm-zephyr-eabi/arm-zephyr-eabi/lib/thumb/v7e-m/nofp/libc_nano.a(lib_a-findfp.o)
                0x000000000800e9f8                __sfp
 .text.__smakebuf_r
                0x000000000800ea84       0x80 /opt/zephyr-sdk/arm-zephyr-eabi/arm-zephyr-eabi/lib/thumb/v7e-m/nofp/libc_nano.a(lib_a-makebuf.o)
                0x000000000800ea84                __smakebuf_r
 .text.raise    0x000000000800eb04       0x10 /opt/zephyr-sdk/arm-zephyr-eabi/arm-zephyr-eabi/lib/thumb/v7e-m/nofp/libc_nano.a(lib_a-signal.o)
                0x000000000800eb04                raise
 .text._kill_r  0x000000000800eb14       0x24 /opt/zephyr-sdk/arm-zephyr-eabi/arm-zephyr-eabi/lib/thumb/v7e-m/nofp/libc_nano.a(lib_a-signalr.o)
                0x000000000800eb14                _kill_r
 .text._write_r
                0x000000000800eb38       0x24 /opt/zephyr-sdk/arm-zephyr-eabi/arm-zephyr-eabi/lib/thumb/v7e-m/nofp/libc_nano.a(lib_a-writer.o)
                0x000000000800eb38                _write_r
 .text._close_r
                0x000000000800eb5c       0x20 /opt/zephyr-sdk/arm-zephyr-eabi/arm-zephyr-eabi/lib/thumb/v7e-m/nofp/libc_nano.a(lib_a-closer.o)
                0x000000000800eb5c                _close_r
 .text._fstat_r
                0x000000000800eb7c       0x24 /opt/zephyr-sdk/arm-zephyr-eabi/arm-zephyr-eabi/lib/thumb/v7e-m/nofp/libc_nano.a(lib_a-fstatr.o)
                0x000000000800eb7c                _fstat_r
 .text._isatty_r
                0x000000000800eba0       0x20 /opt/zephyr-sdk/arm-zephyr-eabi/arm-zephyr-eabi/lib/thumb/v7e-m/nofp/libc_nano.a(lib_a-isattyr.o)
                0x000000000800eba0                _isatty_r
 .text._lseek_r
                0x000000000800ebc0       0x24 /opt/zephyr-sdk/arm-zephyr-eabi/arm-zephyr-eabi/lib/thumb/v7e-m/nofp/libc_nano.a(lib_a-lseekr.o)
                0x000000000800ebc0                _lseek_r
 .text._read_r  0x000000000800ebe4       0x24 /opt/zephyr-sdk/arm-zephyr-eabi/arm-zephyr-eabi/lib/thumb/v7e-m/nofp/libc_nano.a(lib_a-readr.o)
                0x000000000800ebe4                _read_r
 .text._OffsetAbsSyms
                0x000000000800ec08        0x2 zephyr/CMakeFiles/offsets.dir/./arch/arm/core/offsets/offsets.c.obj
                0x000000000800ec08                _OffsetAbsSyms
 .text.lora_rx_error_timeout_cb
                0x000000000800ec0a        0x2 app/libapp.a(service_device_common.c.obj)
                0x000000000800ec0a                lora_rx_error_timeout_cb
 .text.z_log_msg2_runtime_create
                0x000000000800ec0c       0x1a app/libapp.a(main.c.obj)
 .text.cbprintf_via_va_list
                0x000000000800ec26        0xe zephyr/libzephyr.a(cbprintf_packaged.c.obj)
 .text.cbpprintf_external
                0x000000000800ec34       0x5a zephyr/libzephyr.a(cbprintf_packaged.c.obj)
                0x000000000800ec34                cbpprintf_external
 .text.arch_printk_char_out
                0x000000000800ec8e        0x4 zephyr/libzephyr.a(printk.c.obj)
                0x000000000800ec8e                arch_printk_char_out
 .text.str_out  0x000000000800ec92       0x30 zephyr/libzephyr.a(printk.c.obj)
 .text.printk   0x000000000800ecc2       0x1c zephyr/libzephyr.a(printk.c.obj)
                0x000000000800ecc2                printk
 .text.snprintk
                0x000000000800ecde       0x1c zephyr/libzephyr.a(printk.c.obj)
                0x000000000800ecde                snprintk
 .text.z_thread_entry
                0x000000000800ecfa       0x14 zephyr/libzephyr.a(thread_entry.c.obj)
                0x000000000800ecfa                z_thread_entry
 .text.outs     0x000000000800ed0e       0x34 zephyr/libzephyr.a(cbprintf_complete.c.obj)
 .text.add_skip_item
                0x000000000800ed42       0x52 zephyr/libzephyr.a(mpsc_pbuf.c.obj)
 .text.drop_item_locked
                0x000000000800ed94      0x112 zephyr/libzephyr.a(mpsc_pbuf.c.obj)
 .text.mpsc_pbuf_init
                0x000000000800eea6       0x4a zephyr/libzephyr.a(mpsc_pbuf.c.obj)
                0x000000000800eea6                mpsc_pbuf_init
 .text.mpsc_pbuf_alloc
                0x000000000800eef0      0x12e zephyr/libzephyr.a(mpsc_pbuf.c.obj)
                0x000000000800eef0                mpsc_pbuf_alloc
 .text.mpsc_pbuf_commit
                0x000000000800f01e       0x4c zephyr/libzephyr.a(mpsc_pbuf.c.obj)
                0x000000000800f01e                mpsc_pbuf_commit
 .text.mpsc_pbuf_claim
                0x000000000800f06a       0xe2 zephyr/libzephyr.a(mpsc_pbuf.c.obj)
                0x000000000800f06a                mpsc_pbuf_claim
 .text.mpsc_pbuf_free
                0x000000000800f14c       0x7a zephyr/libzephyr.a(mpsc_pbuf.c.obj)
                0x000000000800f14c                mpsc_pbuf_free
 .text.mpsc_pbuf_is_pending
                0x000000000800f1c6       0x18 zephyr/libzephyr.a(mpsc_pbuf.c.obj)
                0x000000000800f1c6                mpsc_pbuf_is_pending
 .text._ConfigAbsSyms
                0x000000000800f1de        0x2 zephyr/libzephyr.a(configs.c.obj)
                0x000000000800f1de                _ConfigAbsSyms
 .text.st_stm32_common_config
                0x000000000800f1e0        0x4 zephyr/libzephyr.a(soc_config.c.obj)
 .text.log_msg2_generic_get_wlen
                0x000000000800f1e4       0x22 zephyr/libzephyr.a(log_core.c.obj)
 .text.dummy_timestamp
                0x000000000800f206        0x4 zephyr/libzephyr.a(log_core.c.obj)
 .text.msg_filter_check
                0x000000000800f20a        0x4 zephyr/libzephyr.a(log_core.c.obj)
 .text.default_lf_get_timestamp
                0x000000000800f20e       0x10 zephyr/libzephyr.a(log_core.c.obj)
 .text.notify_drop
                0x000000000800f21e        0xa zephyr/libzephyr.a(log_core.c.obj)
 .text.get_msg  0x000000000800f228        0x8 zephyr/libzephyr.a(log_core.c.obj)
                0x000000000800f228                get_msg
 .text.next_pending
                0x000000000800f230        0x8 zephyr/libzephyr.a(log_core.c.obj)
 .text.z_log_get_tag
                0x000000000800f238        0x4 zephyr/libzephyr.a(log_core.c.obj)
                0x000000000800f238                z_log_get_tag
 .text.buffer_write
                0x000000000800f23c       0x1a zephyr/libzephyr.a(log_output.c.obj)
 .text.color_prefix
                0x000000000800f256        0xc zephyr/libzephyr.a(log_output.c.obj)
 .text.color_postfix
                0x000000000800f262        0xc zephyr/libzephyr.a(log_output.c.obj)
 .text.postfix_print
                0x000000000800f26e       0x18 zephyr/libzephyr.a(log_output.c.obj)
 .text.log_msg2_hexdump
                0x000000000800f286       0x36 zephyr/libzephyr.a(log_output.c.obj)
 .text.log_output_flush
                0x000000000800f2bc       0x1a zephyr/libzephyr.a(log_output.c.obj)
                0x000000000800f2bc                log_output_flush
 .text.out_func
                0x000000000800f2d6       0x38 zephyr/libzephyr.a(log_output.c.obj)
 .text.cr_out_func
                0x000000000800f30e       0x1c zephyr/libzephyr.a(log_output.c.obj)
 .text.z_log_msg2_finalize
                0x000000000800f32a       0x32 zephyr/libzephyr.a(log_msg2.c.obj)
                0x000000000800f32a                z_log_msg2_finalize
 .text.z_impl_z_log_msg2_static_create
                0x000000000800f35c       0x46 zephyr/libzephyr.a(log_msg2.c.obj)
                0x000000000800f35c                z_impl_z_log_msg2_static_create
 .text.z_impl_z_log_msg2_runtime_vcreate
                0x000000000800f3a2       0x88 zephyr/libzephyr.a(log_msg2.c.obj)
                0x000000000800f3a2                z_impl_z_log_msg2_runtime_vcreate
 .text.z_cpp_init_static
                0x000000000800f42a        0xc zephyr/libzephyr.a(cpp_init.c.obj)
                0x000000000800f42a                z_cpp_init_static
 .text.z_arm_fatal_error
                0x000000000800f436       0x18 zephyr/arch/arch/arm/core/aarch32/libarch__arm__core__aarch32.a(fatal.c.obj)
                0x000000000800f436                z_arm_fatal_error
 .text.z_do_kernel_oops
                0x000000000800f44e        0xc zephyr/arch/arch/arm/core/aarch32/libarch__arm__core__aarch32.a(fatal.c.obj)
                0x000000000800f44e                z_do_kernel_oops
 .text.z_irq_spurious
                0x000000000800f45a        0xc zephyr/arch/arch/arm/core/aarch32/libarch__arm__core__aarch32.a(irq_manage.c.obj)
                0x000000000800f45a                z_irq_spurious
 .text.z_arm_nmi
                0x000000000800f466        0xc zephyr/arch/arch/arm/core/aarch32/libarch__arm__core__aarch32.a(nmi.c.obj)
                0x000000000800f466                z_arm_nmi
 .text.memory_fault_recoverable
                0x000000000800f472        0x4 zephyr/arch/arch/arm/core/aarch32/cortex_m/libarch__arm__core__aarch32__cortex_m.a(fault.c.obj)
 .text.z_log_msg2_runtime_create
                0x000000000800f476       0x1a zephyr/arch/arch/arm/core/aarch32/cortex_m/libarch__arm__core__aarch32__cortex_m.a(fault.c.obj)
 .text.fault_handle
                0x000000000800f490       0x4a zephyr/arch/arch/arm/core/aarch32/cortex_m/libarch__arm__core__aarch32__cortex_m.a(fault.c.obj)
 .text.mpu_partition_is_valid
                0x000000000800f4da       0x22 zephyr/arch/arch/arm/core/aarch32/mpu/libarch__arm__core__aarch32__mpu.a(arm_mpu.c.obj)
 .text.mpu_configure_region
                0x000000000800f4fc       0x3e zephyr/arch/arch/arm/core/aarch32/mpu/libarch__arm__core__aarch32__mpu.a(arm_mpu.c.obj)
 .text.arm_core_mpu_configure_static_mpu_regions
                0x000000000800f53a        0x8 zephyr/arch/arch/arm/core/aarch32/mpu/libarch__arm__core__aarch32__mpu.a(arm_mpu.c.obj)
                0x000000000800f53a                arm_core_mpu_configure_static_mpu_regions
 .text.arm_core_mpu_configure_dynamic_mpu_regions
                0x000000000800f542        0x8 zephyr/arch/arch/arm/core/aarch32/mpu/libarch__arm__core__aarch32__mpu.a(arm_mpu.c.obj)
                0x000000000800f542                arm_core_mpu_configure_dynamic_mpu_regions
 .text.malloc_prepare
                0x000000000800f54a        0x4 zephyr/lib/libc/newlib/liblib__libc__newlib.a(libc-hooks.c.obj)
 .text._stdout_hook_default
                0x000000000800f54e        0x6 zephyr/lib/libc/newlib/liblib__libc__newlib.a(libc-hooks.c.obj)
 .text._stdin_hook_default
                0x000000000800f554        0x4 zephyr/lib/libc/newlib/liblib__libc__newlib.a(libc-hooks.c.obj)
 .text._read    0x000000000800f558        0xc zephyr/lib/libc/newlib/liblib__libc__newlib.a(libc-hooks.c.obj)
                0x000000000800f558                read
                0x000000000800f558                _read
 .text._write   0x000000000800f564        0xc zephyr/lib/libc/newlib/liblib__libc__newlib.a(libc-hooks.c.obj)
                0x000000000800f564                write
                0x000000000800f564                _write
 .text._close   0x000000000800f570        0x6 zephyr/lib/libc/newlib/liblib__libc__newlib.a(libc-hooks.c.obj)
                0x000000000800f570                close
                0x000000000800f570                _close
 .text._lseek   0x000000000800f576        0x4 zephyr/lib/libc/newlib/liblib__libc__newlib.a(libc-hooks.c.obj)
                0x000000000800f576                lseek
                0x000000000800f576                _lseek
 .text._isatty  0x000000000800f57a        0xa zephyr/lib/libc/newlib/liblib__libc__newlib.a(libc-hooks.c.obj)
                0x000000000800f57a                isatty
                0x000000000800f57a                _isatty
 .text._kill    0x000000000800f584        0x4 zephyr/lib/libc/newlib/liblib__libc__newlib.a(libc-hooks.c.obj)
                0x000000000800f584                kill
                0x000000000800f584                _kill
 .text._getpid  0x000000000800f588        0x4 zephyr/lib/libc/newlib/liblib__libc__newlib.a(libc-hooks.c.obj)
                0x000000000800f588                _getpid
                0x000000000800f588                getpid
 .text._fstat   0x000000000800f58c        0xa zephyr/lib/libc/newlib/liblib__libc__newlib.a(libc-hooks.c.obj)
                0x000000000800f58c                _fstat
                0x000000000800f58c                fstat
 .text.__retarget_lock_init_recursive
                0x000000000800f596       0x12 zephyr/lib/libc/newlib/liblib__libc__newlib.a(libc-hooks.c.obj)
                0x000000000800f596                __retarget_lock_init_recursive
 .text.__retarget_lock_acquire_recursive
                0x000000000800f5a8       0x10 zephyr/lib/libc/newlib/liblib__libc__newlib.a(libc-hooks.c.obj)
                0x000000000800f5a8                __retarget_lock_acquire_recursive
 .text.__retarget_lock_release_recursive
                0x000000000800f5b8        0x8 zephyr/lib/libc/newlib/liblib__libc__newlib.a(libc-hooks.c.obj)
                0x000000000800f5b8                __retarget_lock_release_recursive
 .text.__errno  0x000000000800f5c0        0x8 zephyr/lib/libc/newlib/liblib__libc__newlib.a(libc-hooks.c.obj)
                0x000000000800f5c0                __errno
 .text.z_impl_sys_rand_get
                0x000000000800f5c8        0xa zephyr/subsys/random/libsubsys__random.a(rand32_entropy_device.c.obj)
                0x000000000800f5c8                z_impl_sys_rand_get
 .text.__stm32_exti_isr_0
                0x000000000800f5d2        0xe zephyr/drivers/interrupt_controller/libdrivers__interrupt_controller.a(intc_exti_stm32.c.obj)
 .text.__stm32_exti_isr_1
                0x000000000800f5e0        0xe zephyr/drivers/interrupt_controller/libdrivers__interrupt_controller.a(intc_exti_stm32.c.obj)
 .text.__stm32_exti_isr_2
                0x000000000800f5ee        0xe zephyr/drivers/interrupt_controller/libdrivers__interrupt_controller.a(intc_exti_stm32.c.obj)
 .text.__stm32_exti_isr_3
                0x000000000800f5fc        0xe zephyr/drivers/interrupt_controller/libdrivers__interrupt_controller.a(intc_exti_stm32.c.obj)
 .text.__stm32_exti_isr_4
                0x000000000800f60a        0xe zephyr/drivers/interrupt_controller/libdrivers__interrupt_controller.a(intc_exti_stm32.c.obj)
 .text.__stm32_exti_isr_9_5
                0x000000000800f618        0xe zephyr/drivers/interrupt_controller/libdrivers__interrupt_controller.a(intc_exti_stm32.c.obj)
 .text.__stm32_exti_isr_15_10
                0x000000000800f626        0xe zephyr/drivers/interrupt_controller/libdrivers__interrupt_controller.a(intc_exti_stm32.c.obj)
 .text.__stm32_exti_connect_irqs
                0x000000000800f634       0x4a zephyr/drivers/interrupt_controller/libdrivers__interrupt_controller.a(intc_exti_stm32.c.obj)
 .text.stm32_exti_init
                0x000000000800f67e        0xa zephyr/drivers/interrupt_controller/libdrivers__interrupt_controller.a(intc_exti_stm32.c.obj)
 .text.config_bus_clk_init
                0x000000000800f688        0xa zephyr/drivers/clock_control/libdrivers__clock_control.a(clock_stm32_ll_common.c.obj)
 .text.get_bus_clock
                0x000000000800f692        0x6 zephyr/drivers/clock_control/libdrivers__clock_control.a(clock_stm32_ll_common.c.obj)
 .text.config_pll_init
                0x000000000800f698       0x10 zephyr/drivers/clock_control/libdrivers__clock_control.a(clock_stm32l4_l5_wb_wl.c.obj)
                0x000000000800f698                config_pll_init
 .text.dma_stm32_config_irq_0
                0x000000000800f6a8       0x74 zephyr/drivers/dma/libdrivers__dma.a(dma_stm32.c.obj)
 .text.dma_stm32_dump_stream_irq
                0x000000000800f71c        0xc zephyr/drivers/dma/libdrivers__dma.a(dma_stm32.c.obj)
 .text.dma_stm32_clear_stream_irq
                0x000000000800f728       0x20 zephyr/drivers/dma/libdrivers__dma.a(dma_stm32.c.obj)
 .text.dma_stm32_irq_0_0
                0x000000000800f748        0xa zephyr/drivers/dma/libdrivers__dma.a(dma_stm32.c.obj)
 .text.dma_stm32_irq_0_1
                0x000000000800f752        0xa zephyr/drivers/dma/libdrivers__dma.a(dma_stm32.c.obj)
 .text.dma_stm32_irq_0_2
                0x000000000800f75c        0xa zephyr/drivers/dma/libdrivers__dma.a(dma_stm32.c.obj)
 .text.dma_stm32_irq_0_3
                0x000000000800f766        0xa zephyr/drivers/dma/libdrivers__dma.a(dma_stm32.c.obj)
 .text.dma_stm32_irq_0_4
                0x000000000800f770        0xa zephyr/drivers/dma/libdrivers__dma.a(dma_stm32.c.obj)
 .text.dma_stm32_irq_0_5
                0x000000000800f77a        0xa zephyr/drivers/dma/libdrivers__dma.a(dma_stm32.c.obj)
 .text.dma_stm32_irq_0_6
                0x000000000800f784        0xa zephyr/drivers/dma/libdrivers__dma.a(dma_stm32.c.obj)
 .text.dma_stm32_disable_stream
                0x000000000800f78e       0x32 zephyr/drivers/dma/libdrivers__dma.a(dma_stm32.c.obj)
 .text.dma_stm32_start
                0x000000000800f7c0       0x26 zephyr/drivers/dma/libdrivers__dma.a(dma_stm32.c.obj)
 .text.LL_DMA_IsActiveFlag_GI1
                0x000000000800f7e6        0xc zephyr/drivers/dma/libdrivers__dma.a(dma_stm32_v2.c.obj)
 .text.LL_DMA_IsActiveFlag_GI2
                0x000000000800f7f2        0xc zephyr/drivers/dma/libdrivers__dma.a(dma_stm32_v2.c.obj)
 .text.LL_DMA_IsActiveFlag_GI3
                0x000000000800f7fe        0xc zephyr/drivers/dma/libdrivers__dma.a(dma_stm32_v2.c.obj)
 .text.LL_DMA_IsActiveFlag_GI4
                0x000000000800f80a        0xc zephyr/drivers/dma/libdrivers__dma.a(dma_stm32_v2.c.obj)
 .text.LL_DMA_IsActiveFlag_GI5
                0x000000000800f816        0xc zephyr/drivers/dma/libdrivers__dma.a(dma_stm32_v2.c.obj)
 .text.LL_DMA_IsActiveFlag_GI6
                0x000000000800f822        0xc zephyr/drivers/dma/libdrivers__dma.a(dma_stm32_v2.c.obj)
 .text.LL_DMA_IsActiveFlag_GI7
                0x000000000800f82e        0xc zephyr/drivers/dma/libdrivers__dma.a(dma_stm32_v2.c.obj)
 .text.LL_DMA_IsActiveFlag_TC1
                0x000000000800f83a        0xc zephyr/drivers/dma/libdrivers__dma.a(dma_stm32_v2.c.obj)
 .text.LL_DMA_IsActiveFlag_TC2
                0x000000000800f846        0xc zephyr/drivers/dma/libdrivers__dma.a(dma_stm32_v2.c.obj)
 .text.LL_DMA_IsActiveFlag_TC3
                0x000000000800f852        0xc zephyr/drivers/dma/libdrivers__dma.a(dma_stm32_v2.c.obj)
 .text.LL_DMA_IsActiveFlag_TC4
                0x000000000800f85e        0xc zephyr/drivers/dma/libdrivers__dma.a(dma_stm32_v2.c.obj)
 .text.LL_DMA_IsActiveFlag_TC5
                0x000000000800f86a        0xc zephyr/drivers/dma/libdrivers__dma.a(dma_stm32_v2.c.obj)
 .text.LL_DMA_IsActiveFlag_TC6
                0x000000000800f876        0xc zephyr/drivers/dma/libdrivers__dma.a(dma_stm32_v2.c.obj)
 .text.LL_DMA_IsActiveFlag_TC7
                0x000000000800f882        0xc zephyr/drivers/dma/libdrivers__dma.a(dma_stm32_v2.c.obj)
 .text.LL_DMA_IsActiveFlag_HT1
                0x000000000800f88e        0xc zephyr/drivers/dma/libdrivers__dma.a(dma_stm32_v2.c.obj)
 .text.LL_DMA_IsActiveFlag_HT2
                0x000000000800f89a        0xc zephyr/drivers/dma/libdrivers__dma.a(dma_stm32_v2.c.obj)
 .text.LL_DMA_IsActiveFlag_HT3
                0x000000000800f8a6        0xc zephyr/drivers/dma/libdrivers__dma.a(dma_stm32_v2.c.obj)
 .text.LL_DMA_IsActiveFlag_HT4
                0x000000000800f8b2        0xc zephyr/drivers/dma/libdrivers__dma.a(dma_stm32_v2.c.obj)
 .text.LL_DMA_IsActiveFlag_HT5
                0x000000000800f8be        0xc zephyr/drivers/dma/libdrivers__dma.a(dma_stm32_v2.c.obj)
 .text.LL_DMA_IsActiveFlag_HT6
                0x000000000800f8ca        0xc zephyr/drivers/dma/libdrivers__dma.a(dma_stm32_v2.c.obj)
 .text.LL_DMA_IsActiveFlag_HT7
                0x000000000800f8d6        0xc zephyr/drivers/dma/libdrivers__dma.a(dma_stm32_v2.c.obj)
 .text.LL_DMA_IsActiveFlag_TE1
                0x000000000800f8e2        0xc zephyr/drivers/dma/libdrivers__dma.a(dma_stm32_v2.c.obj)
 .text.LL_DMA_IsActiveFlag_TE2
                0x000000000800f8ee        0xc zephyr/drivers/dma/libdrivers__dma.a(dma_stm32_v2.c.obj)
 .text.LL_DMA_IsActiveFlag_TE3
                0x000000000800f8fa        0xc zephyr/drivers/dma/libdrivers__dma.a(dma_stm32_v2.c.obj)
 .text.LL_DMA_IsActiveFlag_TE4
                0x000000000800f906        0xc zephyr/drivers/dma/libdrivers__dma.a(dma_stm32_v2.c.obj)
 .text.LL_DMA_IsActiveFlag_TE5
                0x000000000800f912        0xc zephyr/drivers/dma/libdrivers__dma.a(dma_stm32_v2.c.obj)
 .text.LL_DMA_IsActiveFlag_TE6
                0x000000000800f91e        0xc zephyr/drivers/dma/libdrivers__dma.a(dma_stm32_v2.c.obj)
 .text.LL_DMA_IsActiveFlag_TE7
                0x000000000800f92a        0xc zephyr/drivers/dma/libdrivers__dma.a(dma_stm32_v2.c.obj)
 .text.LL_DMA_ClearFlag_TC1
                0x000000000800f936        0x6 zephyr/drivers/dma/libdrivers__dma.a(dma_stm32_v2.c.obj)
 .text.LL_DMA_ClearFlag_TC2
                0x000000000800f93c        0x6 zephyr/drivers/dma/libdrivers__dma.a(dma_stm32_v2.c.obj)
 .text.LL_DMA_ClearFlag_TC3
                0x000000000800f942        0x8 zephyr/drivers/dma/libdrivers__dma.a(dma_stm32_v2.c.obj)
 .text.LL_DMA_ClearFlag_TC4
                0x000000000800f94a        0x8 zephyr/drivers/dma/libdrivers__dma.a(dma_stm32_v2.c.obj)
 .text.LL_DMA_ClearFlag_TC5
                0x000000000800f952        0x8 zephyr/drivers/dma/libdrivers__dma.a(dma_stm32_v2.c.obj)
 .text.LL_DMA_ClearFlag_TC6
                0x000000000800f95a        0x8 zephyr/drivers/dma/libdrivers__dma.a(dma_stm32_v2.c.obj)
 .text.LL_DMA_ClearFlag_TC7
                0x000000000800f962        0x8 zephyr/drivers/dma/libdrivers__dma.a(dma_stm32_v2.c.obj)
 .text.LL_DMA_ClearFlag_HT1
                0x000000000800f96a        0x6 zephyr/drivers/dma/libdrivers__dma.a(dma_stm32_v2.c.obj)
 .text.LL_DMA_ClearFlag_HT2
                0x000000000800f970        0x6 zephyr/drivers/dma/libdrivers__dma.a(dma_stm32_v2.c.obj)
 .text.LL_DMA_ClearFlag_HT3
                0x000000000800f976        0x8 zephyr/drivers/dma/libdrivers__dma.a(dma_stm32_v2.c.obj)
 .text.LL_DMA_ClearFlag_HT4
                0x000000000800f97e        0x8 zephyr/drivers/dma/libdrivers__dma.a(dma_stm32_v2.c.obj)
 .text.LL_DMA_ClearFlag_HT5
                0x000000000800f986        0x8 zephyr/drivers/dma/libdrivers__dma.a(dma_stm32_v2.c.obj)
 .text.LL_DMA_ClearFlag_HT6
                0x000000000800f98e        0x8 zephyr/drivers/dma/libdrivers__dma.a(dma_stm32_v2.c.obj)
 .text.LL_DMA_ClearFlag_HT7
                0x000000000800f996        0x8 zephyr/drivers/dma/libdrivers__dma.a(dma_stm32_v2.c.obj)
 .text.LL_DMA_ClearFlag_TE1
                0x000000000800f99e        0x6 zephyr/drivers/dma/libdrivers__dma.a(dma_stm32_v2.c.obj)
 .text.LL_DMA_ClearFlag_TE2
                0x000000000800f9a4        0x6 zephyr/drivers/dma/libdrivers__dma.a(dma_stm32_v2.c.obj)
 .text.LL_DMA_ClearFlag_TE3
                0x000000000800f9aa        0x8 zephyr/drivers/dma/libdrivers__dma.a(dma_stm32_v2.c.obj)
 .text.LL_DMA_ClearFlag_TE4
                0x000000000800f9b2        0x8 zephyr/drivers/dma/libdrivers__dma.a(dma_stm32_v2.c.obj)
 .text.LL_DMA_ClearFlag_TE5
                0x000000000800f9ba        0x8 zephyr/drivers/dma/libdrivers__dma.a(dma_stm32_v2.c.obj)
 .text.LL_DMA_ClearFlag_TE6
                0x000000000800f9c2        0x8 zephyr/drivers/dma/libdrivers__dma.a(dma_stm32_v2.c.obj)
 .text.LL_DMA_ClearFlag_TE7
                0x000000000800f9ca        0x8 zephyr/drivers/dma/libdrivers__dma.a(dma_stm32_v2.c.obj)
 .text.stm32_dma_clear_stream_irq
                0x000000000800f9d2        0x8 zephyr/drivers/dma/libdrivers__dma.a(dma_stm32_v2.c.obj)
                0x000000000800f9d2                stm32_dma_clear_stream_irq
 .text.stm32_dma_is_unexpected_irq_happened
                0x000000000800f9da        0x4 zephyr/drivers/dma/libdrivers__dma.a(dma_stm32_v2.c.obj)
                0x000000000800f9da                stm32_dma_is_unexpected_irq_happened
 .text.gpio_stm32_isr
                0x000000000800f9de       0x3a zephyr/drivers/gpio/libdrivers__gpio.a(gpio_stm32.c.obj)
 .text.gpio_stm32_flags_to_conf
                0x000000000800fa18       0x76 zephyr/drivers/gpio/libdrivers__gpio.a(gpio_stm32.c.obj)
 .text.gpio_stm32_port_get_raw
                0x000000000800fa8e        0xc zephyr/drivers/gpio/libdrivers__gpio.a(gpio_stm32.c.obj)
 .text.gpio_stm32_port_set_masked_raw
                0x000000000800fa9a       0x12 zephyr/drivers/gpio/libdrivers__gpio.a(gpio_stm32.c.obj)
 .text.gpio_stm32_port_set_bits_raw
                0x000000000800faac        0xa zephyr/drivers/gpio/libdrivers__gpio.a(gpio_stm32.c.obj)
 .text.gpio_stm32_port_clear_bits_raw
                0x000000000800fab6        0xa zephyr/drivers/gpio/libdrivers__gpio.a(gpio_stm32.c.obj)
 .text.gpio_stm32_port_toggle_bits
                0x000000000800fac0        0xe zephyr/drivers/gpio/libdrivers__gpio.a(gpio_stm32.c.obj)
 .text.gpio_stm32_manage_callback
                0x000000000800face       0x72 zephyr/drivers/gpio/libdrivers__gpio.a(gpio_stm32.c.obj)
 .text.gpio_stm32_configure_raw
                0x000000000800fb40      0x148 zephyr/drivers/gpio/libdrivers__gpio.a(gpio_stm32.c.obj)
 .text.gpio_stm32_config
                0x000000000800fc88       0x52 zephyr/drivers/gpio/libdrivers__gpio.a(gpio_stm32.c.obj)
 .text.gpio_stm32_init